<html>
<body>
<pre>
<h1>µVision Build Log</h1>
<h2>Tool Versions:</h2>
IDE-Version: ¦ÌVision V5.41.0.0
Copyright (C) 2024 ARM Ltd and ARM Germany GmbH. All rights reserved.
License Information: 1 201259908@qq.com, 2, LIC=X96CK-Z3LAC-TGL7T-RRWY1-02QW9-BELG4
 
Tool Versions:
Toolchain:       MDK-ARM Plus  Version: 5.41.0.0
Toolchain Path:  D:\Code_Constructor\Keil\Core\ARM\ARMCLANG\Bin
C Compiler:      ArmClang.exe V6.22
Assembler:       Armasm.exe V6.22
Linker/Locator:  ArmLink.exe V6.22
Library Manager: ArmAr.exe V6.22
Hex Converter:   FromElf.exe V6.22
CPU DLL:         SARMCM3.DLL V5.41.0.0
Dialog DLL:      DCM.DLL V1.17.5.0
Target DLL:      STLink\ST-LINKIII-KEIL_SWO.dll V3.3.0.0
Dialog DLL:      TCM.DLL V1.56.4.0
 
<h2>Project:</h2>
D:\Tasks\Current\F446V1.1\MDK-ARM\F446V1.1.uvprojx
Project File Date:  10/06/2024

<h2>Output:</h2>
*** Using Compiler 'V6.22', folder: 'D:\Code_Constructor\Keil\Core\ARM\ARMCLANG\Bin'
Build target 'F446V1.1'
../Core/Src/main.c(48): warning: initializing 'uint8_t *' (aka 'unsigned char *') with an expression of type 'char[4]' converts between pointers to integer types where one is of the unique plain 'char' type and the other is not [-Wpointer-sign]
   48 |         uint8_t *Sa="djw";
      |                  ^  ~~~~~
1 warning generated.
compiling main.c...
linking...
Program Size: Code=11318 RO-data=514 RW-data=16 ZI-data=1840  
FromELF: creating hex file...
"F446V1.1\F446V1.1" - 0 Error(s), 1 Warning(s).

<h2>Software Packages used:</h2>

Package Vendor: ARM
                https://www.keil.com/pack/ARM.CMSIS.6.1.0.pack
                ARM::CMSIS@6.1.0
                CMSIS (Common Microcontroller Software Interface Standard)
   * Component: CORE Version: 6.1.0

Package Vendor: Keil
                https://www.keil.com/pack/Keil.STM32F4xx_DFP.2.17.1.pack
                Keil::STM32F4xx_DFP@2.17.1
                STMicroelectronics STM32F4 Series Device Support, Drivers and Examples

<h2>Collection of Component include folders:</h2>
  ./RTE/_F446V1.1
  D:/Code_Constructor/Keil/Packs/ARM/CMSIS/6.1.0/CMSIS/Core/Include
  D:/Code_Constructor/Keil/Packs/Keil/STM32F4xx_DFP/2.17.1/Drivers/CMSIS/Device/ST/STM32F4xx/Include

<h2>Collection of Component Files used:</h2>

   * Component: ARM::CMSIS:CORE@6.1.0
      Include file:  CMSIS/Core/Include/tz_context.h
Build Time Elapsed:  00:00:00
</pre>
</body>
</html>
