<html>
<body>
<pre>
<h1>µVision Build Log</h1>
<h2>Tool Versions:</h2>
IDE-Version: ¦ÌVision V5.24.2.0
Copyright (C) 2017 ARM Ltd and ARM Germany GmbH. All rights reserved.
License Information: z w, w, LIC=FYKYW-QC0B4-01GP1-CP320-W1ZVS-PRPYM
 
Tool Versions:
Toolchain:       MDK-ARM Plus  Version: 5.24.1
Toolchain Path:  C:\app\keil5\ARM\ARMCLANG\Bin
C Compiler:      ArmClang.exe V6.7
Assembler:       Armasm.exe V6.7
Linker/Locator:  ArmLink.exe V6.7
Library Manager: ArmAr.exe V6.7
Hex Converter:   FromElf.exe V6.7
CPU DLL:         SARMCM3.DLL V5.24.1
Dialog DLL:      DCM.DLL V1.16.0.0
Target DLL:      STLink\ST-LINKIII-KEIL_SWO.dll V3.0.1.0
Dialog DLL:      TCM.DLL V1.32.0.0
 
<h2>Project:</h2>
C:\Users\ZhuanZ\Desktop\RM\zwd\group3\F446V1.1\MDK-ARM\F446V1.1.uvprojx
Project File Date:  10/15/2024

<h2>Output:</h2>
*** Using Compiler 'V6.7', folder: 'C:\app\keil5\ARM\ARMCLANG\Bin'
Rebuild target 'F446V1.1'
assembling startup_stm32f446xx.s...
compiling stm32f4xx_hal_can.c...
compiling stm32f4xx_it.c...
compiling stm32f4xx_hal_rcc.c...
compiling system_stm32f4xx.c...
compiling can.c...
compiling usart.c...
compiling stm32f4xx_hal_msp.c...
compiling stm32f4xx_hal_rcc_ex.c...
compiling gpio.c...
../Core/Src/main.c(48): warning: initializing 'uint8_t *' (aka 'unsigned char *') with an expression of type 'char [4]' converts between pointers to integer types with different sign [-Wpointer-sign]
        uint8_t *Sa="djw";
                 ^  ~~~~~
1 warning generated.
compiling main.c...
../Hardware/C620_CAN.c(127): warning: control may reach end of non-void function [-Wreturn-type]
}
^
1 warning generated.
compiling C620_CAN.c...
compiling stm32f4xx_hal_flash_ramfunc.c...
compiling stm32f4xx_hal_flash.c...
compiling stm32f4xx_hal_gpio.c...
compiling stm32f4xx_hal_dma_ex.c...
compiling stm32f4xx_hal_dma.c...
compiling stm32f4xx_hal_pwr_ex.c...
compiling stm32f4xx_hal_exti.c...
compiling stm32f4xx_hal_flash_ex.c...
compiling stm32f4xx_hal_cortex.c...
compiling stm32f4xx_hal.c...
compiling stm32f4xx_hal_pwr.c...
compiling stm32f4xx_hal_tim.c...
compiling stm32f4xx_hal_tim_ex.c...
compiling stm32f4xx_hal_uart.c...
linking...
Program Size: Code=12416 RO-data=512 RW-data=16 ZI-data=1840  
FromELF: creating hex file...
"F446V1.1\F446V1.1" - 0 Error(s), 2 Warning(s).

<h2>Software Packages used:</h2>

Package Vendor: ARM
                http://www.keil.com/pack/ARM.CMSIS.5.0.1.pack
                ARM.CMSIS.5.0.1
                CMSIS (Cortex Microcontroller Software Interface Standard)
   * Component: CORE Version: 5.0.1

Package Vendor: Keil
                https://www.keil.com/pack/Keil.STM32F4xx_DFP.2.17.1.pack
                Keil.STM32F4xx_DFP.2.17.1
                STMicroelectronics STM32F4 Series Device Support, Drivers and Examples

<h2>Collection of Component include folders:</h2>
  .\RTE\_F446V1.1
  C:\app\keil5\ARM\PACK\ARM\CMSIS\5.0.1\CMSIS\Include
  C:\app\keil5\ARM\PACK\Keil\STM32F4xx_DFP\2.17.1\Drivers\CMSIS\Device\ST\STM32F4xx\Include

<h2>Collection of Component Files used:</h2>

   * Component: ARM::CMSIS:CORE:5.0.1
Build Time Elapsed:  00:00:04
</pre>
</body>
</html>
