Component: ARM Compiler 5.06 update 5 (build 528) Tool: armlink [4d35e2]

==============================================================================

Section Cross References

    startup_stm32f427xx.o(STACK) refers (Special) to heapauxi.o(.text) for __use_two_region_memory
    startup_stm32f427xx.o(HEAP) refers (Special) to heapauxi.o(.text) for __use_two_region_memory
    startup_stm32f427xx.o(RESET) refers (Special) to heapauxi.o(.text) for __use_two_region_memory
    startup_stm32f427xx.o(RESET) refers to startup_stm32f427xx.o(STACK) for __initial_sp
    startup_stm32f427xx.o(RESET) refers to startup_stm32f427xx.o(.text) for Reset_Handler
    startup_stm32f427xx.o(RESET) refers to stm32f4xx_it.o(i.NMI_Handler) for NMI_Handler
    startup_stm32f427xx.o(RESET) refers to stm32f4xx_it.o(i.HardFault_Handler) for HardFault_Handler
    startup_stm32f427xx.o(RESET) refers to stm32f4xx_it.o(i.MemManage_Handler) for MemManage_Handler
    startup_stm32f427xx.o(RESET) refers to stm32f4xx_it.o(i.BusFault_Handler) for BusFault_Handler
    startup_stm32f427xx.o(RESET) refers to stm32f4xx_it.o(i.UsageFault_Handler) for UsageFault_Handler
    startup_stm32f427xx.o(RESET) refers to stm32f4xx_it.o(i.SVC_Handler) for SVC_Handler
    startup_stm32f427xx.o(RESET) refers to stm32f4xx_it.o(i.DebugMon_Handler) for DebugMon_Handler
    startup_stm32f427xx.o(RESET) refers to stm32f4xx_it.o(i.PendSV_Handler) for PendSV_Handler
    startup_stm32f427xx.o(RESET) refers to stm32f4xx_it.o(i.SysTick_Handler) for SysTick_Handler
    startup_stm32f427xx.o(RESET) refers to stm32f4xx_it.o(i.CAN1_RX0_IRQHandler) for CAN1_RX0_IRQHandler
    startup_stm32f427xx.o(RESET) refers to stm32f4xx_it.o(i.TIM2_IRQHandler) for TIM2_IRQHandler
    startup_stm32f427xx.o(RESET) refers to stm32f4xx_it.o(i.DMA2_Stream2_IRQHandler) for DMA2_Stream2_IRQHandler
    startup_stm32f427xx.o(RESET) refers to stm32f4xx_it.o(i.CAN2_RX1_IRQHandler) for CAN2_RX1_IRQHandler
    startup_stm32f427xx.o(.text) refers (Special) to heapauxi.o(.text) for __use_two_region_memory
    startup_stm32f427xx.o(.text) refers to system_stm32f4xx.o(i.SystemInit) for SystemInit
    startup_stm32f427xx.o(.text) refers to __main.o(!!!main) for __main
    startup_stm32f427xx.o(.text) refers to startup_stm32f427xx.o(HEAP) for Heap_Mem
    startup_stm32f427xx.o(.text) refers to startup_stm32f427xx.o(STACK) for Stack_Mem
    can_user.o(i.HAL_CAN_RxFifo0MsgPendingCallback) refers to stm32f4xx_hal_can.o(i.HAL_CAN_GetRxMessage) for HAL_CAN_GetRxMessage
    can_user.o(i.HAL_CAN_RxFifo0MsgPendingCallback) refers to stm32f4xx_hal_gpio.o(i.HAL_GPIO_WritePin) for HAL_GPIO_WritePin
    can_user.o(i.HAL_CAN_RxFifo0MsgPendingCallback) refers to can.o(.bss) for hcan1
    can_user.o(i.HAL_CAN_RxFifo0MsgPendingCallback) refers to main.o(.bss) for motor_recieve_dipan3508
    can_user.o(i.HAL_CAN_RxFifo1MsgPendingCallback) refers to stm32f4xx_hal_can.o(i.HAL_CAN_GetRxMessage) for HAL_CAN_GetRxMessage
    can_user.o(i.HAL_CAN_RxFifo1MsgPendingCallback) refers to can.o(.bss) for hcan2
    can_user.o(i.HAL_CAN_RxFifo1MsgPendingCallback) refers to main.o(.bss) for motor_recieve_yuntai3508
    can_user.o(i._Z15can_filter_initv) refers to stm32f4xx_hal_can.o(i.HAL_CAN_ConfigFilter) for HAL_CAN_ConfigFilter
    can_user.o(i._Z15can_filter_initv) refers to stm32f4xx_hal_can.o(i.HAL_CAN_Start) for HAL_CAN_Start
    can_user.o(i._Z15can_filter_initv) refers to stm32f4xx_hal_can.o(i.HAL_CAN_ActivateNotification) for HAL_CAN_ActivateNotification
    can_user.o(i._Z15can_filter_initv) refers to can.o(.bss) for hcan1
    can_user.o(i._Z16can_filter2_initv) refers to stm32f4xx_hal_can.o(i.HAL_CAN_ConfigFilter) for HAL_CAN_ConfigFilter
    can_user.o(i._Z16can_filter2_initv) refers to stm32f4xx_hal_can.o(i.HAL_CAN_Start) for HAL_CAN_Start
    can_user.o(i._Z16can_filter2_initv) refers to stm32f4xx_hal_can.o(i.HAL_CAN_ActivateNotification) for HAL_CAN_ActivateNotification
    can_user.o(i._Z16can_filter2_initv) refers to can.o(.bss) for hcan2
    can_user.o(i._Z23CAN_cmd_angle_6020motorPsP13motor_recieve) refers to pid.o(i._Z10pid_outputP3PIDss) for pid_output(PID*, short, short)
    can_user.o(i._Z23CAN_cmd_angle_6020motorPsP13motor_recieve) refers to can_user.o(i._Z25CAN_cmd_current_6020motorssss) for CAN_cmd_current_6020motor(short, short, short, short)
    can_user.o(i._Z23CAN_cmd_angle_6020motorPsP13motor_recieve) refers to pid.o(.data) for pid_yuntai6020_angle
    can_user.o(i._Z23CAN_cmd_speed_3508motorPsP13motor_recieve) refers to pid.o(i._Z10pid_outputP3PIDss) for pid_output(PID*, short, short)
    can_user.o(i._Z23CAN_cmd_speed_3508motorPsP13motor_recieve) refers to can_user.o(i._Z25CAN_cmd_current_3508motorssss) for CAN_cmd_current_3508motor(short, short, short, short)
    can_user.o(i._Z23CAN_cmd_speed_3508motorPsP13motor_recieve) refers to pid.o(.data) for pid_dipan3508
    can_user.o(i._Z23CAN_cmd_speed_3508motorPsP13motor_recieve) refers to can_user.o(.data) for motor_currnt
[...]
    ..\\Hardware\\can_user.c                 0x00000000   Number         0  can_user.o ABSOLUTE
    ..\\Hardware\\dipan_control.c            0x00000000   Number         0  dipan_control.o ABSOLUTE
    ..\\Hardware\\dipan_gensui.c             0x00000000   Number         0  dipan_gensui.o ABSOLUTE
    ..\\Hardware\\pid.c                      0x00000000   Number         0  pid.o ABSOLUTE
    ..\\Hardware\\yaokong.c                  0x00000000   Number         0  yaokong.o ABSOLUTE
    dc.s                                     0x00000000   Number         0  dc.o ABSOLUTE
    startup_stm32f427xx.s                    0x00000000   Number         0  startup_stm32f427xx.o ABSOLUTE
    RESET                                    0x08000000   Section      428  startup_stm32f427xx.o(RESET)
    !!!main                                  0x080001ac   Section        8  __main.o(!!!main)
    !!!scatter                               0x080001b4   Section       52  __scatter.o(!!!scatter)
    !!dczerorl2                              0x080001e8   Section       90  __dczerorl2.o(!!dczerorl2)
    !!handler_zi                             0x08000244   Section       28  __scatter_zi.o(!!handler_zi)
    .ARM.Collect$$libinit$$00000000          0x08000260   Section        2  libinit.o(.ARM.Collect$$libinit$$00000000)
    .ARM.Collect$$libinit$$00000001          0x08000262   Section        4  libinit2.o(.ARM.Collect$$libinit$$00000001)
    .ARM.Collect$$libinit$$00000004          0x08000266   Section        0  libinit2.o(.ARM.Collect$$libinit$$00000004)
    .ARM.Collect$$libinit$$0000000A          0x08000266   Section        0  libinit2.o(.ARM.Collect$$libinit$$0000000A)
    .ARM.Collect$$libinit$$0000000C          0x08000266   Section        0  libinit2.o(.ARM.Collect$$libinit$$0000000C)
    .ARM.Collect$$libinit$$0000000E          0x08000266   Section        0  libinit2.o(.ARM.Collect$$libinit$$0000000E)
    .ARM.Collect$$libinit$$00000011          0x08000266   Section        0  libinit2.o(.ARM.Collect$$libinit$$00000011)
    .ARM.Collect$$libinit$$00000013          0x08000266   Section        0  libinit2.o(.ARM.Collect$$libinit$$00000013)
    .ARM.Collect$$libinit$$00000015          0x08000266   Section        0  libinit2.o(.ARM.Collect$$libinit$$00000015)
    .ARM.Collect$$libinit$$00000017          0x08000266   Section        0  libinit2.o(.ARM.Collect$$libinit$$00000017)
    .ARM.Collect$$libinit$$00000019          0x08000266   Section        0  libinit2.o(.ARM.Collect$$libinit$$00000019)
    .ARM.Collect$$libinit$$0000001B          0x08000266   Section        0  libinit2.o(.ARM.Collect$$libinit$$0000001B)
    .ARM.Collect$$libinit$$0000001D          0x08000266   Section        0  libinit2.o(.ARM.Collect$$libinit$$0000001D)
    .ARM.Collect$$libinit$$0000001F          0x08000266   Section        0  libinit2.o(.ARM.Collect$$libinit$$0000001F)
    .ARM.Collect$$libinit$$00000021          0x08000266   Section        0  libinit2.o(.ARM.Collect$$libinit$$00000021)
    .ARM.Collect$$libinit$$00000023          0x08000266   Section        0  libinit2.o(.ARM.Collect$$libinit$$00000023)
    .ARM.Collect$$libinit$$00000025          0x08000266   Section        0  libinit2.o(.ARM.Collect$$libinit$$00000025)
    .ARM.Collect$$libinit$$0000002C          0x08000266   Section        0  libinit2.o(.ARM.Collect$$libinit$$0000002C)
    .ARM.Collect$$libinit$$0000002E          0x08000266   Section        0  libinit2.o(.ARM.Collect$$libinit$$0000002E)
    .ARM.Collect$$libinit$$00000030          0x08000266   Section        0  libinit2.o(.ARM.Collect$$libinit$$00000030)
    .ARM.Collect$$libinit$$00000032          0x08000266   Section        0  libinit2.o(.ARM.Collect$$libinit$$00000032)
    .ARM.Collect$$libinit$$00000033          0x08000266   Section        2  libinit2.o(.ARM.Collect$$libinit$$00000033)
    .ARM.Collect$$libshutdown$$00000000      0x08000268   Section        2  libshutdown.o(.ARM.Collect$$libshutdown$$00000000)
    .ARM.Collect$$libshutdown$$00000002      0x0800026a   Section        0  libshutdown2.o(.ARM.Collect$$libshutdown$$00000002)
    .ARM.Collect$$libshutdown$$00000004      0x0800026a   Section        0  libshutdown2.o(.ARM.Collect$$libshutdown$$00000004)
    .ARM.Collect$$libshutdown$$00000007      0x0800026a   Section        0  libshutdown2.o(.ARM.Collect$$libshutdown$$00000007)
    .ARM.Collect$$libshutdown$$0000000A      0x0800026a   Section        0  libshutdown2.o(.ARM.Collect$$libshutdown$$0000000A)
    .ARM.Collect$$libshutdown$$0000000C      0x0800026a   Section        0  libshutdown2.o(.ARM.Collect$$libshutdown$$0000000C)
    .ARM.Collect$$libshutdown$$0000000F      0x0800026a   Section        0  libshutdown2.o(.ARM.Collect$$libshutdown$$0000000F)
    .ARM.Collect$$libshutdown$$00000010      0x0800026a   Section        2  libshutdown2.o(.ARM.Collect$$libshutdown$$00000010)
    .ARM.Collect$$rtentry$$00000000          0x0800026c   Section        0  __rtentry.o(.ARM.Collect$$rtentry$$00000000)
    .ARM.Collect$$rtentry$$00000002          0x0800026c   Section        0  __rtentry2.o(.ARM.Collect$$rtentry$$00000002)
    .ARM.Collect$$rtentry$$00000004          0x0800026c   Section        6  __rtentry4.o(.ARM.Collect$$rtentry$$00000004)
    .ARM.Collect$$rtentry$$00000009          0x08000272   Section        0  __rtentry2.o(.ARM.Collect$$rtentry$$00000009)
    .ARM.Collect$$rtentry$$0000000A          0x08000272   Section        4  __rtentry2.o(.ARM.Collect$$rtentry$$0000000A)
    .ARM.Collect$$rtentry$$0000000C          0x08000276   Section        0  __rtentry2.o(.ARM.Collect$$rtentry$$0000000C)
    .ARM.Collect$$rtentry$$0000000D          0x08000276   Section        8  __rtentry2.o(.ARM.Collect$$rtentry$$0000000D)
    .ARM.Collect$$rtexit$$00000000           0x0800027e   Section        2  rtexit.o(.ARM.Collect$$rtexit$$00000000)
    .ARM.Collect$$rtexit$$00000002           0x08000280   Section        0  rtexit2.o(.ARM.Collect$$rtexit$$00000002)
    .ARM.Collect$$rtexit$$00000003           0x08000280   Section        4  rtexit2.o(.ARM.Collect$$rtexit$$00000003)
    .ARM.Collect$$rtexit$$00000004           0x08000284   Section        6  rtexit2.o(.ARM.Collect$$rtexit$$00000004)
    .text                                    0x0800028c   Section       64  startup_stm32f427xx.o(.text)
    $v0                                      0x0800028c   Number         0  startup_stm32f427xx.o(.text)
    .text                                    0x080002cc   Section      238  lludivv7m.o(.text)
    .text                                    0x080003ba   Section      138  rt_memcpy_v6.o(.text)
    .text                                    0x08000444   Section       78  rt_memclr_w.o(.text)
    .text                                    0x08000492   Section        0  heapauxi.o(.text)
    .text                                    0x08000498   Section      100  rt_memcpy_w.o(.text)
    .text                                    0x080004fc   Section       74  sys_stackheap_outer.o(.text)
    .text                                    0x08000546   Section        0  exit.o(.text)
    .text                                    0x08000558   Section        8  libspace.o(.text)
    .text                                    0x08000560   Section        0  sys_exit.o(.text)
    .text                                    0x0800056c   Section        2  use_no_semi.o(.text)
    .text                                    0x0800056e   Section        0  indicate_semi.o(.text)
    i.BusFault_Handler                       0x0800056e   Section        0  stm32f4xx_it.o(i.BusFault_Handler)
    i.CAN1_RX0_IRQHandler                    0x08000574   Section        0  stm32f4xx_it.o(i.CAN1_RX0_IRQHandler)
    i.CAN2_RX1_IRQHandler                    0x08000584   Section        0  stm32f4xx_it.o(i.CAN2_RX1_IRQHandler)
    i.DMA2_Stream2_IRQHandler                0x08000594   Section        0  stm32f4xx_it.o(i.DMA2_Stream2_IRQHandler)
    i.DebugMon_Handler                       0x080005a4   Section        0  stm32f4xx_it.o(i.DebugMon_Handler)
    i.Error_Handler                          0x080005a6   Section        0  main.o(i.Error_Handler)
    i.HAL_CAN_ActivateNotification           0x080005ac   Section        0  stm32f4xx_hal_can.o(i.HAL_CAN_ActivateNotification)
    i.HAL_CAN_AddTxMessage                   0x080005d6   Section        0  stm32f4xx_hal_can.o(i.HAL_CAN_AddTxMessage)
    i.HAL_CAN_ConfigFilter                   0x08000720   Section        0  stm32f4xx_hal_can.o(i.HAL_CAN_ConfigFilter)
    i.HAL_CAN_ErrorCallback                  0x08000844   Section        0  stm32f4xx_hal_can.o(i.HAL_CAN_ErrorCallback)
    i.HAL_CAN_GetRxMessage                   0x08000846   Section        0  stm32f4xx_hal_can.o(i.HAL_CAN_GetRxMessage)
    i.HAL_CAN_IRQHandler                     0x080009da   Section        0  stm32f4xx_hal_can.o(i.HAL_CAN_IRQHandler)
    i.HAL_CAN_Init                           0x08000c28   Section        0  stm32f4xx_hal_can.o(i.HAL_CAN_Init)
    i.HAL_CAN_MspInit                        0x08000d9c   Section        0  can.o(i.HAL_CAN_MspInit)
    i.HAL_CAN_RxFifo0FullCallback            0x08000ef4   Section        0  stm32f4xx_hal_can.o(i.HAL_CAN_RxFifo0FullCallback)
    i.HAL_CAN_RxFifo0MsgPendingCallback      0x08000ef8   Section        0  can_user.o(i.HAL_CAN_RxFifo0MsgPendingCallback)
    i.HAL_CAN_RxFifo1FullCallback            0x08000fb4   Section        0  stm32f4xx_hal_can.o(i.HAL_CAN_RxFifo1FullCallback)
    i.HAL_CAN_RxFifo1MsgPendingCallback      0x08000fb8   Section        0  can_user.o(i.HAL_CAN_RxFifo1MsgPendingCallback)
    i.HAL_CAN_SleepCallback                  0x08001010   Section        0  stm32f4xx_hal_can.o(i.HAL_CAN_SleepCallback)
    i.HAL_CAN_Start                          0x08001012   Section        0  stm32f4xx_hal_can.o(i.HAL_CAN_Start)
    i.HAL_CAN_TxMailbox0AbortCallback        0x08001070   Section        0  stm32f4xx_hal_can.o(i.HAL_CAN_TxMailbox0AbortCallback)
    i.HAL_CAN_TxMailbox0CompleteCallback     0x08001072   Section        0  stm32f4xx_hal_can.o(i.HAL_CAN_TxMailbox0CompleteCallback)
    i.HAL_CAN_TxMailbox1AbortCallback        0x08001074   Section        0  stm32f4xx_hal_can.o(i.HAL_CAN_TxMailbox1AbortCallback)
    i.HAL_CAN_TxMailbox1CompleteCallback     0x08001076   Section        0  stm32f4xx_hal_can.o(i.HAL_CAN_TxMailbox1CompleteCallback)
    i.HAL_CAN_TxMailbox2AbortCallback        0x08001078   Section        0  stm32f4xx_hal_can.o(i.HAL_CAN_TxMailbox2AbortCallback)
    i.HAL_CAN_TxMailbox2CompleteCallback     0x0800107a   Section        0  stm32f4xx_hal_can.o(i.HAL_CAN_TxMailbox2CompleteCallback)
    i.HAL_CAN_WakeUpFromRxMsgCallback        0x0800107c   Section        0  stm32f4xx_hal_can.o(i.HAL_CAN_WakeUpFromRxMsgCallback)
    i.HAL_DMA_IRQHandler                     0x08001080   Section        0  stm32f4xx_hal_dma.o(i.HAL_DMA_IRQHandler)
    i.HAL_DMA_Init                           0x080012c0   Section        0  stm32f4xx_hal_dma.o(i.HAL_DMA_Init)
    i.HAL_DMA_Start_IT                       0x080013ac   Section        0  stm32f4xx_hal_dma.o(i.HAL_DMA_Start_IT)
    i.HAL_Delay                              0x08001440   Section        0  stm32f4xx_hal.o(i.HAL_Delay)
    i.HAL_GPIO_Init                          0x08001468   Section        0  stm32f4xx_hal_gpio.o(i.HAL_GPIO_Init)
    i.HAL_GPIO_WritePin                      0x08001674   Section        0  stm32f4xx_hal_gpio.o(i.HAL_GPIO_WritePin)
    i.HAL_GetTick                            0x08001680   Section        0  stm32f4xx_hal.o(i.HAL_GetTick)
    i.HAL_IncTick                            0x0800168c   Section        0  stm32f4xx_hal.o(i.HAL_IncTick)
    i.HAL_Init                               0x080016a4   Section        0  stm32f4xx_hal.o(i.HAL_Init)
    i.HAL_InitTick                           0x080016e0   Section        0  stm32f4xx_hal.o(i.HAL_InitTick)
    i.HAL_MspInit                            0x0800172c   Section        0  stm32f4xx_hal_msp.o(i.HAL_MspInit)
    i.HAL_NVIC_EnableIRQ                     0x08001770   Section        0  stm32f4xx_hal_cortex.o(i.HAL_NVIC_EnableIRQ)
    i.HAL_NVIC_SetPriority                   0x08001798   Section        0  stm32f4xx_hal_cortex.o(i.HAL_NVIC_SetPriority)
    i.HAL_NVIC_SetPriorityGrouping           0x08001814   Section        0  stm32f4xx_hal_cortex.o(i.HAL_NVIC_SetPriorityGrouping)
    i.HAL_RCC_ClockConfig                    0x0800183c   Section        0  stm32f4xx_hal_rcc.o(i.HAL_RCC_ClockConfig)
    i.HAL_RCC_GetHCLKFreq                    0x080019c0   Section        0  stm32f4xx_hal_rcc.o(i.HAL_RCC_GetHCLKFreq)
    i.HAL_RCC_GetPCLK1Freq                   0x080019cc   Section        0  stm32f4xx_hal_rcc.o(i.HAL_RCC_GetPCLK1Freq)
    i.HAL_RCC_GetPCLK2Freq                   0x080019ec   Section        0  stm32f4xx_hal_rcc.o(i.HAL_RCC_GetPCLK2Freq)
    i.HAL_RCC_GetSysClockFreq                0x08001a0c   Section        0  stm32f4xx_hal_rcc.o(i.HAL_RCC_GetSysClockFreq)
    i.HAL_RCC_OscConfig                      0x08001abc   Section        0  stm32f4xx_hal_rcc.o(i.HAL_RCC_OscConfig)
    i.HAL_SYSTICK_Config                     0x08001f58   Section        0  stm32f4xx_hal_cortex.o(i.HAL_SYSTICK_Config)
    i.HAL_TIMEx_BreakCallback                0x08001f8c   Section        0  stm32f4xx_hal_tim_ex.o(i.HAL_TIMEx_BreakCallback)
    i.HAL_TIMEx_CommutCallback               0x08001f8e   Section        0  stm32f4xx_hal_tim_ex.o(i.HAL_TIMEx_CommutCallback)
    i.HAL_TIMEx_MasterConfigSynchronization  0x08001f90   Section        0  stm32f4xx_hal_tim_ex.o(i.HAL_TIMEx_MasterConfigSynchronization)
    i.HAL_TIM_Base_Init                      0x08002044   Section        0  stm32f4xx_hal_tim.o(i.HAL_TIM_Base_Init)
    i.HAL_TIM_Base_MspInit                   0x080020ac   Section        0  tim.o(i.HAL_TIM_Base_MspInit)
    i.HAL_TIM_Base_Start_IT                  0x080020ec   Section        0  stm32f4xx_hal_tim.o(i.HAL_TIM_Base_Start_IT)
    i.HAL_TIM_ConfigClockSource              0x08002194   Section        0  stm32f4xx_hal_tim.o(i.HAL_TIM_ConfigClockSource)
    i.HAL_TIM_IC_CaptureCallback             0x080022a0   Section        0  stm32f4xx_hal_tim.o(i.HAL_TIM_IC_CaptureCallback)
    i.HAL_TIM_IRQHandler                     0x080022a2   Section        0  stm32f4xx_hal_tim.o(i.HAL_TIM_IRQHandler)
    i.HAL_TIM_OC_DelayElapsedCallback        0x0800240e   Section        0  stm32f4xx_hal_tim.o(i.HAL_TIM_OC_DelayElapsedCallback)
    i.HAL_TIM_PWM_PulseFinishedCallback      0x08002410   Section        0  stm32f4xx_hal_tim.o(i.HAL_TIM_PWM_PulseFinishedCallback)
    i.HAL_TIM_PeriodElapsedCallback          0x08002414   Section        0  yaokong.o(i.HAL_TIM_PeriodElapsedCallback)
    i.HAL_TIM_TriggerCallback                0x08002454   Section        0  stm32f4xx_hal_tim.o(i.HAL_TIM_TriggerCallback)
    i.HAL_UARTEx_ReceiveToIdle_DMA           0x08002456   Section        0  stm32f4xx_hal_uart.o(i.HAL_UARTEx_ReceiveToIdle_DMA)
    i.HAL_UARTEx_RxEventCallback             0x080024c8   Section        0  yaokong.o(i.HAL_UARTEx_RxEventCallback)
    i.HAL_UART_ErrorCallback                 0x08002618   Section        0  stm32f4xx_hal_uart.o(i.HAL_UART_ErrorCallback)
    i.HAL_UART_Init                          0x0800261a   Section        0  stm32f4xx_hal_uart.o(i.HAL_UART_Init)
    i.HAL_UART_MspInit                       0x08002690   Section        0  usart.o(i.HAL_UART_MspInit)
    i.HAL_UART_RxCpltCallback                0x0800275c   Section        0  stm32f4xx_hal_uart.o(i.HAL_UART_RxCpltCallback)
    i.HAL_UART_RxHalfCpltCallback            0x0800275e   Section        0  stm32f4xx_hal_uart.o(i.HAL_UART_RxHalfCpltCallback)
    i.HardFault_Handler                      0x08002760   Section        0  stm32f4xx_it.o(i.HardFault_Handler)
    i.MX_CAN1_Init                           0x08002764   Section        0  can.o(i.MX_CAN1_Init)
    i.MX_CAN2_Init                           0x080027a4   Section        0  can.o(i.MX_CAN2_Init)
    i.MX_DMA_Init                            0x080027e4   Section        0  dma.o(i.MX_DMA_Init)
    i.MX_GPIO_Init                           0x0800281c   Section        0  gpio.o(i.MX_GPIO_Init)
    i.MX_TIM2_Init                           0x08002898   Section        0  tim.o(i.MX_TIM2_Init)
    i.MX_USART1_UART_Init                    0x08002904   Section        0  usart.o(i.MX_USART1_UART_Init)
    i.MemManage_Handler                      0x08002944   Section        0  stm32f4xx_it.o(i.MemManage_Handler)
    i.NMI_Handler                            0x08002948   Section        0  stm32f4xx_it.o(i.NMI_Handler)
    i.PendSV_Handler                         0x0800294c   Section        0  stm32f4xx_it.o(i.PendSV_Handler)
    i.SVC_Handler                            0x0800294e   Section        0  stm32f4xx_it.o(i.SVC_Handler)
    i.SysTick_Handler                        0x08002950   Section        0  stm32f4xx_it.o(i.SysTick_Handler)
    i.SystemInit                             0x08002958   Section        0  system_stm32f4xx.o(i.SystemInit)
    i.TIM2_IRQHandler                        0x0800296c   Section        0  stm32f4xx_it.o(i.TIM2_IRQHandler)
    i.TIM_Base_SetConfig                     0x0800297c   Section        0  stm32f4xx_hal_tim.o(i.TIM_Base_SetConfig)
    i.TIM_ETR_SetConfig                      0x08002a64   Section        0  stm32f4xx_hal_tim.o(i.TIM_ETR_SetConfig)
    i.UART_Start_Receive_DMA                 0x08002a7c   Section        0  stm32f4xx_hal_uart.o(i.UART_Start_Receive_DMA)
    i.UsageFault_Handler                     0x08002b40   Section        0  stm32f4xx_it.o(i.UsageFault_Handler)
    i._Z10pid_outputP3PIDss                  0x08002b44   Section        0  pid.o(i._Z10pid_outputP3PIDss)
    i._Z13DMA_SetConfigP19__DMA_HandleTypeDefjjj 0x08002c38   Section        0  stm32f4xx_hal_dma.o(i._Z13DMA_SetConfigP19__DMA_HandleTypeDefjjj)
    DMA_SetConfig(__DMA_HandleTypeDef*, unsigned, unsigned, unsigned) 0x08002c39   Thumb Code    44  stm32f4xx_hal_dma.o(i._Z13DMA_SetConfigP19__DMA_HandleTypeDefjjj)
    i._Z13UART_DMAErrorP19__DMA_HandleTypeDef 0x08002c64   Section        0  stm32f4xx_hal_uart.o(i._Z13UART_DMAErrorP19__DMA_HandleTypeDef)
    UART_DMAError(__DMA_HandleTypeDef*)      0x08002c65   Thumb Code    80  stm32f4xx_hal_uart.o(i._Z13UART_DMAErrorP19__DMA_HandleTypeDef)
    i._Z14UART_SetConfigP20__UART_HandleTypeDef 0x08002cb4   Section        0  stm32f4xx_hal_uart.o(i._Z14UART_SetConfigP20__UART_HandleTypeDef)
    UART_SetConfig(__UART_HandleTypeDef*)    0x08002cb5   Thumb Code   546  stm32f4xx_hal_uart.o(i._Z14UART_SetConfigP20__UART_HandleTypeDef)
    i._Z15can_filter_initv                   0x08002ee0   Section        0  can_user.o(i._Z15can_filter_initv)
    i._Z16can_filter2_initv                  0x08002f20   Section        0  can_user.o(i._Z16can_filter2_initv)
    i._Z18DMA_CheckFifoParamP19__DMA_HandleTypeDef 0x08002f60   Section        0  stm32f4xx_hal_dma.o(i._Z18DMA_CheckFifoParamP19__DMA_HandleTypeDef)
    DMA_CheckFifoParam(__DMA_HandleTypeDef*) 0x08002f61   Thumb Code   170  stm32f4xx_hal_dma.o(i._Z18DMA_CheckFifoParamP19__DMA_HandleTypeDef)
    i._Z18SystemClock_Configv                0x0800300c   Section        0  main.o(i._Z18SystemClock_Configv)
    i._Z18TIM_ITRx_SetConfigP11TIM_TypeDefj  0x080030bc   Section        0  stm32f4xx_hal_tim.o(i._Z18TIM_ITRx_SetConfigP11TIM_TypeDefj)
    TIM_ITRx_SetConfig(TIM_TypeDef*, unsigned) 0x080030bd   Thumb Code    18  stm32f4xx_hal_tim.o(i._Z18TIM_ITRx_SetConfigP11TIM_TypeDefj)
    i._Z18UART_DMARxHalfCpltP19__DMA_HandleTypeDef 0x080030ce   Section        0  stm32f4xx_hal_uart.o(i._Z18UART_DMARxHalfCpltP19__DMA_HandleTypeDef)
    UART_DMARxHalfCplt(__DMA_HandleTypeDef*) 0x080030cf   Thumb Code    36  stm32f4xx_hal_uart.o(i._Z18UART_DMARxHalfCpltP19__DMA_HandleTypeDef)
    i._Z18UART_EndRxTransferP20__UART_HandleTypeDef 0x080030f2   Section        0  stm32f4xx_hal_uart.o(i._Z18UART_EndRxTransferP20__UART_HandleTypeDef)
    UART_EndRxTransfer(__UART_HandleTypeDef*) 0x080030f3   Thumb Code   108  stm32f4xx_hal_uart.o(i._Z18UART_EndRxTransferP20__UART_HandleTypeDef)
    i._Z18UART_EndTxTransferP20__UART_HandleTypeDef 0x0800315e   Section        0  stm32f4xx_hal_uart.o(i._Z18UART_EndTxTransferP20__UART_HandleTypeDef)
    UART_EndTxTransfer(__UART_HandleTypeDef*) 0x0800315f   Thumb Code    38  stm32f4xx_hal_uart.o(i._Z18UART_EndTxTransferP20__UART_HandleTypeDef)
    i._Z18__NVIC_SetPriority9IRQn_Typej      0x08003184   Section        0  stm32f4xx_hal_cortex.o(i._Z18__NVIC_SetPriority9IRQn_Typej)
    __NVIC_SetPriority(IRQn_Type, unsigned)  0x08003185   Thumb Code    32  stm32f4xx_hal_cortex.o(i._Z18__NVIC_SetPriority9IRQn_Typej)
    i._Z19UART_DMAReceiveCpltP19__DMA_HandleTypeDef 0x080031ac   Section        0  stm32f4xx_hal_uart.o(i._Z19UART_DMAReceiveCpltP19__DMA_HandleTypeDef)
    UART_DMAReceiveCplt(__DMA_HandleTypeDef*) 0x080031ad   Thumb Code   180  stm32f4xx_hal_uart.o(i._Z19UART_DMAReceiveCpltP19__DMA_HandleTypeDef)
    i._Z19dipan_speed_jiesuan8RC_Ctl_t       0x08003260   Section        0  dipan_control.o(i._Z19dipan_speed_jiesuan8RC_Ctl_t)
    i._Z23CAN_cmd_angle_6020motorPsP13motor_recieve 0x080033ec   Section        0  can_user.o(i._Z23CAN_cmd_angle_6020motorPsP13motor_recieve)
    i._Z23CAN_cmd_speed_3508motorPsP13motor_recieve 0x0800347c   Section        0  can_user.o(i._Z23CAN_cmd_speed_3508motorPsP13motor_recieve)
    i._Z23DMA_CalcBaseAndBitshiftP19__DMA_HandleTypeDef 0x080034d4   Section        0  stm32f4xx_hal_dma.o(i._Z23DMA_CalcBaseAndBitshiftP19__DMA_HandleTypeDef)
    DMA_CalcBaseAndBitshift(__DMA_HandleTypeDef*) 0x080034d5   Thumb Code    46  stm32f4xx_hal_dma.o(i._Z23DMA_CalcBaseAndBitshiftP19__DMA_HandleTypeDef)
    i._Z24TIM_TI1_ConfigInputStageP11TIM_TypeDefjj 0x08003508   Section        0  stm32f4xx_hal_tim.o(i._Z24TIM_TI1_ConfigInputStageP11TIM_TypeDefjj)
    TIM_TI1_ConfigInputStage(TIM_TypeDef*, unsigned, unsigned) 0x08003509   Thumb Code    38  stm32f4xx_hal_tim.o(i._Z24TIM_TI1_ConfigInputStageP11TIM_TypeDefjj)
    i._Z24TIM_TI2_ConfigInputStageP11TIM_TypeDefjj 0x0800352e   Section        0  stm32f4xx_hal_tim.o(i._Z24TIM_TI2_ConfigInputStageP11TIM_TypeDefjj)
    TIM_TI2_ConfigInputStage(TIM_TypeDef*, unsigned, unsigned) 0x0800352f   Thumb Code    40  stm32f4xx_hal_tim.o(i._Z24TIM_TI2_ConfigInputStageP11TIM_TypeDefjj)
    i._Z25CAN_cmd_current_3508motorssss      0x08003558   Section        0  can_user.o(i._Z25CAN_cmd_current_3508motorssss)
    i._Z25CAN_cmd_current_6020motorssss      0x080035a8   Section        0  can_user.o(i._Z25CAN_cmd_current_6020motorssss)
    i._Z26__NVIC_GetPriorityGroupingv        0x080035f8   Section        0  stm32f4xx_hal_cortex.o(i._Z26__NVIC_GetPriorityGroupingv)
    __NVIC_GetPriorityGrouping()             0x080035f9   Thumb Code    10  stm32f4xx_hal_cortex.o(i._Z26__NVIC_GetPriorityGroupingv)
    i.main                                   0x08003608   Section        0  main.o(i.main)
    x$fpl$dadd                               0x080036c4   Section      336  daddsub_clz.o(x$fpl$dadd)
    $v0                                      0x080036c4   Number         0  daddsub_clz.o(x$fpl$dadd)
    _dadd1                                   0x080036d5   Thumb Code     0  daddsub_clz.o(x$fpl$dadd)
    x$fpl$dfix                               0x08003814   Section       94  dfix.o(x$fpl$dfix)
    $v0                                      0x08003814   Number         0  dfix.o(x$fpl$dfix)
    x$fpl$dflt                               0x08003872   Section       46  dflt_clz.o(x$fpl$dflt)
    $v0                                      0x08003872   Number         0  dflt_clz.o(x$fpl$dflt)
    x$fpl$dmul                               0x080038a0   Section      340  dmul.o(x$fpl$dmul)
    $v0                                      0x080038a0   Number         0  dmul.o(x$fpl$dmul)
    x$fpl$dnaninf                            0x080039f4   Section      156  dnaninf.o(x$fpl$dnaninf)
    $v0                                      0x080039f4   Number         0  dnaninf.o(x$fpl$dnaninf)
    x$fpl$dretinf                            0x08003a90   Section       12  dretinf.o(x$fpl$dretinf)
    $v0                                      0x08003a90   Number         0  dretinf.o(x$fpl$dretinf)
    x$fpl$dsub                               0x08003a9c   Section      468  daddsub_clz.o(x$fpl$dsub)
    $v0                                      0x08003a9c   Number         0  daddsub_clz.o(x$fpl$dsub)
    _dsub1                                   0x08003aad   Thumb Code     0  daddsub_clz.o(x$fpl$dsub)
    x$fpl$fpinit                             0x08003c70   Section       10  fpinit.o(x$fpl$fpinit)
    $v0                                      0x08003c70   Number         0  fpinit.o(x$fpl$fpinit)
    .constdata                               0x08003c7a   Section        8  stm32f4xx_hal_dma.o(.constdata)
    x$fpl$usenofp                            0x08003c7a   Section        0  usenofp.o(x$fpl$usenofp)
    flagBitshiftOffset                       0x08003c7a   Data           8  stm32f4xx_hal_dma.o(.constdata)
    .constdata                               0x08003c82   Section       24  system_stm32f4xx.o(.constdata)
    .data                                    0x20000000   Section       42  can_user.o(.data)
    chassis_can_send_data                    0x20000000   Data           8  can_user.o(.data)
    yuntai6020_can_send_data                 0x20000010   Data           8  can_user.o(.data)
    yuntai3508_can_send_data                 0x20000018   Data           8  can_user.o(.data)
    single_yuntai3508_can_send_data          0x20000020   Data           8  can_user.o(.data)
    .data                                    0x2000002c   Section      336  pid.o(.data)
    .data                                    0x2000017c   Section       18  dipan_control.o(.data)
    .data                                    0x2000018e   Section        6  yaokong.o(.data)
    .data                                    0x20000194   Section       10  main.o(.data)
    .data                                    0x200001a0   Section        4  can.o(.data)
    HAL_RCC_CAN1_CLK_ENABLED                 0x200001a0   Data           4  can.o(.data)
    .data                                    0x200001a4   Section        9  stm32f4xx_hal.o(.data)
    .data                                    0x200001b0   Section        4  system_stm32f4xx.o(.data)
    .bss                                     0x200001b4   Section       96  can_user.o(.bss)
    chassis_tx_message                       0x200001b4   Data          24  can_user.o(.bss)
    yuntai6020_tx_message                    0x200001cc   Data          24  can_user.o(.bss)
    yuntai3508_tx_message                    0x200001e4   Data          24  can_user.o(.bss)
    single_yuntai3508_tx_message             0x200001fc   Data          24  can_user.o(.bss)
    .bss                                     0x20000214   Section      112  main.o(.bss)
    .bss                                     0x20000284   Section       80  can.o(.bss)
    .bss                                     0x200002d4   Section       72  tim.o(.bss)
    .bss                                     0x2000031c   Section      168  usart.o(.bss)
    .bss                                     0x200003c4   Section       96  libspace.o(.bss)
    HEAP                                     0x20000428   Section      512  startup_stm32f427xx.o(HEAP)
    Heap_Mem                                 0x20000428   Data         512  startup_stm32f427xx.o(HEAP)
    STACK                                    0x20000628   Section     1024  startup_stm32f427xx.o(STACK)
    Stack_Mem                                0x20000628   Data        1024  startup_stm32f427xx.o(STACK)
    __initial_sp                             0x20000a28   Data           0  startup_stm32f427xx.o(STACK)

    Global Symbols

    Symbol Name                              Value     Ov Type        Size  Object(Section)

    BuildAttributes$$THM_ISAv4$E$P$D$K$B$S$7EM$VFPi3$EXTD16$VFPS$VFMA$PE$A:L22UL41UL21$X:L11$S22US41US21$IEEE1$IW$USESV6$~STKCKD$USESV7$~SHL$OSPACE$ROPI$EBA8$UX$STANDARDLIB$REQ8$PRES8$EABIv2 0x00000000   Number         0  anon$$obj.o ABSOLUTE
    __ARM_use_no_argv                        0x00000000   Number         0  main.o ABSOLUTE
    __ARM_exceptions_init                     - Undefined Weak Reference
    __alloca_initialize                       - Undefined Weak Reference
    __arm_preinit_                            - Undefined Weak Reference
    __cpp_initialize__aeabi_                  - Undefined Weak Reference
    __cxa_finalize                            - Undefined Weak Reference
    __rt_locale                               - Undefined Weak Reference
    __sigvec_lookup                           - Undefined Weak Reference
    _atexit_init                              - Undefined Weak Reference
    _call_atexit_fns                          - Undefined Weak Reference
    _clock_init                               - Undefined Weak Reference
    _fp_trap_init                             - Undefined Weak Reference
    _fp_trap_shutdown                         - Undefined Weak Reference
    _get_lc_collate                           - Undefined Weak Reference
    _get_lc_ctype                             - Undefined Weak Reference
    _get_lc_monetary                          - Undefined Weak Reference
    _get_lc_numeric                           - Undefined Weak Reference
    _get_lc_time                              - Undefined Weak Reference
    _getenv_init                              - Undefined Weak Reference
    _handle_redirection                       - Undefined Weak Reference
    _init_alloc                               - Undefined Weak Reference
    _init_user_alloc                          - Undefined Weak Reference
    _initio                                   - Undefined Weak Reference
    _rand_init                                - Undefined Weak Reference
    _signal_finish                            - Undefined Weak Reference
    _signal_init                              - Undefined Weak Reference
    _terminate_alloc                          - Undefined Weak Reference
    _terminate_user_alloc                     - Undefined Weak Reference
    _terminateio                              - Undefined Weak Reference
    __Vectors_Size                           0x000001ac   Number         0  startup_stm32f427xx.o ABSOLUTE
    __Vectors                                0x08000000   Data           4  startup_stm32f427xx.o(RESET)
    __Vectors_End                            0x080001ac   Data           0  startup_stm32f427xx.o(RESET)
    __main                                   0x080001ad   Thumb Code     8  __main.o(!!!main)
    __scatterload                            0x080001b5   Thumb Code     0  __scatter.o(!!!scatter)
    __scatterload_rt2                        0x080001b5   Thumb Code    44  __scatter.o(!!!scatter)
    __scatterload_rt2_thumb_only             0x080001b5   Thumb Code     0  __scatter.o(!!!scatter)
    __scatterload_null                       0x080001c3   Thumb Code     0  __scatter.o(!!!scatter)
    __decompress                             0x080001e9   Thumb Code    90  __dczerorl2.o(!!dczerorl2)
    __decompress1                            0x080001e9   Thumb Code     0  __dczerorl2.o(!!dczerorl2)
    __scatterload_zeroinit                   0x08000245   Thumb Code    28  __scatter_zi.o(!!handler_zi)
    __rt_lib_init                            0x08000261   Thumb Code     0  libinit.o(.ARM.Collect$$libinit$$00000000)
    __rt_lib_init_fp_1                       0x08000263   Thumb Code     0  libinit2.o(.ARM.Collect$$libinit$$00000001)
    __rt_lib_init_alloca_1                   0x08000267   Thumb Code     0  libinit2.o(.ARM.Collect$$libinit$$0000002E)
    __rt_lib_init_argv_1                     0x08000267   Thumb Code     0  libinit2.o(.ARM.Collect$$libinit$$0000002C)
    __rt_lib_init_atexit_1                   0x08000267   Thumb Code     0  libinit2.o(.ARM.Collect$$libinit$$0000001B)
    __rt_lib_init_clock_1                    0x08000267   Thumb Code     0  libinit2.o(.ARM.Collect$$libinit$$00000021)
    __rt_lib_init_cpp_1                      0x08000267   Thumb Code     0  libinit2.o(.ARM.Collect$$libinit$$00000032)
    __rt_lib_init_exceptions_1               0x08000267   Thumb Code     0  libinit2.o(.ARM.Collect$$libinit$$00000030)
    __rt_lib_init_fp_trap_1                  0x08000267   Thumb Code     0  libinit2.o(.ARM.Collect$$libinit$$0000001F)
    __rt_lib_init_getenv_1                   0x08000267   Thumb Code     0  libinit2.o(.ARM.Collect$$libinit$$00000023)
    __rt_lib_init_heap_1                     0x08000267   Thumb Code     0  libinit2.o(.ARM.Collect$$libinit$$0000000A)
    __rt_lib_init_lc_collate_1               0x08000267   Thumb Code     0  libinit2.o(.ARM.Collect$$libinit$$00000011)
    __rt_lib_init_lc_ctype_1                 0x08000267   Thumb Code     0  libinit2.o(.ARM.Collect$$libinit$$00000013)
    __rt_lib_init_lc_monetary_1              0x08000267   Thumb Code     0  libinit2.o(.ARM.Collect$$libinit$$00000015)
    __rt_lib_init_lc_numeric_1               0x08000267   Thumb Code     0  libinit2.o(.ARM.Collect$$libinit$$00000017)
    __rt_lib_init_lc_time_1                  0x08000267   Thumb Code     0  libinit2.o(.ARM.Collect$$libinit$$00000019)
    __rt_lib_init_preinit_1                  0x08000267   Thumb Code     0  libinit2.o(.ARM.Collect$$libinit$$00000004)
    __rt_lib_init_rand_1                     0x08000267   Thumb Code     0  libinit2.o(.ARM.Collect$$libinit$$0000000E)
    __rt_lib_init_return                     0x08000267   Thumb Code     0  libinit2.o(.ARM.Collect$$libinit$$00000033)
    __rt_lib_init_signal_1                   0x08000267   Thumb Code     0  libinit2.o(.ARM.Collect$$libinit$$0000001D)
    __rt_lib_init_stdio_1                    0x08000267   Thumb Code     0  libinit2.o(.ARM.Collect$$libinit$$00000025)
    __rt_lib_init_user_alloc_1               0x08000267   Thumb Code     0  libinit2.o(.ARM.Collect$$libinit$$0000000C)
    __rt_lib_shutdown                        0x08000269   Thumb Code     0  libshutdown.o(.ARM.Collect$$libshutdown$$00000000)
    __rt_lib_shutdown_cpp_1                  0x0800026b   Thumb Code     0  libshutdown2.o(.ARM.Collect$$libshutdown$$00000002)
    __rt_lib_shutdown_fp_trap_1              0x0800026b   Thumb Code     0  libshutdown2.o(.ARM.Collect$$libshutdown$$00000007)
    __rt_lib_shutdown_heap_1                 0x0800026b   Thumb Code     0  libshutdown2.o(.ARM.Collect$$libshutdown$$0000000F)
    __rt_lib_shutdown_return                 0x0800026b   Thumb Code     0  libshutdown2.o(.ARM.Collect$$libshutdown$$00000010)
    __rt_lib_shutdown_signal_1               0x0800026b   Thumb Code     0  libshutdown2.o(.ARM.Collect$$libshutdown$$0000000A)
    __rt_lib_shutdown_stdio_1                0x0800026b   Thumb Code     0  libshutdown2.o(.ARM.Collect$$libshutdown$$00000004)
    __rt_lib_shutdown_user_alloc_1           0x0800026b   Thumb Code     0  libshutdown2.o(.ARM.Collect$$libshutdown$$0000000C)
    __rt_entry                               0x0800026d   Thumb Code     0  __rtentry.o(.ARM.Collect$$rtentry$$00000000)
    __rt_entry_presh_1                       0x0800026d   Thumb Code     0  __rtentry2.o(.ARM.Collect$$rtentry$$00000002)
    __rt_entry_sh                            0x0800026d   Thumb Code     0  __rtentry4.o(.ARM.Collect$$rtentry$$00000004)
    __rt_entry_li                            0x08000273   Thumb Code     0  __rtentry2.o(.ARM.Collect$$rtentry$$0000000A)
    __rt_entry_postsh_1                      0x08000273   Thumb Code     0  __rtentry2.o(.ARM.Collect$$rtentry$$00000009)
    __rt_entry_main                          0x08000277   Thumb Code     0  __rtentry2.o(.ARM.Collect$$rtentry$$0000000D)
    __rt_entry_postli_1                      0x08000277   Thumb Code     0  __rtentry2.o(.ARM.Collect$$rtentry$$0000000C)
    __rt_exit                                0x0800027f   Thumb Code     0  rtexit.o(.ARM.Collect$$rtexit$$00000000)
    __rt_exit_ls                             0x08000281   Thumb Code     0  rtexit2.o(.ARM.Collect$$rtexit$$00000003)
    __rt_exit_prels_1                        0x08000281   Thumb Code     0  rtexit2.o(.ARM.Collect$$rtexit$$00000002)
    __rt_exit_exit                           0x08000285   Thumb Code     0  rtexit2.o(.ARM.Collect$$rtexit$$00000004)
    Reset_Handler                            0x0800028d   Thumb Code     8  startup_stm32f427xx.o(.text)
    ADC_IRQHandler                           0x080002a7   Thumb Code     0  startup_stm32f427xx.o(.text)
    CAN1_RX1_IRQHandler                      0x080002a7   Thumb Code     0  startup_stm32f427xx.o(.text)
    CAN1_SCE_IRQHandler                      0x080002a7   Thumb Code     0  startup_stm32f427xx.o(.text)
    CAN1_TX_IRQHandler                       0x080002a7   Thumb Code     0  startup_stm32f427xx.o(.text)
    CAN2_RX0_IRQHandler                      0x080002a7   Thumb Code     0  startup_stm32f427xx.o(.text)
    CAN2_SCE_IRQHandler                      0x080002a7   Thumb Code     0  startup_stm32f427xx.o(.text)
    CAN2_TX_IRQHandler                       0x080002a7   Thumb Code     0  startup_stm32f427xx.o(.text)
    DCMI_IRQHandler                          0x080002a7   Thumb Code     0  startup_stm32f427xx.o(.text)
    DMA1_Stream0_IRQHandler                  0x080002a7   Thumb Code     0  startup_stm32f427xx.o(.text)
    DMA1_Stream1_IRQHandler                  0x080002a7   Thumb Code     0  startup_stm32f427xx.o(.text)
    DMA1_Stream2_IRQHandler                  0x080002a7   Thumb Code     0  startup_stm32f427xx.o(.text)
    DMA1_Stream3_IRQHandler                  0x080002a7   Thumb Code     0  startup_stm32f427xx.o(.text)
    DMA1_Stream4_IRQHandler                  0x080002a7   Thumb Code     0  startup_stm32f427xx.o(.text)
    DMA1_Stream5_IRQHandler                  0x080002a7   Thumb Code     0  startup_stm32f427xx.o(.text)
    DMA1_Stream6_IRQHandler                  0x080002a7   Thumb Code     0  startup_stm32f427xx.o(.text)
    DMA1_Stream7_IRQHandler                  0x080002a7   Thumb Code     0  startup_stm32f427xx.o(.text)
    DMA2D_IRQHandler                         0x080002a7   Thumb Code     0  startup_stm32f427xx.o(.text)
    DMA2_Stream0_IRQHandler                  0x080002a7   Thumb Code     0  startup_stm32f427xx.o(.text)
    DMA2_Stream1_IRQHandler                  0x080002a7   Thumb Code     0  startup_stm32f427xx.o(.text)
    DMA2_Stream3_IRQHandler                  0x080002a7   Thumb Code     0  startup_stm32f427xx.o(.text)
    DMA2_Stream4_IRQHandler                  0x080002a7   Thumb Code     0  startup_stm32f427xx.o(.text)
    DMA2_Stream5_IRQHandler                  0x080002a7   Thumb Code     0  startup_stm32f427xx.o(.text)
    DMA2_Stream6_IRQHandler                  0x080002a7   Thumb Code     0  startup_stm32f427xx.o(.text)
    DMA2_Stream7_IRQHandler                  0x080002a7   Thumb Code     0  startup_stm32f427xx.o(.text)
    ETH_IRQHandler                           0x080002a7   Thumb Code     0  startup_stm32f427xx.o(.text)
    ETH_WKUP_IRQHandler                      0x080002a7   Thumb Code     0  startup_stm32f427xx.o(.text)
    EXTI0_IRQHandler                         0x080002a7   Thumb Code     0  startup_stm32f427xx.o(.text)
    EXTI15_10_IRQHandler                     0x080002a7   Thumb Code     0  startup_stm32f427xx.o(.text)
    EXTI1_IRQHandler                         0x080002a7   Thumb Code     0  startup_stm32f427xx.o(.text)
    EXTI2_IRQHandler                         0x080002a7   Thumb Code     0  startup_stm32f427xx.o(.text)
    EXTI3_IRQHandler                         0x080002a7   Thumb Code     0  startup_stm32f427xx.o(.text)
    EXTI4_IRQHandler                         0x080002a7   Thumb Code     0  startup_stm32f427xx.o(.text)
    EXTI9_5_IRQHandler                       0x080002a7   Thumb Code     0  startup_stm32f427xx.o(.text)
    FLASH_IRQHandler                         0x080002a7   Thumb Code     0  startup_stm32f427xx.o(.text)
    FMC_IRQHandler                           0x080002a7   Thumb Code     0  startup_stm32f427xx.o(.text)
    FPU_IRQHandler                           0x080002a7   Thumb Code     0  startup_stm32f427xx.o(.text)
    HASH_RNG_IRQHandler                      0x080002a7   Thumb Code     0  startup_stm32f427xx.o(.text)
    I2C1_ER_IRQHandler                       0x080002a7   Thumb Code     0  startup_stm32f427xx.o(.text)
    I2C1_EV_IRQHandler                       0x080002a7   Thumb Code     0  startup_stm32f427xx.o(.text)
    I2C2_ER_IRQHandler                       0x080002a7   Thumb Code     0  startup_stm32f427xx.o(.text)
    I2C2_EV_IRQHandler                       0x080002a7   Thumb Code     0  startup_stm32f427xx.o(.text)
    I2C3_ER_IRQHandler                       0x080002a7   Thumb Code     0  startup_stm32f427xx.o(.text)
    I2C3_EV_IRQHandler                       0x080002a7   Thumb Code     0  startup_stm32f427xx.o(.text)
    OTG_FS_IRQHandler                        0x080002a7   Thumb Code     0  startup_stm32f427xx.o(.text)
    OTG_FS_WKUP_IRQHandler                   0x080002a7   Thumb Code     0  startup_stm32f427xx.o(.text)
    OTG_HS_EP1_IN_IRQHandler                 0x080002a7   Thumb Code     0  startup_stm32f427xx.o(.text)
    OTG_HS_EP1_OUT_IRQHandler                0x080002a7   Thumb Code     0  startup_stm32f427xx.o(.text)
    OTG_HS_IRQHandler                        0x080002a7   Thumb Code     0  startup_stm32f427xx.o(.text)
    OTG_HS_WKUP_IRQHandler                   0x080002a7   Thumb Code     0  startup_stm32f427xx.o(.text)
    PVD_IRQHandler                           0x080002a7   Thumb Code     0  startup_stm32f427xx.o(.text)
    RCC_IRQHandler                           0x080002a7   Thumb Code     0  startup_stm32f427xx.o(.text)
    RTC_Alarm_IRQHandler                     0x080002a7   Thumb Code     0  startup_stm32f427xx.o(.text)
    RTC_WKUP_IRQHandler                      0x080002a7   Thumb Code     0  startup_stm32f427xx.o(.text)
    SAI1_IRQHandler                          0x080002a7   Thumb Code     0  startup_stm32f427xx.o(.text)
    SDIO_IRQHandler                          0x080002a7   Thumb Code     0  startup_stm32f427xx.o(.text)
    SPI1_IRQHandler                          0x080002a7   Thumb Code     0  startup_stm32f427xx.o(.text)
    SPI2_IRQHandler                          0x080002a7   Thumb Code     0  startup_stm32f427xx.o(.text)
    SPI3_IRQHandler                          0x080002a7   Thumb Code     0  startup_stm32f427xx.o(.text)
    SPI4_IRQHandler                          0x080002a7   Thumb Code     0  startup_stm32f427xx.o(.text)
    SPI5_IRQHandler                          0x080002a7   Thumb Code     0  startup_stm32f427xx.o(.text)
    SPI6_IRQHandler                          0x080002a7   Thumb Code     0  startup_stm32f427xx.o(.text)
    TAMP_STAMP_IRQHandler                    0x080002a7   Thumb Code     0  startup_stm32f427xx.o(.text)
    TIM1_BRK_TIM9_IRQHandler                 0x080002a7   Thumb Code     0  startup_stm32f427xx.o(.text)
    TIM1_CC_IRQHandler                       0x080002a7   Thumb Code     0  startup_stm32f427xx.o(.text)
    TIM1_TRG_COM_TIM11_IRQHandler            0x080002a7   Thumb Code     0  startup_stm32f427xx.o(.text)
    TIM1_UP_TIM10_IRQHandler                 0x080002a7   Thumb Code     0  startup_stm32f427xx.o(.text)
    TIM3_IRQHandler                          0x080002a7   Thumb Code     0  startup_stm32f427xx.o(.text)
    TIM4_IRQHandler                          0x080002a7   Thumb Code     0  startup_stm32f427xx.o(.text)
    TIM5_IRQHandler                          0x080002a7   Thumb Code     0  startup_stm32f427xx.o(.text)
    TIM6_DAC_IRQHandler                      0x080002a7   Thumb Code     0  startup_stm32f427xx.o(.text)
    TIM7_IRQHandler                          0x080002a7   Thumb Code     0  startup_stm32f427xx.o(.text)
    TIM8_BRK_TIM12_IRQHandler                0x080002a7   Thumb Code     0  startup_stm32f427xx.o(.text)
    TIM8_CC_IRQHandler                       0x080002a7   Thumb Code     0  startup_stm32f427xx.o(.text)
    TIM8_TRG_COM_TIM14_IRQHandler            0x080002a7   Thumb Code     0  startup_stm32f427xx.o(.text)
    TIM8_UP_TIM13_IRQHandler                 0x080002a7   Thumb Code     0  startup_stm32f427xx.o(.text)
    UART4_IRQHandler                         0x080002a7   Thumb Code     0  startup_stm32f427xx.o(.text)
    UART5_IRQHandler                         0x080002a7   Thumb Code     0  startup_stm32f427xx.o(.text)
    UART7_IRQHandler                         0x080002a7   Thumb Code     0  startup_stm32f427xx.o(.text)
    UART8_IRQHandler                         0x080002a7   Thumb Code     0  startup_stm32f427xx.o(.text)
    USART1_IRQHandler                        0x080002a7   Thumb Code     0  startup_stm32f427xx.o(.text)
    USART2_IRQHandler                        0x080002a7   Thumb Code     0  startup_stm32f427xx.o(.text)
    USART3_IRQHandler                        0x080002a7   Thumb Code     0  startup_stm32f427xx.o(.text)
    USART6_IRQHandler                        0x080002a7   Thumb Code     0  startup_stm32f427xx.o(.text)
    WWDG_IRQHandler                          0x080002a7   Thumb Code     0  startup_stm32f427xx.o(.text)
    __user_initial_stackheap                 0x080002a9   Thumb Code     0  startup_stm32f427xx.o(.text)
    __aeabi_uldivmod                         0x080002cd   Thumb Code     0  lludivv7m.o(.text)
    _ll_udiv                                 0x080002cd   Thumb Code   238  lludivv7m.o(.text)
    __aeabi_memcpy                           0x080003bb   Thumb Code     0  rt_memcpy_v6.o(.text)
    __rt_memcpy                              0x080003bb   Thumb Code   138  rt_memcpy_v6.o(.text)
    _memcpy_lastbytes                        0x08000421   Thumb Code     0  rt_memcpy_v6.o(.text)
    __aeabi_memclr4                          0x08000445   Thumb Code     0  rt_memclr_w.o(.text)
    __aeabi_memclr8                          0x08000445   Thumb Code     0  rt_memclr_w.o(.text)
    __rt_memclr_w                            0x08000445   Thumb Code    78  rt_memclr_w.o(.text)
    _memset_w                                0x08000449   Thumb Code     0  rt_memclr_w.o(.text)
    __use_two_region_memory                  0x08000493   Thumb Code     2  heapauxi.o(.text)
    __rt_heap_escrow$2region                 0x08000495   Thumb Code     2  heapauxi.o(.text)
    __rt_heap_expand$2region                 0x08000497   Thumb Code     2  heapauxi.o(.text)
    __aeabi_memcpy4                          0x08000499   Thumb Code     0  rt_memcpy_w.o(.text)
    __aeabi_memcpy8                          0x08000499   Thumb Code     0  rt_memcpy_w.o(.text)
    __rt_memcpy_w                            0x08000499   Thumb Code   100  rt_memcpy_w.o(.text)
    _memcpy_lastbytes_aligned                0x080004e1   Thumb Code     0  rt_memcpy_w.o(.text)
    __user_setup_stackheap                   0x080004fd   Thumb Code    74  sys_stackheap_outer.o(.text)
    exit                                     0x08000547   Thumb Code    18  exit.o(.text)
    __user_libspace                          0x08000559   Thumb Code     8  libspace.o(.text)
    __user_perproc_libspace                  0x08000559   Thumb Code     0  libspace.o(.text)
    __user_perthread_libspace                0x08000559   Thumb Code     0  libspace.o(.text)
    _sys_exit                                0x08000561   Thumb Code     8  sys_exit.o(.text)
    __I$use$semihosting                      0x0800056d   Thumb Code     0  use_no_semi.o(.text)
    __use_no_semihosting_swi                 0x0800056d   Thumb Code     2  use_no_semi.o(.text)
    BusFault_Handler                         0x0800056f   Thumb Code     4  stm32f4xx_it.o(i.BusFault_Handler)
    __semihosting_library_function           0x0800056f   Thumb Code     0  indicate_semi.o(.text)
    CAN1_RX0_IRQHandler                      0x08000575   Thumb Code    10  stm32f4xx_it.o(i.CAN1_RX0_IRQHandler)
    CAN2_RX1_IRQHandler                      0x08000585   Thumb Code    10  stm32f4xx_it.o(i.CAN2_RX1_IRQHandler)
    DMA2_Stream2_IRQHandler                  0x08000595   Thumb Code    10  stm32f4xx_it.o(i.DMA2_Stream2_IRQHandler)
    DebugMon_Handler                         0x080005a5   Thumb Code     2  stm32f4xx_it.o(i.DebugMon_Handler)
    Error_Handler                            0x080005a7   Thumb Code     6  main.o(i.Error_Handler)
    HAL_CAN_ActivateNotification             0x080005ad   Thumb Code    42  stm32f4xx_hal_can.o(i.HAL_CAN_ActivateNotification)
    HAL_CAN_AddTxMessage                     0x080005d7   Thumb Code   330  stm32f4xx_hal_can.o(i.HAL_CAN_AddTxMessage)
    HAL_CAN_ConfigFilter                     0x08000721   Thumb Code   286  stm32f4xx_hal_can.o(i.HAL_CAN_ConfigFilter)
    HAL_CAN_ErrorCallback                    0x08000845   Thumb Code     2  stm32f4xx_hal_can.o(i.HAL_CAN_ErrorCallback)
    HAL_CAN_GetRxMessage                     0x08000847   Thumb Code   404  stm32f4xx_hal_can.o(i.HAL_CAN_GetRxMessage)
    HAL_CAN_IRQHandler                       0x080009db   Thumb Code   590  stm32f4xx_hal_can.o(i.HAL_CAN_IRQHandler)
    HAL_CAN_Init                             0x08000c29   Thumb Code   372  stm32f4xx_hal_can.o(i.HAL_CAN_Init)
    HAL_CAN_MspInit                          0x08000d9d   Thumb Code   320  can.o(i.HAL_CAN_MspInit)
    HAL_CAN_RxFifo0FullCallback              0x08000ef5   Thumb Code     2  stm32f4xx_hal_can.o(i.HAL_CAN_RxFifo0FullCallback)
    HAL_CAN_RxFifo0MsgPendingCallback        0x08000ef9   Thumb Code   170  can_user.o(i.HAL_CAN_RxFifo0MsgPendingCallback)
    HAL_CAN_RxFifo1FullCallback              0x08000fb5   Thumb Code     2  stm32f4xx_hal_can.o(i.HAL_CAN_RxFifo1FullCallback)
    HAL_CAN_RxFifo1MsgPendingCallback        0x08000fb9   Thumb Code    80  can_user.o(i.HAL_CAN_RxFifo1MsgPendingCallback)
    HAL_CAN_SleepCallback                    0x08001011   Thumb Code     2  stm32f4xx_hal_can.o(i.HAL_CAN_SleepCallback)
    HAL_CAN_Start                            0x08001013   Thumb Code    94  stm32f4xx_hal_can.o(i.HAL_CAN_Start)
    HAL_CAN_TxMailbox0AbortCallback          0x08001071   Thumb Code     2  stm32f4xx_hal_can.o(i.HAL_CAN_TxMailbox0AbortCallback)
    HAL_CAN_TxMailbox0CompleteCallback       0x08001073   Thumb Code     2  stm32f4xx_hal_can.o(i.HAL_CAN_TxMailbox0CompleteCallback)
    HAL_CAN_TxMailbox1AbortCallback          0x08001075   Thumb Code     2  stm32f4xx_hal_can.o(i.HAL_CAN_TxMailbox1AbortCallback)
    HAL_CAN_TxMailbox1CompleteCallback       0x08001077   Thumb Code     2  stm32f4xx_hal_can.o(i.HAL_CAN_TxMailbox1CompleteCallback)
    HAL_CAN_TxMailbox2AbortCallback          0x08001079   Thumb Code     2  stm32f4xx_hal_can.o(i.HAL_CAN_TxMailbox2AbortCallback)
    HAL_CAN_TxMailbox2CompleteCallback       0x0800107b   Thumb Code     2  stm32f4xx_hal_can.o(i.HAL_CAN_TxMailbox2CompleteCallback)
    HAL_CAN_WakeUpFromRxMsgCallback          0x0800107d   Thumb Code     2  stm32f4xx_hal_can.o(i.HAL_CAN_WakeUpFromRxMsgCallback)
    HAL_DMA_IRQHandler                       0x08001081   Thumb Code   570  stm32f4xx_hal_dma.o(i.HAL_DMA_IRQHandler)
    HAL_DMA_Init                             0x080012c1   Thumb Code   232  stm32f4xx_hal_dma.o(i.HAL_DMA_Init)
    HAL_DMA_Start_IT                         0x080013ad   Thumb Code   146  stm32f4xx_hal_dma.o(i.HAL_DMA_Start_IT)
    HAL_Delay                                0x08001441   Thumb Code    36  stm32f4xx_hal.o(i.HAL_Delay)
    HAL_GPIO_Init                            0x08001469   Thumb Code   472  stm32f4xx_hal_gpio.o(i.HAL_GPIO_Init)
    HAL_GPIO_WritePin                        0x08001675   Thumb Code    12  stm32f4xx_hal_gpio.o(i.HAL_GPIO_WritePin)
    HAL_GetTick                              0x08001681   Thumb Code     6  stm32f4xx_hal.o(i.HAL_GetTick)
    HAL_IncTick                              0x0800168d   Thumb Code    16  stm32f4xx_hal.o(i.HAL_IncTick)
    HAL_Init                                 0x080016a5   Thumb Code    54  stm32f4xx_hal.o(i.HAL_Init)
    HAL_InitTick                             0x080016e1   Thumb Code    64  stm32f4xx_hal.o(i.HAL_InitTick)
    HAL_MspInit                              0x0800172d   Thumb Code    64  stm32f4xx_hal_msp.o(i.HAL_MspInit)
    HAL_NVIC_EnableIRQ                       0x08001771   Thumb Code    40  stm32f4xx_hal_cortex.o(i.HAL_NVIC_EnableIRQ)
    HAL_NVIC_SetPriority                     0x08001799   Thumb Code   124  stm32f4xx_hal_cortex.o(i.HAL_NVIC_SetPriority)
    HAL_NVIC_SetPriorityGrouping             0x08001815   Thumb Code    32  stm32f4xx_hal_cortex.o(i.HAL_NVIC_SetPriorityGrouping)
    HAL_RCC_ClockConfig                      0x0800183d   Thumb Code   368  stm32f4xx_hal_rcc.o(i.HAL_RCC_ClockConfig)
    HAL_RCC_GetHCLKFreq                      0x080019c1   Thumb Code     6  stm32f4xx_hal_rcc.o(i.HAL_RCC_GetHCLKFreq)
    HAL_RCC_GetPCLK1Freq                     0x080019cd   Thumb Code    22  stm32f4xx_hal_rcc.o(i.HAL_RCC_GetPCLK1Freq)
    HAL_RCC_GetPCLK2Freq                     0x080019ed   Thumb Code    22  stm32f4xx_hal_rcc.o(i.HAL_RCC_GetPCLK2Freq)
    HAL_RCC_GetSysClockFreq                  0x08001a0d   Thumb Code   162  stm32f4xx_hal_rcc.o(i.HAL_RCC_GetSysClockFreq)
    HAL_RCC_OscConfig                        0x08001abd   Thumb Code  1172  stm32f4xx_hal_rcc.o(i.HAL_RCC_OscConfig)
    HAL_SYSTICK_Config                       0x08001f59   Thumb Code    52  stm32f4xx_hal_cortex.o(i.HAL_SYSTICK_Config)
    HAL_TIMEx_BreakCallback                  0x08001f8d   Thumb Code     2  stm32f4xx_hal_tim_ex.o(i.HAL_TIMEx_BreakCallback)
    HAL_TIMEx_CommutCallback                 0x08001f8f   Thumb Code     2  stm32f4xx_hal_tim_ex.o(i.HAL_TIMEx_CommutCallback)
    HAL_TIMEx_MasterConfigSynchronization    0x08001f91   Thumb Code   150  stm32f4xx_hal_tim_ex.o(i.HAL_TIMEx_MasterConfigSynchronization)
    HAL_TIM_Base_Init                        0x08002045   Thumb Code   102  stm32f4xx_hal_tim.o(i.HAL_TIM_Base_Init)
    HAL_TIM_Base_MspInit                     0x080020ad   Thumb Code    60  tim.o(i.HAL_TIM_Base_MspInit)
    HAL_TIM_Base_Start_IT                    0x080020ed   Thumb Code   138  stm32f4xx_hal_tim.o(i.HAL_TIM_Base_Start_IT)
    HAL_TIM_ConfigClockSource                0x08002195   Thumb Code   268  stm32f4xx_hal_tim.o(i.HAL_TIM_ConfigClockSource)
    HAL_TIM_IC_CaptureCallback               0x080022a1   Thumb Code     2  stm32f4xx_hal_tim.o(i.HAL_TIM_IC_CaptureCallback)
    HAL_TIM_IRQHandler                       0x080022a3   Thumb Code   364  stm32f4xx_hal_tim.o(i.HAL_TIM_IRQHandler)
    HAL_TIM_OC_DelayElapsedCallback          0x0800240f   Thumb Code     2  stm32f4xx_hal_tim.o(i.HAL_TIM_OC_DelayElapsedCallback)
    HAL_TIM_PWM_PulseFinishedCallback        0x08002411   Thumb Code     2  stm32f4xx_hal_tim.o(i.HAL_TIM_PWM_PulseFinishedCallback)
    HAL_TIM_PeriodElapsedCallback            0x08002415   Thumb Code    50  yaokong.o(i.HAL_TIM_PeriodElapsedCallback)
    HAL_TIM_TriggerCallback                  0x08002455   Thumb Code     2  stm32f4xx_hal_tim.o(i.HAL_TIM_TriggerCallback)
    HAL_UARTEx_ReceiveToIdle_DMA             0x08002457   Thumb Code   112  stm32f4xx_hal_uart.o(i.HAL_UARTEx_ReceiveToIdle_DMA)
    HAL_UARTEx_RxEventCallback               0x080024c9   Thumb Code   312  yaokong.o(i.HAL_UARTEx_RxEventCallback)
    HAL_UART_ErrorCallback                   0x08002619   Thumb Code     2  stm32f4xx_hal_uart.o(i.HAL_UART_ErrorCallback)
    HAL_UART_Init                            0x0800261b   Thumb Code   118  stm32f4xx_hal_uart.o(i.HAL_UART_Init)
    HAL_UART_MspInit                         0x08002691   Thumb Code   182  usart.o(i.HAL_UART_MspInit)
    HAL_UART_RxCpltCallback                  0x0800275d   Thumb Code     2  stm32f4xx_hal_uart.o(i.HAL_UART_RxCpltCallback)
    HAL_UART_RxHalfCpltCallback              0x0800275f   Thumb Code     2  stm32f4xx_hal_uart.o(i.HAL_UART_RxHalfCpltCallback)
    HardFault_Handler                        0x08002761   Thumb Code     4  stm32f4xx_it.o(i.HardFault_Handler)
    MX_CAN1_Init                             0x08002765   Thumb Code    54  can.o(i.MX_CAN1_Init)
    MX_CAN2_Init                             0x080027a5   Thumb Code    54  can.o(i.MX_CAN2_Init)
    MX_DMA_Init                              0x080027e5   Thumb Code    50  dma.o(i.MX_DMA_Init)
    MX_GPIO_Init                             0x0800281d   Thumb Code   118  gpio.o(i.MX_GPIO_Init)
    MX_TIM2_Init                             0x08002899   Thumb Code   104  tim.o(i.MX_TIM2_Init)
    MX_USART1_UART_Init                      0x08002905   Thumb Code    52  usart.o(i.MX_USART1_UART_Init)
    MemManage_Handler                        0x08002945   Thumb Code     4  stm32f4xx_it.o(i.MemManage_Handler)
    NMI_Handler                              0x08002949   Thumb Code     4  stm32f4xx_it.o(i.NMI_Handler)
    PendSV_Handler                           0x0800294d   Thumb Code     2  stm32f4xx_it.o(i.PendSV_Handler)
    SVC_Handler                              0x0800294f   Thumb Code     2  stm32f4xx_it.o(i.SVC_Handler)
    SysTick_Handler                          0x08002951   Thumb Code     8  stm32f4xx_it.o(i.SysTick_Handler)
    SystemInit                               0x08002959   Thumb Code    14  system_stm32f4xx.o(i.SystemInit)
    TIM2_IRQHandler                          0x0800296d   Thumb Code    10  stm32f4xx_it.o(i.TIM2_IRQHandler)
    TIM_Base_SetConfig                       0x0800297d   Thumb Code   186  stm32f4xx_hal_tim.o(i.TIM_Base_SetConfig)
    TIM_ETR_SetConfig                        0x08002a65   Thumb Code    22  stm32f4xx_hal_tim.o(i.TIM_ETR_SetConfig)
    UART_Start_Receive_DMA                   0x08002a7d   Thumb Code   184  stm32f4xx_hal_uart.o(i.UART_Start_Receive_DMA)
    UsageFault_Handler                       0x08002b41   Thumb Code     4  stm32f4xx_it.o(i.UsageFault_Handler)
    pid_output(PID*, short, short)           0x08002b45   Thumb Code   244  pid.o(i._Z10pid_outputP3PIDss)
    can_filter_init()                        0x08002ee1   Thumb Code    58  can_user.o(i._Z15can_filter_initv)
    can_filter2_init()                       0x08002f21   Thumb Code    60  can_user.o(i._Z16can_filter2_initv)
    SystemClock_Config()                     0x0800300d   Thumb Code   168  main.o(i._Z18SystemClock_Configv)
    dipan_speed_jiesuan(RC_Ctl_t)            0x08003261   Thumb Code   368  dipan_control.o(i._Z19dipan_speed_jiesuan8RC_Ctl_t)
    CAN_cmd_angle_6020motor(short*, motor_recieve*) 0x080033ed   Thumb Code   138  can_user.o(i._Z23CAN_cmd_angle_6020motorPsP13motor_recieve)
    CAN_cmd_speed_3508motor(short*, motor_recieve*) 0x0800347d   Thumb Code    78  can_user.o(i._Z23CAN_cmd_speed_3508motorPsP13motor_recieve)
    CAN_cmd_current_3508motor(short, short, short, short) 0x08003559   Thumb Code    68  can_user.o(i._Z25CAN_cmd_current_3508motorssss)
    CAN_cmd_current_6020motor(short, short, short, short) 0x080035a9   Thumb Code    68  can_user.o(i._Z25CAN_cmd_current_6020motorssss)
    main                                     0x08003609   Thumb Code   146  main.o(i.main)
    __aeabi_dadd                             0x080036c5   Thumb Code     0  daddsub_clz.o(x$fpl$dadd)
    _dadd                                    0x080036c5   Thumb Code   332  daddsub_clz.o(x$fpl$dadd)
    __aeabi_d2iz                             0x08003815   Thumb Code     0  dfix.o(x$fpl$dfix)
    _dfix                                    0x08003815   Thumb Code    94  dfix.o(x$fpl$dfix)
    __aeabi_i2d                              0x08003873   Thumb Code     0  dflt_clz.o(x$fpl$dflt)
    _dflt                                    0x08003873   Thumb Code    46  dflt_clz.o(x$fpl$dflt)
    __aeabi_dmul                             0x080038a1   Thumb Code     0  dmul.o(x$fpl$dmul)
    _dmul                                    0x080038a1   Thumb Code   332  dmul.o(x$fpl$dmul)
    __fpl_dnaninf                            0x080039f5   Thumb Code   156  dnaninf.o(x$fpl$dnaninf)
    __fpl_dretinf                            0x08003a91   Thumb Code    12  dretinf.o(x$fpl$dretinf)
    __aeabi_dsub                             0x08003a9d   Thumb Code     0  daddsub_clz.o(x$fpl$dsub)
    _dsub                                    0x08003a9d   Thumb Code   464  daddsub_clz.o(x$fpl$dsub)
    _fp_init                                 0x08003c71   Thumb Code    10  fpinit.o(x$fpl$fpinit)
    __fplib_config_fpu_vfp                   0x08003c79   Thumb Code     0  fpinit.o(x$fpl$fpinit)
    __fplib_config_pureend_doubles           0x08003c79   Thumb Code     0  fpinit.o(x$fpl$fpinit)
    __I$use$fp                               0x08003c7a   Number         0  usenofp.o(x$fpl$usenofp)
    AHBPrescTable                            0x08003c82   Data          16  system_stm32f4xx.o(.constdata)
    APBPrescTable                            0x08003c92   Data           8  system_stm32f4xx.o(.constdata)
    Region$$Table$$Base                      0x08003c9c   Number         0  anon$$obj.o(Region$$Table)
    Region$$Table$$Limit                     0x08003cbc   Number         0  anon$$obj.o(Region$$Table)
    motor_currnt                             0x20000008   Data           8  can_user.o(.data)
    aa                                       0x20000028   Data           2  can_user.o(.data)
    pid_dipan3508                            0x2000002c   Data          96  pid.o(.data)
    pid_yuntai6020                           0x2000008c   Data          48  pid.o(.data)
    pid_yuntai6020_angle                     0x200000bc   Data          48  pid.o(.data)
    pid_yuntai3508                           0x200000ec   Data          72  pid.o(.data)
    pid_yuntai3508_angle                     0x20000134   Data          72  pid.o(.data)
    dipan_speedtarget                        0x2000017c   Data           8  dipan_control.o(.data)
    yuntai_angletarget                       0x20000184   Data           4  dipan_control.o(.data)
    dipan_x_speed                            0x20000188   Data           2  dipan_control.o(.data)
    dipan_y_speed                            0x2000018a   Data           2  dipan_control.o(.data)
    dipan_z_speed                            0x2000018c   Data           2  dipan_control.o(.data)
    yuntai_speed_target                      0x2000018e   Data           6  yaokong.o(.data)
    yaokongjishi                             0x20000194   Data           1  main.o(.data)
    a                                        0x20000196   Data           2  main.o(.data)
    bodan_target_angle                       0x20000198   Data           4  main.o(.data)
    TongDao0                                 0x2000019c   Data           2  main.o(.data)
    uwTick                                   0x200001a4   Data           4  stm32f4xx_hal.o(.data)
    uwTickPrio                               0x200001a8   Data           4  stm32f4xx_hal.o(.data)
    uwTickFreq                               0x200001ac   Data           1  stm32f4xx_hal.o(.data)
    SystemCoreClock                          0x200001b0   Data           4  system_stm32f4xx.o(.data)
    motor_recieve_dipan3508                  0x20000214   Data          32  main.o(.bss)
    motor_recieve_yuntai6020                 0x20000234   Data          16  main.o(.bss)
    motor_recieve_yuntai3508                 0x20000244   Data          24  main.o(.bss)
    RC_Ctl                                   0x2000025c   Data          22  main.o(.bss)
    sbus_rx_buffer                           0x20000272   Data          18  main.o(.bss)
    hcan1                                    0x20000284   Data          40  can.o(.bss)
    hcan2                                    0x200002ac   Data          40  can.o(.bss)
    htim2                                    0x200002d4   Data          72  tim.o(.bss)
    huart1                                   0x2000031c   Data          72  usart.o(.bss)
    hdma_usart1_rx                           0x20000364   Data          96  usart.o(.bss)
    __libspace_start                         0x200003c4   Data          96  libspace.o(.bss)
    __temporary_stack_top$libspace           0x20000424   Data           0  libspace.o(.bss)



==============================================================================

Memory Map of the image

  Image Entry point : 0x080001ad

  Load Region LR_IROM1 (Base: 0x08000000, Size: 0x00003e70, Max: 0x00200000, ABSOLUTE, COMPRESSED[0x00003d1c])

    Execution Region ER_IROM1 (Exec base: 0x08000000, Load base: 0x08000000, Size: 0x00003cbc, Max: 0x00200000, ABSOLUTE)

    Exec Addr    Load Addr    Size         Type   Attr      Idx    E Section Name        Object

    0x08000000   0x08000000   0x000001ac   Data   RO            3    RESET               startup_stm32f427xx.o
    0x080001ac   0x080001ac   0x00000008   Code   RO         4422  * !!!main             c_w.l(__main.o)
    0x080001b4   0x080001b4   0x00000034   Code   RO         4616    !!!scatter          c_w.l(__scatter.o)
    0x080001e8   0x080001e8   0x0000005a   Code   RO         4614    !!dczerorl2         c_w.l(__dczerorl2.o)
    0x08000242   0x08000242   0x00000002   PAD
    0x08000244   0x08000244   0x0000001c   Code   RO         4618    !!handler_zi        c_w.l(__scatter_zi.o)
    0x08000260   0x08000260   0x00000002   Code   RO         4484    .ARM.Collect$$libinit$$00000000  c_w.l(libinit.o)
    0x08000262   0x08000262   0x00000004   Code   RO         4496    .ARM.Collect$$libinit$$00000001  c_w.l(libinit2.o)
    0x08000266   0x08000266   0x00000000   Code   RO         4499    .ARM.Collect$$libinit$$00000004  c_w.l(libinit2.o)
    0x08000266   0x08000266   0x00000000   Code   RO         4502    .ARM.Collect$$libinit$$0000000A  c_w.l(libinit2.o)
    0x08000266   0x08000266   0x00000000   Code   RO         4504    .ARM.Collect$$libinit$$0000000C  c_w.l(libinit2.o)
    0x08000266   0x08000266   0x00000000   Code   RO         4506    .ARM.Collect$$libinit$$0000000E  c_w.l(libinit2.o)
    0x08000266   0x08000266   0x00000000   Code   RO         4509    .ARM.Collect$$libinit$$00000011  c_w.l(libinit2.o)
    0x08000266   0x08000266   0x00000000   Code   RO         4511    .ARM.Collect$$libinit$$00000013  c_w.l(libinit2.o)
    0x08000266   0x08000266   0x00000000   Code   RO         4513    .ARM.Collect$$libinit$$00000015  c_w.l(libinit2.o)
    0x08000266   0x08000266   0x00000000   Code   RO         4515    .ARM.Collect$$libinit$$00000017  c_w.l(libinit2.o)
    0x08000266   0x08000266   0x00000000   Code   RO         4517    .ARM.Collect$$libinit$$00000019  c_w.l(libinit2.o)
    0x08000266   0x08000266   0x00000000   Code   RO         4519    .ARM.Collect$$libinit$$0000001B  c_w.l(libinit2.o)
    0x08000266   0x08000266   0x00000000   Code   RO         4521    .ARM.Collect$$libinit$$0000001D  c_w.l(libinit2.o)
    0x08000266   0x08000266   0x00000000   Code   RO         4523    .ARM.Collect$$libinit$$0000001F  c_w.l(libinit2.o)
    0x08000266   0x08000266   0x00000000   Code   RO         4525    .ARM.Collect$$libinit$$00000021  c_w.l(libinit2.o)
    0x08000266   0x08000266   0x00000000   Code   RO         4527    .ARM.Collect$$libinit$$00000023  c_w.l(libinit2.o)
    0x08000266   0x08000266   0x00000000   Code   RO         4529    .ARM.Collect$$libinit$$00000025  c_w.l(libinit2.o)
    0x08000266   0x08000266   0x00000000   Code   RO         4533    .ARM.Collect$$libinit$$0000002C  c_w.l(libinit2.o)
    0x08000266   0x08000266   0x00000000   Code   RO         4535    .ARM.Collect$$libinit$$0000002E  c_w.l(libinit2.o)
    0x08000266   0x08000266   0x00000000   Code   RO         4537    .ARM.Collect$$libinit$$00000030  c_w.l(libinit2.o)
    0x08000266   0x08000266   0x00000000   Code   RO         4539    .ARM.Collect$$libinit$$00000032  c_w.l(libinit2.o)
    0x08000266   0x08000266   0x00000002   Code   RO         4540    .ARM.Collect$$libinit$$00000033  c_w.l(libinit2.o)
    0x08000268   0x08000268   0x00000002   Code   RO         4571    .ARM.Collect$$libshutdown$$00000000  c_w.l(libshutdown.o)
    0x0800026a   0x0800026a   0x00000000   Code   RO         4597    .ARM.Collect$$libshutdown$$00000002  c_w.l(libshutdown2.o)
    0x0800026a   0x0800026a   0x00000000   Code   RO         4599    .ARM.Collect$$libshutdown$$00000004  c_w.l(libshutdown2.o)
    0x0800026a   0x0800026a   0x00000000   Code   RO         4602    .ARM.Collect$$libshutdown$$00000007  c_w.l(libshutdown2.o)
    0x0800026a   0x0800026a   0x00000000   Code   RO         4605    .ARM.Collect$$libshutdown$$0000000A  c_w.l(libshutdown2.o)
    0x0800026a   0x0800026a   0x00000000   Code   RO         4607    .ARM.Collect$$libshutdown$$0000000C  c_w.l(libshutdown2.o)
    0x0800026a   0x0800026a   0x00000000   Code   RO         4610    .ARM.Collect$$libshutdown$$0000000F  c_w.l(libshutdown2.o)
    0x0800026a   0x0800026a   0x00000002   Code   RO         4611    .ARM.Collect$$libshutdown$$00000010  c_w.l(libshutdown2.o)
    0x0800026c   0x0800026c   0x00000000   Code   RO         4442    .ARM.Collect$$rtentry$$00000000  c_w.l(__rtentry.o)
    0x0800026c   0x0800026c   0x00000000   Code   RO         4455    .ARM.Collect$$rtentry$$00000002  c_w.l(__rtentry2.o)
    0x0800026c   0x0800026c   0x00000006   Code   RO         4467    .ARM.Collect$$rtentry$$00000004  c_w.l(__rtentry4.o)
    0x08000272   0x08000272   0x00000000   Code   RO         4457    .ARM.Collect$$rtentry$$00000009  c_w.l(__rtentry2.o)
    0x08000272   0x08000272   0x00000004   Code   RO         4458    .ARM.Collect$$rtentry$$0000000A  c_w.l(__rtentry2.o)
    0x08000276   0x08000276   0x00000000   Code   RO         4460    .ARM.Collect$$rtentry$$0000000C  c_w.l(__rtentry2.o)
    0x08000276   0x08000276   0x00000008   Code   RO         4461    .ARM.Collect$$rtentry$$0000000D  c_w.l(__rtentry2.o)
    0x0800027e   0x0800027e   0x00000002   Code   RO         4488    .ARM.Collect$$rtexit$$00000000  c_w.l(rtexit.o)
    0x08000280   0x08000280   0x00000000   Code   RO         4544    .ARM.Collect$$rtexit$$00000002  c_w.l(rtexit2.o)
    0x08000280   0x08000280   0x00000004   Code   RO         4545    .ARM.Collect$$rtexit$$00000003  c_w.l(rtexit2.o)
    0x08000284   0x08000284   0x00000006   Code   RO         4546    .ARM.Collect$$rtexit$$00000004  c_w.l(rtexit2.o)
    0x0800028a   0x0800028a   0x00000002   PAD
    0x0800028c   0x0800028c   0x00000040   Code   RO            4    .text               startup_stm32f427xx.o
    0x080002cc   0x080002cc   0x000000ee   Code   RO         4414    .text               c_w.l(lludivv7m.o)
    0x080003ba   0x080003ba   0x0000008a   Code   RO         4416    .text               c_w.l(rt_memcpy_v6.o)
    0x08000444   0x08000444   0x0000004e   Code   RO         4418    .text               c_w.l(rt_memclr_w.o)
    0x08000492   0x08000492   0x00000006   Code   RO         4420    .text               c_w.l(heapauxi.o)
    0x08000498   0x08000498   0x00000064   Code   RO         4447    .text               c_w.l(rt_memcpy_w.o)
    0x080004fc   0x080004fc   0x0000004a   Code   RO         4471    .text               c_w.l(sys_stackheap_outer.o)
    0x08000546   0x08000546   0x00000012   Code   RO         4473    .text               c_w.l(exit.o)
    0x08000558   0x08000558   0x00000008   Code   RO         4485    .text               c_w.l(libspace.o)
    0x08000560   0x08000560   0x0000000c   Code   RO         4541    .text               c_w.l(sys_exit.o)
    0x0800056c   0x0800056c   0x00000002   Code   RO         4560    .text               c_w.l(use_no_semi.o)
    0x0800056e   0x0800056e   0x00000000   Code   RO         4562    .text               c_w.l(indicate_semi.o)
    0x0800056e   0x0800056e   0x00000004   Code   RO          924    i.BusFault_Handler  stm32f4xx_it.o
    0x08000572   0x08000572   0x00000002   PAD
    0x08000574   0x08000574   0x00000010   Code   RO          925    i.CAN1_RX0_IRQHandler  stm32f4xx_it.o
    0x08000584   0x08000584   0x00000010   Code   RO          926    i.CAN2_RX1_IRQHandler  stm32f4xx_it.o
    0x08000594   0x08000594   0x00000010   Code   RO          927    i.DMA2_Stream2_IRQHandler  stm32f4xx_it.o
    0x080005a4   0x080005a4   0x00000002   Code   RO          928    i.DebugMon_Handler  stm32f4xx_it.o
    0x080005a6   0x080005a6   0x00000006   Code   RO          587    i.Error_Handler     main.o
    0x080005ac   0x080005ac   0x0000002a   Code   RO         1063    i.HAL_CAN_ActivateNotification  stm32f4xx_hal_can.o
    0x080005d6   0x080005d6   0x0000014a   Code   RO         1064    i.HAL_CAN_AddTxMessage  stm32f4xx_hal_can.o
    0x08000720   0x08000720   0x00000124   Code   RO         1065    i.HAL_CAN_ConfigFilter  stm32f4xx_hal_can.o
    0x08000844   0x08000844   0x00000002   Code   RO         1068    i.HAL_CAN_ErrorCallback  stm32f4xx_hal_can.o
    0x08000846   0x08000846   0x00000194   Code   RO         1071    i.HAL_CAN_GetRxMessage  stm32f4xx_hal_can.o
    0x080009da   0x080009da   0x0000024e   Code   RO         1075    i.HAL_CAN_IRQHandler  stm32f4xx_hal_can.o
    0x08000c28   0x08000c28   0x00000174   Code   RO         1076    i.HAL_CAN_Init      stm32f4xx_hal_can.o
    0x08000d9c   0x08000d9c   0x00000158   Code   RO          754    i.HAL_CAN_MspInit   can.o
    0x08000ef4   0x08000ef4   0x00000002   Code   RO         1083    i.HAL_CAN_RxFifo0FullCallback  stm32f4xx_hal_can.o
    0x08000ef6   0x08000ef6   0x00000002   PAD
    0x08000ef8   0x08000ef8   0x000000bc   Code   RO           13    i.HAL_CAN_RxFifo0MsgPendingCallback  can_user.o
    0x08000fb4   0x08000fb4   0x00000002   Code   RO         1085    i.HAL_CAN_RxFifo1FullCallback  stm32f4xx_hal_can.o
    0x08000fb6   0x08000fb6   0x00000002   PAD
    0x08000fb8   0x08000fb8   0x00000058   Code   RO           14    i.HAL_CAN_RxFifo1MsgPendingCallback  can_user.o
    0x08001010   0x08001010   0x00000002   Code   RO         1087    i.HAL_CAN_SleepCallback  stm32f4xx_hal_can.o
    0x08001012   0x08001012   0x0000005e   Code   RO         1088    i.HAL_CAN_Start     stm32f4xx_hal_can.o
    0x08001070   0x08001070   0x00000002   Code   RO         1090    i.HAL_CAN_TxMailbox0AbortCallback  stm32f4xx_hal_can.o
    0x08001072   0x08001072   0x00000002   Code   RO         1091    i.HAL_CAN_TxMailbox0CompleteCallback  stm32f4xx_hal_can.o
    0x08001074   0x08001074   0x00000002   Code   RO         1092    i.HAL_CAN_TxMailbox1AbortCallback  stm32f4xx_hal_can.o
    0x08001076   0x08001076   0x00000002   Code   RO         1093    i.HAL_CAN_TxMailbox1CompleteCallback  stm32f4xx_hal_can.o
    0x08001078   0x08001078   0x00000002   Code   RO         1094    i.HAL_CAN_TxMailbox2AbortCallback  stm32f4xx_hal_can.o
    0x0800107a   0x0800107a   0x00000002   Code   RO         1095    i.HAL_CAN_TxMailbox2CompleteCallback  stm32f4xx_hal_can.o
    0x0800107c   0x0800107c   0x00000002   Code   RO         1097    i.HAL_CAN_WakeUpFromRxMsgCallback  stm32f4xx_hal_can.o
    0x0800107e   0x0800107e   0x00000002   PAD
    0x08001080   0x08001080   0x00000240   Code   RO         1973    i.HAL_DMA_IRQHandler  stm32f4xx_hal_dma.o
    0x080012c0   0x080012c0   0x000000ec   Code   RO         1974    i.HAL_DMA_Init      stm32f4xx_hal_dma.o
    0x080013ac   0x080013ac   0x00000092   Code   RO         1977    i.HAL_DMA_Start_IT  stm32f4xx_hal_dma.o
    0x0800143e   0x0800143e   0x00000002   PAD
    0x08001440   0x08001440   0x00000028   Code   RO         2495    i.HAL_Delay         stm32f4xx_hal.o
    0x08001468   0x08001468   0x0000020c   Code   RO         1852    i.HAL_GPIO_Init     stm32f4xx_hal_gpio.o
    0x08001674   0x08001674   0x0000000c   Code   RO         1856    i.HAL_GPIO_WritePin  stm32f4xx_hal_gpio.o
    0x08001680   0x08001680   0x0000000c   Code   RO         2503    i.HAL_GetTick       stm32f4xx_hal.o
    0x0800168c   0x0800168c   0x00000018   Code   RO         2509    i.HAL_IncTick       stm32f4xx_hal.o
    0x080016a4   0x080016a4   0x0000003c   Code   RO         2510    i.HAL_Init          stm32f4xx_hal.o
    0x080016e0   0x080016e0   0x0000004c   Code   RO         2511    i.HAL_InitTick      stm32f4xx_hal.o
    0x0800172c   0x0800172c   0x00000044   Code   RO         1037    i.HAL_MspInit       stm32f4xx_hal_msp.o
    0x08001770   0x08001770   0x00000028   Code   RO         2315    i.HAL_NVIC_EnableIRQ  stm32f4xx_hal_cortex.o
    0x08001798   0x08001798   0x0000007c   Code   RO         2321    i.HAL_NVIC_SetPriority  stm32f4xx_hal_cortex.o
    0x08001814   0x08001814   0x00000028   Code   RO         2322    i.HAL_NVIC_SetPriorityGrouping  stm32f4xx_hal_cortex.o
    0x0800183c   0x0800183c   0x00000184   Code   RO         1333    i.HAL_RCC_ClockConfig  stm32f4xx_hal_rcc.o
    0x080019c0   0x080019c0   0x0000000c   Code   RO         1338    i.HAL_RCC_GetHCLKFreq  stm32f4xx_hal_rcc.o
    0x080019cc   0x080019cc   0x00000020   Code   RO         1340    i.HAL_RCC_GetPCLK1Freq  stm32f4xx_hal_rcc.o
    0x080019ec   0x080019ec   0x00000020   Code   RO         1341    i.HAL_RCC_GetPCLK2Freq  stm32f4xx_hal_rcc.o
    0x08001a0c   0x08001a0c   0x000000b0   Code   RO         1342    i.HAL_RCC_GetSysClockFreq  stm32f4xx_hal_rcc.o
    0x08001abc   0x08001abc   0x0000049c   Code   RO         1345    i.HAL_RCC_OscConfig  stm32f4xx_hal_rcc.o
    0x08001f58   0x08001f58   0x00000034   Code   RO         2326    i.HAL_SYSTICK_Config  stm32f4xx_hal_cortex.o
    0x08001f8c   0x08001f8c   0x00000002   Code   RO         3632    i.HAL_TIMEx_BreakCallback  stm32f4xx_hal_tim_ex.o
    0x08001f8e   0x08001f8e   0x00000002   Code   RO         3633    i.HAL_TIMEx_CommutCallback  stm32f4xx_hal_tim_ex.o
    0x08001f90   0x08001f90   0x000000b4   Code   RO         3651    i.HAL_TIMEx_MasterConfigSynchronization  stm32f4xx_hal_tim_ex.o
    0x08002044   0x08002044   0x00000066   Code   RO         2798    i.HAL_TIM_Base_Init  stm32f4xx_hal_tim.o
    0x080020aa   0x080020aa   0x00000002   PAD
    0x080020ac   0x080020ac   0x00000040   Code   RO          835    i.HAL_TIM_Base_MspInit  tim.o
    0x080020ec   0x080020ec   0x000000a8   Code   RO         2803    i.HAL_TIM_Base_Start_IT  stm32f4xx_hal_tim.o
    0x08002194   0x08002194   0x0000010c   Code   RO         2807    i.HAL_TIM_ConfigClockSource  stm32f4xx_hal_tim.o
    0x080022a0   0x080022a0   0x00000002   Code   RO         2832    i.HAL_TIM_IC_CaptureCallback  stm32f4xx_hal_tim.o
    0x080022a2   0x080022a2   0x0000016c   Code   RO         2846    i.HAL_TIM_IRQHandler  stm32f4xx_hal_tim.o
    0x0800240e   0x0800240e   0x00000002   Code   RO         2849    i.HAL_TIM_OC_DelayElapsedCallback  stm32f4xx_hal_tim.o
    0x08002410   0x08002410   0x00000002   Code   RO         2876    i.HAL_TIM_PWM_PulseFinishedCallback  stm32f4xx_hal_tim.o
    0x08002412   0x08002412   0x00000002   PAD
    0x08002414   0x08002414   0x00000040   Code   RO          380    i.HAL_TIM_PeriodElapsedCallback  yaokong.o
    0x08002454   0x08002454   0x00000002   Code   RO         2889    i.HAL_TIM_TriggerCallback  stm32f4xx_hal_tim.o
    0x08002456   0x08002456   0x00000070   Code   RO         3951    i.HAL_UARTEx_ReceiveToIdle_DMA  stm32f4xx_hal_uart.o
    0x080024c6   0x080024c6   0x00000002   PAD
    0x080024c8   0x080024c8   0x00000150   Code   RO          381    i.HAL_UARTEx_RxEventCallback  yaokong.o
    0x08002618   0x08002618   0x00000002   Code   RO         3967    i.HAL_UART_ErrorCallback  stm32f4xx_hal_uart.o
    0x0800261a   0x0800261a   0x00000076   Code   RO         3971    i.HAL_UART_Init     stm32f4xx_hal_uart.o
    0x08002690   0x08002690   0x000000cc   Code   RO          880    i.HAL_UART_MspInit  usart.o
    0x0800275c   0x0800275c   0x00000002   Code   RO         3977    i.HAL_UART_RxCpltCallback  stm32f4xx_hal_uart.o
    0x0800275e   0x0800275e   0x00000002   Code   RO         3978    i.HAL_UART_RxHalfCpltCallback  stm32f4xx_hal_uart.o
    0x08002760   0x08002760   0x00000004   Code   RO          929    i.HardFault_Handler  stm32f4xx_it.o
    0x08002764   0x08002764   0x00000040   Code   RO          755    i.MX_CAN1_Init      can.o
    0x080027a4   0x080027a4   0x00000040   Code   RO          756    i.MX_CAN2_Init      can.o
    0x080027e4   0x080027e4   0x00000038   Code   RO          806    i.MX_DMA_Init       dma.o
    0x0800281c   0x0800281c   0x0000007c   Code   RO          665    i.MX_GPIO_Init      gpio.o
    0x08002898   0x08002898   0x0000006c   Code   RO          836    i.MX_TIM2_Init      tim.o
    0x08002904   0x08002904   0x00000040   Code   RO          881    i.MX_USART1_UART_Init  usart.o
    0x08002944   0x08002944   0x00000004   Code   RO          930    i.MemManage_Handler  stm32f4xx_it.o
    0x08002948   0x08002948   0x00000004   Code   RO          931    i.NMI_Handler       stm32f4xx_it.o
    0x0800294c   0x0800294c   0x00000002   Code   RO          932    i.PendSV_Handler    stm32f4xx_it.o
    0x0800294e   0x0800294e   0x00000002   Code   RO          933    i.SVC_Handler       stm32f4xx_it.o
    0x08002950   0x08002950   0x00000008   Code   RO          934    i.SysTick_Handler   stm32f4xx_it.o
    0x08002958   0x08002958   0x00000014   Code   RO         4377    i.SystemInit        system_stm32f4xx.o
    0x0800296c   0x0800296c   0x00000010   Code   RO          935    i.TIM2_IRQHandler   stm32f4xx_it.o
    0x0800297c   0x0800297c   0x000000e8   Code   RO         2891    i.TIM_Base_SetConfig  stm32f4xx_hal_tim.o
    0x08002a64   0x08002a64   0x00000016   Code   RO         2897    i.TIM_ETR_SetConfig  stm32f4xx_hal_tim.o
    0x08002a7a   0x08002a7a   0x00000002   PAD
    0x08002a7c   0x08002a7c   0x000000c4   Code   RO         3984    i.UART_Start_Receive_DMA  stm32f4xx_hal_uart.o
    0x08002b40   0x08002b40   0x00000004   Code   RO          936    i.UsageFault_Handler  stm32f4xx_it.o
    0x08002b44   0x08002b44   0x000000f4   Code   RO          249    i._Z10pid_outputP3PIDss  pid.o
    0x08002c38   0x08002c38   0x0000002c   Code   RO         1979    i._Z13DMA_SetConfigP19__DMA_HandleTypeDefjjj  stm32f4xx_hal_dma.o
    0x08002c64   0x08002c64   0x00000050   Code   RO         3986    i._Z13UART_DMAErrorP19__DMA_HandleTypeDef  stm32f4xx_hal_uart.o
    0x08002cb4   0x08002cb4   0x0000022c   Code   RO         3987    i._Z14UART_SetConfigP20__UART_HandleTypeDef  stm32f4xx_hal_uart.o
    0x08002ee0   0x08002ee0   0x00000040   Code   RO           15    i._Z15can_filter_initv  can_user.o
    0x08002f20   0x08002f20   0x00000040   Code   RO           16    i._Z16can_filter2_initv  can_user.o
    0x08002f60   0x08002f60   0x000000aa   Code   RO         1980    i._Z18DMA_CheckFifoParamP19__DMA_HandleTypeDef  stm32f4xx_hal_dma.o
    0x0800300a   0x0800300a   0x00000002   PAD
    0x0800300c   0x0800300c   0x000000b0   Code   RO          588    i._Z18SystemClock_Configv  main.o
    0x080030bc   0x080030bc   0x00000012   Code   RO         2907    i._Z18TIM_ITRx_SetConfigP11TIM_TypeDefj  stm32f4xx_hal_tim.o
    0x080030ce   0x080030ce   0x00000024   Code   RO         3990    i._Z18UART_DMARxHalfCpltP19__DMA_HandleTypeDef  stm32f4xx_hal_uart.o
    0x080030f2   0x080030f2   0x0000006c   Code   RO         3992    i._Z18UART_EndRxTransferP20__UART_HandleTypeDef  stm32f4xx_hal_uart.o
    0x0800315e   0x0800315e   0x00000026   Code   RO         3993    i._Z18UART_EndTxTransferP20__UART_HandleTypeDef  stm32f4xx_hal_uart.o
    0x08003184   0x08003184   0x00000028   Code   RO         2328    i._Z18__NVIC_SetPriority9IRQn_Typej  stm32f4xx_hal_cortex.o
    0x080031ac   0x080031ac   0x000000b4   Code   RO         3994    i._Z19UART_DMAReceiveCpltP19__DMA_HandleTypeDef  stm32f4xx_hal_uart.o
    0x08003260   0x08003260   0x0000018c   Code   RO          277    i._Z19dipan_speed_jiesuan8RC_Ctl_t  dipan_control.o
    0x080033ec   0x080033ec   0x00000090   Code   RO           17    i._Z23CAN_cmd_angle_6020motorPsP13motor_recieve  can_user.o
    0x0800347c   0x0800347c   0x00000058   Code   RO           18    i._Z23CAN_cmd_speed_3508motorPsP13motor_recieve  can_user.o
    0x080034d4   0x080034d4   0x00000034   Code   RO         1981    i._Z23DMA_CalcBaseAndBitshiftP19__DMA_HandleTypeDef  stm32f4xx_hal_dma.o
    0x08003508   0x08003508   0x00000026   Code   RO         2912    i._Z24TIM_TI1_ConfigInputStageP11TIM_TypeDefjj  stm32f4xx_hal_tim.o
    0x0800352e   0x0800352e   0x00000028   Code   RO         2913    i._Z24TIM_TI2_ConfigInputStageP11TIM_TypeDefjj  stm32f4xx_hal_tim.o
    0x08003556   0x08003556   0x00000002   PAD
    0x08003558   0x08003558   0x00000050   Code   RO           21    i._Z25CAN_cmd_current_3508motorssss  can_user.o
    0x080035a8   0x080035a8   0x00000050   Code   RO           22    i._Z25CAN_cmd_current_6020motorssss  can_user.o
    0x080035f8   0x080035f8   0x00000010   Code   RO         2329    i._Z26__NVIC_GetPriorityGroupingv  stm32f4xx_hal_cortex.o
    0x08003608   0x08003608   0x000000bc   Code   RO          589    i.main              main.o
    0x080036c4   0x080036c4   0x00000150   Code   RO         4424    x$fpl$dadd          fz_wm.l(daddsub_clz.o)
    0x08003814   0x08003814   0x0000005e   Code   RO         4430    x$fpl$dfix          fz_wm.l(dfix.o)
    0x08003872   0x08003872   0x0000002e   Code   RO         4435    x$fpl$dflt          fz_wm.l(dflt_clz.o)
    0x080038a0   0x080038a0   0x00000154   Code   RO         4440    x$fpl$dmul          fz_wm.l(dmul.o)
    0x080039f4   0x080039f4   0x0000009c   Code   RO         4449    x$fpl$dnaninf       fz_wm.l(dnaninf.o)
    0x08003a90   0x08003a90   0x0000000c   Code   RO         4451    x$fpl$dretinf       fz_wm.l(dretinf.o)
    0x08003a9c   0x08003a9c   0x000001d4   Code   RO         4426    x$fpl$dsub          fz_wm.l(daddsub_clz.o)
    0x08003c70   0x08003c70   0x0000000a   Code   RO         4556    x$fpl$fpinit        fz_wm.l(fpinit.o)
    0x08003c7a   0x08003c7a   0x00000000   Code   RO         4453    x$fpl$usenofp       fz_wm.l(usenofp.o)
    0x08003c7a   0x08003c7a   0x00000008   Data   RO         1998    .constdata          stm32f4xx_hal_dma.o
    0x08003c82   0x08003c82   0x00000018   Data   RO         4380    .constdata          system_stm32f4xx.o
    0x08003c9a   0x08003c9a   0x00000002   PAD
    0x08003c9c   0x08003c9c   0x00000020   Data   RO         4612    Region$$Table       anon$$obj.o


    Execution Region RW_IRAM2 (Exec base: 0x10000000, Load base: 0x08003d1c, Size: 0x00000000, Max: 0x00010000, ABSOLUTE)

    **** No section assigned to this execution region ****


    Execution Region RW_IRAM1 (Exec base: 0x20000000, Load base: 0x08003cbc, Size: 0x00000a28, Max: 0x00030000, ABSOLUTE, COMPRESSED[0x00000060])

    Exec Addr    Load Addr    Size         Type   Attr      Idx    E Section Name        Object

    0x20000000   COMPRESSED   0x0000002a   Data   RW           44    .data               can_user.o
    0x2000002a   COMPRESSED   0x00000002   PAD
    0x2000002c   COMPRESSED   0x00000150   Data   RW          251    .data               pid.o
    0x2000017c   COMPRESSED   0x00000012   Data   RW          279    .data               dipan_control.o
    0x2000018e   COMPRESSED   0x00000006   Data   RW          384    .data               yaokong.o
    0x20000194   COMPRESSED   0x0000000a   Data   RW          594    .data               main.o
    0x2000019e   COMPRESSED   0x00000002   PAD
    0x200001a0   COMPRESSED   0x00000004   Data   RW          762    .data               can.o
    0x200001a4   COMPRESSED   0x00000009   Data   RW         2546    .data               stm32f4xx_hal.o
    0x200001ad   COMPRESSED   0x00000003   PAD
    0x200001b0   COMPRESSED   0x00000004   Data   RW         4381    .data               system_stm32f4xx.o
    0x200001b4        -       0x00000060   Zero   RW           43    .bss                can_user.o
    0x20000214        -       0x00000070   Zero   RW          593    .bss                main.o
    0x20000284        -       0x00000050   Zero   RW          761    .bss                can.o
    0x200002d4        -       0x00000048   Zero   RW          840    .bss                tim.o
    0x2000031c        -       0x000000a8   Zero   RW          885    .bss                usart.o
    0x200003c4        -       0x00000060   Zero   RW         4486    .bss                c_w.l(libspace.o)
    0x20000424   COMPRESSED   0x00000004   PAD
    0x20000428        -       0x00000200   Zero   RW            2    HEAP                startup_stm32f427xx.o
    0x20000628        -       0x00000400   Zero   RW            1    STACK               startup_stm32f427xx.o


==============================================================================

Image component sizes


      Code (inc. data)   RO Data    RW Data    ZI Data      Debug   Object Name

       472         44          0          4         80       2594   can.o
       796         76          0         42         96     697311   can_user.o
       396         28          0         18          0       3604   dipan_control.o
        56          6          0          0          0        842   dma.o
       124          6          0          0          0     744499   gpio.o
       370         50          0         10        112       3887   main.o
       244          0          0        336          0       1765   pid.o
        64         26        428          0       1536        872   startup_stm32f427xx.o
       212         36          0          9          0       9785   stm32f4xx_hal.o
      2146          6          0          0          0      14331   stm32f4xx_hal_can.o
       312         22          0          0          0      34527   stm32f4xx_hal_cortex.o
      1224         16          8          0          0       5763   stm32f4xx_hal_dma.o
       536         52          0          0          0       2232   stm32f4xx_hal_gpio.o
        68          4          0          0          0        938   stm32f4xx_hal_msp.o
      1820         86          0          0          0       5828   stm32f4xx_hal_rcc.o
      1260         76          0          0          0      10259   stm32f4xx_hal_tim.o
       184         30          0          0          0       2657   stm32f4xx_hal_tim_ex.o
      1430         22          0          0          0       9357   stm32f4xx_hal_uart.o
        98         24          0          0          0       6558   stm32f4xx_it.o
        20          6         24          4          0       1235   system_stm32f4xx.o
       172          8          0          0         72       1822   tim.o
       268         34          0          0        168       1929   usart.o
       400         38          0          6          0     661456   yaokong.o

    ----------------------------------------------------------------------
     12694        696        494        436       2064    2224051   Object Totals
         0          0         32          0          0          0   (incl. Generated)
        22          0          2          7          0          0   (incl. Padding)

    ----------------------------------------------------------------------

      Code (inc. data)   RO Data    RW Data    ZI Data      Debug   Library Member Name

        90          0          0          0          0          0   __dczerorl2.o
         8          0          0          0          0         68   __main.o
         0          0          0          0          0          0   __rtentry.o
        12          0          0          0          0          0   __rtentry2.o
         6          0          0          0          0          0   __rtentry4.o
        52          8          0          0          0          0   __scatter.o
        28          0          0          0          0          0   __scatter_zi.o
        18          0          0          0          0         80   exit.o
         6          0          0          0          0        152   heapauxi.o
         0          0          0          0          0          0   indicate_semi.o
         2          0          0          0          0          0   libinit.o
         6          0          0          0          0          0   libinit2.o
         2          0          0          0          0          0   libshutdown.o
         2          0          0          0          0          0   libshutdown2.o
         8          4          0          0         96         68   libspace.o
       238          0          0          0          0        100   lludivv7m.o
        78          0          0          0          0         80   rt_memclr_w.o
       138          0          0          0          0         68   rt_memcpy_v6.o
       100          0          0          0          0         80   rt_memcpy_w.o
         2          0          0          0          0          0   rtexit.o
        10          0          0          0          0          0   rtexit2.o
        12          4          0          0          0         68   sys_exit.o
        74          0          0          0          0         80   sys_stackheap_outer.o
         2          0          0          0          0         68   use_no_semi.o
       804         16          0          0          0        368   daddsub_clz.o
        94          4          0          0          0        140   dfix.o
        46          0          0          0          0        116   dflt_clz.o
       340         12          0          0          0        152   dmul.o
       156          4          0          0          0        140   dnaninf.o
        12          0          0          0          0        116   dretinf.o
        10          0          0          0          0        116   fpinit.o
         0          0          0          0          0          0   usenofp.o

    ----------------------------------------------------------------------
      2360         52          0          0        100       2060   Library Totals
         4          0          0          0          4          0   (incl. Padding)

    ----------------------------------------------------------------------

      Code (inc. data)   RO Data    RW Data    ZI Data      Debug   Library Name

       894         16          0          0         96        912   c_w.l
      1462         36          0          0          0       1148   fz_wm.l

    ----------------------------------------------------------------------
      2360         52          0          0        100       2060   Library Totals

    ----------------------------------------------------------------------

==============================================================================


      Code (inc. data)   RO Data    RW Data    ZI Data      Debug   

     15054        748        494        436       2164    2214847   Grand Totals
     15054        748        494         96       2164    2214847   ELF Image Totals (compressed)
     15054        748        494         96          0          0   ROM Totals

==============================================================================

    Total RO  Size (Code + RO Data)                15548 (  15.18kB)
    Total RW  Size (RW Data + ZI Data)              2600 (   2.54kB)
    Total ROM Size (Code + RO Data + RW Data)      15644 (  15.28kB)

==============================================================================

