Component: ARM Compiler 5.06 update 5 (build 528) Tool: armlink [4d35e2]

==============================================================================

Section Cross References

    startup_stm32f427xx.o(STACK) refers (Special) to heapauxi.o(.text) for __use_two_region_memory
    startup_stm32f427xx.o(HEAP) refers (Special) to heapauxi.o(.text) for __use_two_region_memory
    startup_stm32f427xx.o(RESET) refers (Special) to heapauxi.o(.text) for __use_two_region_memory
    startup_stm32f427xx.o(RESET) refers to startup_stm32f427xx.o(STACK) for __initial_sp
    startup_stm32f427xx.o(RESET) refers to startup_stm32f427xx.o(.text) for Reset_Handler
    startup_stm32f427xx.o(RESET) refers to stm32f4xx_it.o(i.NMI_Handler) for NMI_Handler
    startup_stm32f427xx.o(RESET) refers to stm32f4xx_it.o(i.HardFault_Handler) for HardFault_Handler
    startup_stm32f427xx.o(RESET) refers to stm32f4xx_it.o(i.MemManage_Handler) for MemManage_Handler
    startup_stm32f427xx.o(RESET) refers to stm32f4xx_it.o(i.BusFault_Handler) for BusFault_Handler
    startup_stm32f427xx.o(RESET) refers to stm32f4xx_it.o(i.UsageFault_Handler) for UsageFault_Handler
    startup_stm32f427xx.o(RESET) refers to stm32f4xx_it.o(i.SVC_Handler) for SVC_Handler
    startup_stm32f427xx.o(RESET) refers to stm32f4xx_it.o(i.DebugMon_Handler) for DebugMon_Handler
    startup_stm32f427xx.o(RESET) refers to stm32f4xx_it.o(i.PendSV_Handler) for PendSV_Handler
    startup_stm32f427xx.o(RESET) refers to stm32f4xx_it.o(i.SysTick_Handler) for SysTick_Handler
    startup_stm32f427xx.o(RESET) refers to stm32f4xx_it.o(i.CAN1_RX0_IRQHandler) for CAN1_RX0_IRQHandler
    startup_stm32f427xx.o(RESET) refers to stm32f4xx_it.o(i.DMA2_Stream2_IRQHandler) for DMA2_Stream2_IRQHandler
    startup_stm32f427xx.o(.text) refers (Special) to heapauxi.o(.text) for __use_two_region_memory
    startup_stm32f427xx.o(.text) refers to system_stm32f4xx.o(i.SystemInit) for SystemInit
    startup_stm32f427xx.o(.text) refers to __main.o(!!!main) for __main
    startup_stm32f427xx.o(.text) refers to startup_stm32f427xx.o(HEAP) for Heap_Mem
    startup_stm32f427xx.o(.text) refers to startup_stm32f427xx.o(STACK) for Stack_Mem
    can_user.o(i.HAL_CAN_RxFifo0MsgPendingCallback) refers to stm32f4xx_hal_can.o(i.HAL_CAN_GetRxMessage) for HAL_CAN_GetRxMessage
    can_user.o(i.HAL_CAN_RxFifo0MsgPendingCallback) refers to can_user.o(i._Z16updateMotorAngle13motor_recieve) for updateMotorAngle(motor_recieve)
    can_user.o(i.HAL_CAN_RxFifo0MsgPendingCallback) refers to stm32f4xx_hal_gpio.o(i.HAL_GPIO_WritePin) for HAL_GPIO_WritePin
    can_user.o(i.HAL_CAN_RxFifo0MsgPendingCallback) refers to can.o(.bss) for hcan1
    can_user.o(i.HAL_CAN_RxFifo0MsgPendingCallback) refers to main.o(.bss) for motor_recieve_dipan3508
    can_user.o(i._Z15can_filter_initv) refers to stm32f4xx_hal_can.o(i.HAL_CAN_ConfigFilter) for HAL_CAN_ConfigFilter
    can_user.o(i._Z15can_filter_initv) refers to stm32f4xx_hal_can.o(i.HAL_CAN_Start) for HAL_CAN_Start
    can_user.o(i._Z15can_filter_initv) refers to stm32f4xx_hal_can.o(i.HAL_CAN_ActivateNotification) for HAL_CAN_ActivateNotification
    can_user.o(i._Z15can_filter_initv) refers to can.o(.bss) for hcan1
    can_user.o(i._Z16updateMotorAngle13motor_recieve) refers to can_user.o(.data) for shoot_count
    can_user.o(i._Z22calculateRotorRotationd13motor_recievePsS0_) refers to ddiv.o(x$fpl$ddiv) for __aeabi_ddiv
    can_user.o(i._Z22calculateRotorRotationd13motor_recievePsS0_) refers to dmul.o(x$fpl$dmul) for __aeabi_dmul
    can_user.o(i._Z22calculateRotorRotationd13motor_recievePsS0_) refers to dfix.o(x$fpl$dfix) for __aeabi_d2iz
    can_user.o(i._Z22calculateRotorRotationd13motor_recievePsS0_) refers to dflt_clz.o(x$fpl$dflt) for __aeabi_i2d
    can_user.o(i._Z22calculateRotorRotationd13motor_recievePsS0_) refers to daddsub_clz.o(x$fpl$drsb) for __aeabi_drsub
    can_user.o(i._Z22calculateRotorRotationd13motor_recievePsS0_) refers to daddsub_clz.o(x$fpl$dadd) for __aeabi_dadd
    can_user.o(i._Z23CAN_cmd_angle_2006motors13motor_recieve) refers to pid.o(i._Z10pid_outputP3PIDss) for pid_output(PID*, short, short)
    can_user.o(i._Z23CAN_cmd_angle_2006motors13motor_recieve) refers to can_user.o(i._Z23CAN_cmd_speed_2006motors13motor_recieve) for CAN_cmd_speed_2006motor(short, motor_recieve)
    can_user.o(i._Z23CAN_cmd_angle_2006motors13motor_recieve) refers to pid.o(.data) for pid_bodan2006_angle
    can_user.o(i._Z23CAN_cmd_angle_2006motors13motor_recieve) refers to main.o(.bss) for motor_recieve_dipan3508
    can_user.o(i._Z23CAN_cmd_angle_6020motorPsP13motor_recieve) refers to pid.o(i._Z10pid_outputP3PIDss) for pid_output(PID*, short, short)
    can_user.o(i._Z23CAN_cmd_angle_6020motorPsP13motor_recieve) refers to can_user.o(i._Z25CAN_cmd_current_6020motorssss) for CAN_cmd_current_6020motor(short, short, short, short)
    can_user.o(i._Z23CAN_cmd_angle_6020motorPsP13motor_recieve) refers to pid.o(.data) for pid_yuntai6020_angle
[...]
    ../Drivers/STM32F4xx_HAL_Driver/Src/stm32f4xx_hal_rcc.c 0x00000000   Number         0  stm32f4xx_hal_rcc.o ABSOLUTE
    ../Drivers/STM32F4xx_HAL_Driver/Src/stm32f4xx_hal_rcc_ex.c 0x00000000   Number         0  stm32f4xx_hal_rcc_ex.o ABSOLUTE
    ../Drivers/STM32F4xx_HAL_Driver/Src/stm32f4xx_hal_tim.c 0x00000000   Number         0  stm32f4xx_hal_tim.o ABSOLUTE
    ../Drivers/STM32F4xx_HAL_Driver/Src/stm32f4xx_hal_tim_ex.c 0x00000000   Number         0  stm32f4xx_hal_tim_ex.o ABSOLUTE
    ../Drivers/STM32F4xx_HAL_Driver/Src/stm32f4xx_hal_uart.c 0x00000000   Number         0  stm32f4xx_hal_uart.o ABSOLUTE
    ../clib/angel/boardlib.s                 0x00000000   Number         0  boardinit2.o ABSOLUTE
    ../clib/angel/boardlib.s                 0x00000000   Number         0  boardshut.o ABSOLUTE
    ../clib/angel/boardlib.s                 0x00000000   Number         0  boardinit3.o ABSOLUTE
    ../clib/angel/boardlib.s                 0x00000000   Number         0  boardinit1.o ABSOLUTE
    ../clib/angel/handlers.s                 0x00000000   Number         0  __scatter_copy.o ABSOLUTE
    ../clib/angel/handlers.s                 0x00000000   Number         0  __scatter_zi.o ABSOLUTE
    ../clib/angel/kernel.s                   0x00000000   Number         0  __rtentry2.o ABSOLUTE
    ../clib/angel/kernel.s                   0x00000000   Number         0  rtexit.o ABSOLUTE
    ../clib/angel/kernel.s                   0x00000000   Number         0  __rtentry.o ABSOLUTE
    ../clib/angel/kernel.s                   0x00000000   Number         0  rtexit2.o ABSOLUTE
    ../clib/angel/kernel.s                   0x00000000   Number         0  __rtentry4.o ABSOLUTE
    ../clib/angel/rt.s                       0x00000000   Number         0  rt_raise.o ABSOLUTE
    ../clib/angel/rt.s                       0x00000000   Number         0  rt_div0.o ABSOLUTE
    ../clib/angel/rt.s                       0x00000000   Number         0  aeabi_ldiv0.o ABSOLUTE
    ../clib/angel/rt.s                       0x00000000   Number         0  aeabi_ldiv0_sigfpe.o ABSOLUTE
    ../clib/angel/scatter.s                  0x00000000   Number         0  __scatter.o ABSOLUTE
    ../clib/angel/startup.s                  0x00000000   Number         0  __main.o ABSOLUTE
    ../clib/angel/sys.s                      0x00000000   Number         0  sys_stackheap_outer.o ABSOLUTE
    ../clib/angel/sys.s                      0x00000000   Number         0  libspace.o ABSOLUTE
    ../clib/angel/sys.s                      0x00000000   Number         0  indicate_semi.o ABSOLUTE
    ../clib/angel/sys.s                      0x00000000   Number         0  use_no_semi.o ABSOLUTE
    ../clib/angel/sysapp.c                   0x00000000   Number         0  sys_exit.o ABSOLUTE
    ../clib/angel/sysapp.c                   0x00000000   Number         0  sys_command.o ABSOLUTE
    ../clib/angel/sysapp.c                   0x00000000   Number         0  sys_wrch.o ABSOLUTE
    ../clib/armsys.c                         0x00000000   Number         0  _get_argv_nomalloc.o ABSOLUTE
    ../clib/armsys.c                         0x00000000   Number         0  argv_veneer.o ABSOLUTE
    ../clib/armsys.c                         0x00000000   Number         0  argv_veneer.o ABSOLUTE
    ../clib/armsys.c                         0x00000000   Number         0  no_argv.o ABSOLUTE
    ../clib/heapalloc.c                      0x00000000   Number         0  hrguard.o ABSOLUTE
    ../clib/heapaux.c                        0x00000000   Number         0  heapauxi.o ABSOLUTE
    ../clib/libinit.s                        0x00000000   Number         0  libinit2.o ABSOLUTE
    ../clib/libinit.s                        0x00000000   Number         0  libinit.o ABSOLUTE
    ../clib/libinit.s                        0x00000000   Number         0  libshutdown2.o ABSOLUTE
    ../clib/libinit.s                        0x00000000   Number         0  libshutdown.o ABSOLUTE
    ../clib/longlong.s                       0x00000000   Number         0  lludivv7m.o ABSOLUTE
    ../clib/memcpset.s                       0x00000000   Number         0  rt_memclr_w.o ABSOLUTE
    ../clib/signal.c                         0x00000000   Number         0  defsig_rtred_inner.o ABSOLUTE
    ../clib/signal.c                         0x00000000   Number         0  defsig_stak_inner.o ABSOLUTE
    ../clib/signal.c                         0x00000000   Number         0  defsig_abrt_inner.o ABSOLUTE
    ../clib/signal.c                         0x00000000   Number         0  defsig_cppl_inner.o ABSOLUTE
    ../clib/signal.c                         0x00000000   Number         0  defsig_pvfn_inner.o ABSOLUTE
    ../clib/signal.c                         0x00000000   Number         0  defsig_fpe_outer.o ABSOLUTE
    ../clib/signal.c                         0x00000000   Number         0  defsig_rtmem_formal.o ABSOLUTE
    ../clib/signal.c                         0x00000000   Number         0  defsig_exit.o ABSOLUTE
    ../clib/signal.c                         0x00000000   Number         0  defsig_rtmem_outer.o ABSOLUTE
    ../clib/signal.c                         0x00000000   Number         0  defsig_fpe_inner.o ABSOLUTE
    ../clib/signal.c                         0x00000000   Number         0  defsig_rtmem_inner.o ABSOLUTE
    ../clib/signal.c                         0x00000000   Number         0  defsig_fpe_formal.o ABSOLUTE
    ../clib/signal.c                         0x00000000   Number         0  defsig_segv_inner.o ABSOLUTE
    ../clib/signal.c                         0x00000000   Number         0  defsig_other.o ABSOLUTE
    ../clib/signal.c                         0x00000000   Number         0  __raise.o ABSOLUTE
    ../clib/signal.c                         0x00000000   Number         0  defsig_general.o ABSOLUTE
    ../clib/signal.s                         0x00000000   Number         0  defsig.o ABSOLUTE
    ../clib/stdlib.c                         0x00000000   Number         0  exit.o ABSOLUTE
    ../fplib/daddsub.s                       0x00000000   Number         0  daddsub_clz.o ABSOLUTE
    ../fplib/ddiv.s                          0x00000000   Number         0  ddiv.o ABSOLUTE
    ../fplib/dfix.s                          0x00000000   Number         0  dfix.o ABSOLUTE
    ../fplib/dflt.s                          0x00000000   Number         0  dflt_clz.o ABSOLUTE
    ../fplib/dmul.s                          0x00000000   Number         0  dmul.o ABSOLUTE
    ../fplib/dnaninf.s                       0x00000000   Number         0  dnaninf.o ABSOLUTE
    ../fplib/dretinf.s                       0x00000000   Number         0  dretinf.o ABSOLUTE
    ../fplib/fpinit.s                        0x00000000   Number         0  fpinit.o ABSOLUTE
    ../fplib/usenofp.s                       0x00000000   Number         0  usenofp.o ABSOLUTE
    ..\Core\Src\can.c                        0x00000000   Number         0  can.o ABSOLUTE
    ..\Core\Src\dma.c                        0x00000000   Number         0  dma.o ABSOLUTE
    ..\Core\Src\gpio.c                       0x00000000   Number         0  gpio.o ABSOLUTE
    ..\Core\Src\main.c                       0x00000000   Number         0  main.o ABSOLUTE
    ..\Core\Src\stm32f4xx_hal_msp.c          0x00000000   Number         0  stm32f4xx_hal_msp.o ABSOLUTE
    ..\Core\Src\stm32f4xx_it.c               0x00000000   Number         0  stm32f4xx_it.o ABSOLUTE
    ..\Core\Src\system_stm32f4xx.c           0x00000000   Number         0  system_stm32f4xx.o ABSOLUTE
    ..\Core\Src\usart.c                      0x00000000   Number         0  usart.o ABSOLUTE
    ..\Drivers\STM32F4xx_HAL_Driver\Src\stm32f4xx_hal.c 0x00000000   Number         0  stm32f4xx_hal.o ABSOLUTE
    ..\Drivers\STM32F4xx_HAL_Driver\Src\stm32f4xx_hal_can.c 0x00000000   Number         0  stm32f4xx_hal_can.o ABSOLUTE
    ..\Drivers\STM32F4xx_HAL_Driver\Src\stm32f4xx_hal_cortex.c 0x00000000   Number         0  stm32f4xx_hal_cortex.o ABSOLUTE
    ..\Drivers\STM32F4xx_HAL_Driver\Src\stm32f4xx_hal_dma.c 0x00000000   Number         0  stm32f4xx_hal_dma.o ABSOLUTE
    ..\Drivers\STM32F4xx_HAL_Driver\Src\stm32f4xx_hal_dma_ex.c 0x00000000   Number         0  stm32f4xx_hal_dma_ex.o ABSOLUTE
    ..\Drivers\STM32F4xx_HAL_Driver\Src\stm32f4xx_hal_exti.c 0x00000000   Number         0  stm32f4xx_hal_exti.o ABSOLUTE
    ..\Drivers\STM32F4xx_HAL_Driver\Src\stm32f4xx_hal_flash.c 0x00000000   Number         0  stm32f4xx_hal_flash.o ABSOLUTE
    ..\Drivers\STM32F4xx_HAL_Driver\Src\stm32f4xx_hal_flash_ex.c 0x00000000   Number         0  stm32f4xx_hal_flash_ex.o ABSOLUTE
    ..\Drivers\STM32F4xx_HAL_Driver\Src\stm32f4xx_hal_flash_ramfunc.c 0x00000000   Number         0  stm32f4xx_hal_flash_ramfunc.o ABSOLUTE
    ..\Drivers\STM32F4xx_HAL_Driver\Src\stm32f4xx_hal_gpio.c 0x00000000   Number         0  stm32f4xx_hal_gpio.o ABSOLUTE
    ..\Drivers\STM32F4xx_HAL_Driver\Src\stm32f4xx_hal_pwr.c 0x00000000   Number         0  stm32f4xx_hal_pwr.o ABSOLUTE
    ..\Drivers\STM32F4xx_HAL_Driver\Src\stm32f4xx_hal_pwr_ex.c 0x00000000   Number         0  stm32f4xx_hal_pwr_ex.o ABSOLUTE
    ..\Drivers\STM32F4xx_HAL_Driver\Src\stm32f4xx_hal_rcc.c 0x00000000   Number         0  stm32f4xx_hal_rcc.o ABSOLUTE
    ..\Drivers\STM32F4xx_HAL_Driver\Src\stm32f4xx_hal_rcc_ex.c 0x00000000   Number         0  stm32f4xx_hal_rcc_ex.o ABSOLUTE
    ..\Drivers\STM32F4xx_HAL_Driver\Src\stm32f4xx_hal_tim.c 0x00000000   Number         0  stm32f4xx_hal_tim.o ABSOLUTE
    ..\Drivers\STM32F4xx_HAL_Driver\Src\stm32f4xx_hal_tim_ex.c 0x00000000   Number         0  stm32f4xx_hal_tim_ex.o ABSOLUTE
    ..\Drivers\STM32F4xx_HAL_Driver\Src\stm32f4xx_hal_uart.c 0x00000000   Number         0  stm32f4xx_hal_uart.o ABSOLUTE
    ..\Hardware\can_user.c                   0x00000000   Number         0  can_user.o ABSOLUTE
    ..\Hardware\dipan_control.c              0x00000000   Number         0  dipan_control.o ABSOLUTE
    ..\Hardware\dipan_gensui.c               0x00000000   Number         0  dipan_gensui.o ABSOLUTE
    ..\Hardware\pid.c                        0x00000000   Number         0  pid.o ABSOLUTE
    ..\Hardware\test.c                       0x00000000   Number         0  test.o ABSOLUTE
    ..\Hardware\yaokong.c                    0x00000000   Number         0  yaokong.o ABSOLUTE
    ..\\Hardware\\can_user.c                 0x00000000   Number         0  can_user.o ABSOLUTE
    ..\\Hardware\\dipan_control.c            0x00000000   Number         0  dipan_control.o ABSOLUTE
    ..\\Hardware\\dipan_gensui.c             0x00000000   Number         0  dipan_gensui.o ABSOLUTE
    ..\\Hardware\\pid.c                      0x00000000   Number         0  pid.o ABSOLUTE
    ..\\Hardware\\yaokong.c                  0x00000000   Number         0  yaokong.o ABSOLUTE
    dc.s                                     0x00000000   Number         0  dc.o ABSOLUTE
    startup_stm32f427xx.s                    0x00000000   Number         0  startup_stm32f427xx.o ABSOLUTE
    RESET                                    0x08000000   Section      428  startup_stm32f427xx.o(RESET)
    !!!main                                  0x080001ac   Section        8  __main.o(!!!main)
    !!!scatter                               0x080001b4   Section       52  __scatter.o(!!!scatter)
    !!handler_copy                           0x080001e8   Section       26  __scatter_copy.o(!!handler_copy)
    !!handler_zi                             0x08000204   Section       28  __scatter_zi.o(!!handler_zi)
    .ARM.Collect$$libinit$$00000000          0x08000220   Section        2  libinit.o(.ARM.Collect$$libinit$$00000000)
    .ARM.Collect$$libinit$$00000001          0x08000222   Section        4  libinit2.o(.ARM.Collect$$libinit$$00000001)
    .ARM.Collect$$libinit$$00000004          0x08000226   Section        0  libinit2.o(.ARM.Collect$$libinit$$00000004)
    .ARM.Collect$$libinit$$0000000A          0x08000226   Section        0  libinit2.o(.ARM.Collect$$libinit$$0000000A)
    .ARM.Collect$$libinit$$0000000C          0x08000226   Section        0  libinit2.o(.ARM.Collect$$libinit$$0000000C)
    .ARM.Collect$$libinit$$0000000E          0x08000226   Section        0  libinit2.o(.ARM.Collect$$libinit$$0000000E)
    .ARM.Collect$$libinit$$00000011          0x08000226   Section        0  libinit2.o(.ARM.Collect$$libinit$$00000011)
    .ARM.Collect$$libinit$$00000013          0x08000226   Section        0  libinit2.o(.ARM.Collect$$libinit$$00000013)
    .ARM.Collect$$libinit$$00000015          0x08000226   Section        0  libinit2.o(.ARM.Collect$$libinit$$00000015)
    .ARM.Collect$$libinit$$00000017          0x08000226   Section        0  libinit2.o(.ARM.Collect$$libinit$$00000017)
    .ARM.Collect$$libinit$$00000019          0x08000226   Section        0  libinit2.o(.ARM.Collect$$libinit$$00000019)
    .ARM.Collect$$libinit$$0000001B          0x08000226   Section        0  libinit2.o(.ARM.Collect$$libinit$$0000001B)
    .ARM.Collect$$libinit$$0000001D          0x08000226   Section        0  libinit2.o(.ARM.Collect$$libinit$$0000001D)
    .ARM.Collect$$libinit$$0000001F          0x08000226   Section        0  libinit2.o(.ARM.Collect$$libinit$$0000001F)
    .ARM.Collect$$libinit$$00000021          0x08000226   Section        0  libinit2.o(.ARM.Collect$$libinit$$00000021)
    .ARM.Collect$$libinit$$00000023          0x08000226   Section        0  libinit2.o(.ARM.Collect$$libinit$$00000023)
    .ARM.Collect$$libinit$$00000025          0x08000226   Section        0  libinit2.o(.ARM.Collect$$libinit$$00000025)
    .ARM.Collect$$libinit$$0000002C          0x08000226   Section        0  libinit2.o(.ARM.Collect$$libinit$$0000002C)
    .ARM.Collect$$libinit$$0000002E          0x08000226   Section        0  libinit2.o(.ARM.Collect$$libinit$$0000002E)
    .ARM.Collect$$libinit$$00000030          0x08000226   Section        0  libinit2.o(.ARM.Collect$$libinit$$00000030)
    .ARM.Collect$$libinit$$00000032          0x08000226   Section        0  libinit2.o(.ARM.Collect$$libinit$$00000032)
    .ARM.Collect$$libinit$$00000033          0x08000226   Section        2  libinit2.o(.ARM.Collect$$libinit$$00000033)
    .ARM.Collect$$libshutdown$$00000000      0x08000228   Section        2  libshutdown.o(.ARM.Collect$$libshutdown$$00000000)
    .ARM.Collect$$libshutdown$$00000002      0x0800022a   Section        0  libshutdown2.o(.ARM.Collect$$libshutdown$$00000002)
    .ARM.Collect$$libshutdown$$00000004      0x0800022a   Section        0  libshutdown2.o(.ARM.Collect$$libshutdown$$00000004)
    .ARM.Collect$$libshutdown$$00000007      0x0800022a   Section        0  libshutdown2.o(.ARM.Collect$$libshutdown$$00000007)
    .ARM.Collect$$libshutdown$$0000000A      0x0800022a   Section        0  libshutdown2.o(.ARM.Collect$$libshutdown$$0000000A)
    .ARM.Collect$$libshutdown$$0000000C      0x0800022a   Section        0  libshutdown2.o(.ARM.Collect$$libshutdown$$0000000C)
    .ARM.Collect$$libshutdown$$0000000F      0x0800022a   Section        0  libshutdown2.o(.ARM.Collect$$libshutdown$$0000000F)
    .ARM.Collect$$libshutdown$$00000010      0x0800022a   Section        2  libshutdown2.o(.ARM.Collect$$libshutdown$$00000010)
    .ARM.Collect$$rtentry$$00000000          0x0800022c   Section        0  __rtentry.o(.ARM.Collect$$rtentry$$00000000)
    .ARM.Collect$$rtentry$$00000002          0x0800022c   Section        0  __rtentry2.o(.ARM.Collect$$rtentry$$00000002)
    .ARM.Collect$$rtentry$$00000004          0x0800022c   Section        6  __rtentry4.o(.ARM.Collect$$rtentry$$00000004)
    .ARM.Collect$$rtentry$$00000009          0x08000232   Section        0  __rtentry2.o(.ARM.Collect$$rtentry$$00000009)
    .ARM.Collect$$rtentry$$0000000A          0x08000232   Section        4  __rtentry2.o(.ARM.Collect$$rtentry$$0000000A)
    .ARM.Collect$$rtentry$$0000000C          0x08000236   Section        0  __rtentry2.o(.ARM.Collect$$rtentry$$0000000C)
    .ARM.Collect$$rtentry$$0000000D          0x08000236   Section        8  __rtentry2.o(.ARM.Collect$$rtentry$$0000000D)
    .ARM.Collect$$rtexit$$00000000           0x0800023e   Section        2  rtexit.o(.ARM.Collect$$rtexit$$00000000)
    .ARM.Collect$$rtexit$$00000002           0x08000240   Section        0  rtexit2.o(.ARM.Collect$$rtexit$$00000002)
    .ARM.Collect$$rtexit$$00000003           0x08000240   Section        4  rtexit2.o(.ARM.Collect$$rtexit$$00000003)
    .ARM.Collect$$rtexit$$00000004           0x08000244   Section        6  rtexit2.o(.ARM.Collect$$rtexit$$00000004)
    .text                                    0x0800024c   Section       64  startup_stm32f427xx.o(.text)
    $v0                                      0x0800024c   Number         0  startup_stm32f427xx.o(.text)
    .text                                    0x0800028c   Section      238  lludivv7m.o(.text)
    .text                                    0x0800037a   Section       78  rt_memclr_w.o(.text)
    .text                                    0x080003c8   Section        0  heapauxi.o(.text)
    .text                                    0x080003ce   Section       74  sys_stackheap_outer.o(.text)
    .text                                    0x08000418   Section        0  exit.o(.text)
    .text                                    0x0800042c   Section        8  libspace.o(.text)
    .text                                    0x08000434   Section        0  sys_exit.o(.text)
    .text                                    0x08000440   Section        2  use_no_semi.o(.text)
    .text                                    0x08000442   Section        0  indicate_semi.o(.text)
    i.BusFault_Handler                       0x08000442   Section        0  stm32f4xx_it.o(i.BusFault_Handler)
    i.CAN1_RX0_IRQHandler                    0x08000448   Section        0  stm32f4xx_it.o(i.CAN1_RX0_IRQHandler)
    i.DMA2_Stream2_IRQHandler                0x08000458   Section        0  stm32f4xx_it.o(i.DMA2_Stream2_IRQHandler)
    i.DebugMon_Handler                       0x08000468   Section        0  stm32f4xx_it.o(i.DebugMon_Handler)
    i.Error_Handler                          0x0800046a   Section        0  main.o(i.Error_Handler)
    i.HAL_CAN_ActivateNotification           0x08000470   Section        0  stm32f4xx_hal_can.o(i.HAL_CAN_ActivateNotification)
    i.HAL_CAN_AddTxMessage                   0x0800049a   Section        0  stm32f4xx_hal_can.o(i.HAL_CAN_AddTxMessage)
    i.HAL_CAN_ConfigFilter                   0x080005e4   Section        0  stm32f4xx_hal_can.o(i.HAL_CAN_ConfigFilter)
    i.HAL_CAN_ErrorCallback                  0x08000708   Section        0  stm32f4xx_hal_can.o(i.HAL_CAN_ErrorCallback)
    i.HAL_CAN_GetRxMessage                   0x0800070a   Section        0  stm32f4xx_hal_can.o(i.HAL_CAN_GetRxMessage)
    i.HAL_CAN_IRQHandler                     0x0800089e   Section        0  stm32f4xx_hal_can.o(i.HAL_CAN_IRQHandler)
    i.HAL_CAN_Init                           0x08000aec   Section        0  stm32f4xx_hal_can.o(i.HAL_CAN_Init)
    i.HAL_CAN_MspInit                        0x08000c60   Section        0  can.o(i.HAL_CAN_MspInit)
    i.HAL_CAN_RxFifo0FullCallback            0x08000cf4   Section        0  stm32f4xx_hal_can.o(i.HAL_CAN_RxFifo0FullCallback)
    i.HAL_CAN_RxFifo0MsgPendingCallback      0x08000cf8   Section        0  can_user.o(i.HAL_CAN_RxFifo0MsgPendingCallback)
    i.HAL_CAN_RxFifo1FullCallback            0x08000dd8   Section        0  stm32f4xx_hal_can.o(i.HAL_CAN_RxFifo1FullCallback)
    i.HAL_CAN_RxFifo1MsgPendingCallback      0x08000dda   Section        0  stm32f4xx_hal_can.o(i.HAL_CAN_RxFifo1MsgPendingCallback)
    i.HAL_CAN_SleepCallback                  0x08000ddc   Section        0  stm32f4xx_hal_can.o(i.HAL_CAN_SleepCallback)
    i.HAL_CAN_Start                          0x08000dde   Section        0  stm32f4xx_hal_can.o(i.HAL_CAN_Start)
    i.HAL_CAN_TxMailbox0AbortCallback        0x08000e3c   Section        0  stm32f4xx_hal_can.o(i.HAL_CAN_TxMailbox0AbortCallback)
    i.HAL_CAN_TxMailbox0CompleteCallback     0x08000e3e   Section        0  stm32f4xx_hal_can.o(i.HAL_CAN_TxMailbox0CompleteCallback)
    i.HAL_CAN_TxMailbox1AbortCallback        0x08000e40   Section        0  stm32f4xx_hal_can.o(i.HAL_CAN_TxMailbox1AbortCallback)
    i.HAL_CAN_TxMailbox1CompleteCallback     0x08000e42   Section        0  stm32f4xx_hal_can.o(i.HAL_CAN_TxMailbox1CompleteCallback)
    i.HAL_CAN_TxMailbox2AbortCallback        0x08000e44   Section        0  stm32f4xx_hal_can.o(i.HAL_CAN_TxMailbox2AbortCallback)
    i.HAL_CAN_TxMailbox2CompleteCallback     0x08000e46   Section        0  stm32f4xx_hal_can.o(i.HAL_CAN_TxMailbox2CompleteCallback)
    i.HAL_CAN_WakeUpFromRxMsgCallback        0x08000e48   Section        0  stm32f4xx_hal_can.o(i.HAL_CAN_WakeUpFromRxMsgCallback)
    i.HAL_DMA_IRQHandler                     0x08000e4c   Section        0  stm32f4xx_hal_dma.o(i.HAL_DMA_IRQHandler)
    i.HAL_DMA_Init                           0x0800108c   Section        0  stm32f4xx_hal_dma.o(i.HAL_DMA_Init)
    i.HAL_DMA_Start_IT                       0x08001178   Section        0  stm32f4xx_hal_dma.o(i.HAL_DMA_Start_IT)
    i.HAL_Delay                              0x0800120c   Section        0  stm32f4xx_hal.o(i.HAL_Delay)
    i.HAL_GPIO_Init                          0x08001234   Section        0  stm32f4xx_hal_gpio.o(i.HAL_GPIO_Init)
    i.HAL_GPIO_WritePin                      0x08001440   Section        0  stm32f4xx_hal_gpio.o(i.HAL_GPIO_WritePin)
    i.HAL_GetTick                            0x0800144c   Section        0  stm32f4xx_hal.o(i.HAL_GetTick)
    i.HAL_IncTick                            0x08001458   Section        0  stm32f4xx_hal.o(i.HAL_IncTick)
    i.HAL_Init                               0x08001470   Section        0  stm32f4xx_hal.o(i.HAL_Init)
    i.HAL_InitTick                           0x080014ac   Section        0  stm32f4xx_hal.o(i.HAL_InitTick)
    i.HAL_MspInit                            0x080014f8   Section        0  stm32f4xx_hal_msp.o(i.HAL_MspInit)
    i.HAL_NVIC_EnableIRQ                     0x0800153c   Section        0  stm32f4xx_hal_cortex.o(i.HAL_NVIC_EnableIRQ)
    i.HAL_NVIC_SetPriority                   0x08001564   Section        0  stm32f4xx_hal_cortex.o(i.HAL_NVIC_SetPriority)
    i.HAL_NVIC_SetPriorityGrouping           0x080015e0   Section        0  stm32f4xx_hal_cortex.o(i.HAL_NVIC_SetPriorityGrouping)
    i.HAL_RCC_ClockConfig                    0x08001608   Section        0  stm32f4xx_hal_rcc.o(i.HAL_RCC_ClockConfig)
    i.HAL_RCC_GetHCLKFreq                    0x0800178c   Section        0  stm32f4xx_hal_rcc.o(i.HAL_RCC_GetHCLKFreq)
    i.HAL_RCC_GetPCLK1Freq                   0x08001798   Section        0  stm32f4xx_hal_rcc.o(i.HAL_RCC_GetPCLK1Freq)
    i.HAL_RCC_GetPCLK2Freq                   0x080017b8   Section        0  stm32f4xx_hal_rcc.o(i.HAL_RCC_GetPCLK2Freq)
    i.HAL_RCC_GetSysClockFreq                0x080017d8   Section        0  stm32f4xx_hal_rcc.o(i.HAL_RCC_GetSysClockFreq)
    i.HAL_RCC_OscConfig                      0x08001888   Section        0  stm32f4xx_hal_rcc.o(i.HAL_RCC_OscConfig)
    i.HAL_SYSTICK_Config                     0x08001d24   Section        0  stm32f4xx_hal_cortex.o(i.HAL_SYSTICK_Config)
    i.HAL_UARTEx_ReceiveToIdle_DMA           0x08001d58   Section        0  stm32f4xx_hal_uart.o(i.HAL_UARTEx_ReceiveToIdle_DMA)
    i.HAL_UARTEx_RxEventCallback             0x08001dc8   Section        0  yaokong.o(i.HAL_UARTEx_RxEventCallback)
    i.HAL_UART_ErrorCallback                 0x08001eb4   Section        0  stm32f4xx_hal_uart.o(i.HAL_UART_ErrorCallback)
    i.HAL_UART_Init                          0x08001eb6   Section        0  stm32f4xx_hal_uart.o(i.HAL_UART_Init)
    i.HAL_UART_MspInit                       0x08001f2c   Section        0  usart.o(i.HAL_UART_MspInit)
    i.HAL_UART_RxCpltCallback                0x08001ff8   Section        0  stm32f4xx_hal_uart.o(i.HAL_UART_RxCpltCallback)
    i.HAL_UART_RxHalfCpltCallback            0x08001ffa   Section        0  stm32f4xx_hal_uart.o(i.HAL_UART_RxHalfCpltCallback)
    i.HardFault_Handler                      0x08001ffc   Section        0  stm32f4xx_it.o(i.HardFault_Handler)
    i.MX_CAN1_Init                           0x08002000   Section        0  can.o(i.MX_CAN1_Init)
    i.MX_DMA_Init                            0x08002040   Section        0  dma.o(i.MX_DMA_Init)
    i.MX_GPIO_Init                           0x08002078   Section        0  gpio.o(i.MX_GPIO_Init)
    i.MX_USART1_UART_Init                    0x080020f4   Section        0  usart.o(i.MX_USART1_UART_Init)
    i.MemManage_Handler                      0x08002134   Section        0  stm32f4xx_it.o(i.MemManage_Handler)
    i.NMI_Handler                            0x08002138   Section        0  stm32f4xx_it.o(i.NMI_Handler)
    i.PendSV_Handler                         0x0800213c   Section        0  stm32f4xx_it.o(i.PendSV_Handler)
    i.SVC_Handler                            0x0800213e   Section        0  stm32f4xx_it.o(i.SVC_Handler)
    i.SysTick_Handler                        0x08002140   Section        0  stm32f4xx_it.o(i.SysTick_Handler)
    i.SystemInit                             0x08002148   Section        0  system_stm32f4xx.o(i.SystemInit)
    i.UART_Start_Receive_DMA                 0x0800215c   Section        0  stm32f4xx_hal_uart.o(i.UART_Start_Receive_DMA)
    i.UsageFault_Handler                     0x08002220   Section        0  stm32f4xx_it.o(i.UsageFault_Handler)
    i._Z10pid_outputP3PIDss                  0x08002224   Section        0  pid.o(i._Z10pid_outputP3PIDss)
    i._Z13DMA_SetConfigP19__DMA_HandleTypeDefjjj 0x080022e4   Section        0  stm32f4xx_hal_dma.o(i._Z13DMA_SetConfigP19__DMA_HandleTypeDefjjj)
    DMA_SetConfig(__DMA_HandleTypeDef*, unsigned, unsigned, unsigned) 0x080022e5   Thumb Code    44  stm32f4xx_hal_dma.o(i._Z13DMA_SetConfigP19__DMA_HandleTypeDefjjj)
    i._Z13UART_DMAErrorP19__DMA_HandleTypeDef 0x08002310   Section        0  stm32f4xx_hal_uart.o(i._Z13UART_DMAErrorP19__DMA_HandleTypeDef)
    UART_DMAError(__DMA_HandleTypeDef*)      0x08002311   Thumb Code    80  stm32f4xx_hal_uart.o(i._Z13UART_DMAErrorP19__DMA_HandleTypeDef)
    i._Z14UART_SetConfigP20__UART_HandleTypeDef 0x08002360   Section        0  stm32f4xx_hal_uart.o(i._Z14UART_SetConfigP20__UART_HandleTypeDef)
    UART_SetConfig(__UART_HandleTypeDef*)    0x08002361   Thumb Code   546  stm32f4xx_hal_uart.o(i._Z14UART_SetConfigP20__UART_HandleTypeDef)
    i._Z15can_filter_initv                   0x0800258c   Section        0  can_user.o(i._Z15can_filter_initv)
    i._Z16updateMotorAngle13motor_recieve    0x080025cc   Section        0  can_user.o(i._Z16updateMotorAngle13motor_recieve)
    i._Z18DMA_CheckFifoParamP19__DMA_HandleTypeDef 0x08002600   Section        0  stm32f4xx_hal_dma.o(i._Z18DMA_CheckFifoParamP19__DMA_HandleTypeDef)
    DMA_CheckFifoParam(__DMA_HandleTypeDef*) 0x08002601   Thumb Code   170  stm32f4xx_hal_dma.o(i._Z18DMA_CheckFifoParamP19__DMA_HandleTypeDef)
    i._Z18SystemClock_Configv                0x080026ac   Section        0  main.o(i._Z18SystemClock_Configv)
    i._Z18UART_DMARxHalfCpltP19__DMA_HandleTypeDef 0x0800275c   Section        0  stm32f4xx_hal_uart.o(i._Z18UART_DMARxHalfCpltP19__DMA_HandleTypeDef)
    UART_DMARxHalfCplt(__DMA_HandleTypeDef*) 0x0800275d   Thumb Code    36  stm32f4xx_hal_uart.o(i._Z18UART_DMARxHalfCpltP19__DMA_HandleTypeDef)
    i._Z18UART_EndRxTransferP20__UART_HandleTypeDef 0x08002780   Section        0  stm32f4xx_hal_uart.o(i._Z18UART_EndRxTransferP20__UART_HandleTypeDef)
    UART_EndRxTransfer(__UART_HandleTypeDef*) 0x08002781   Thumb Code   108  stm32f4xx_hal_uart.o(i._Z18UART_EndRxTransferP20__UART_HandleTypeDef)
    i._Z18UART_EndTxTransferP20__UART_HandleTypeDef 0x080027ec   Section        0  stm32f4xx_hal_uart.o(i._Z18UART_EndTxTransferP20__UART_HandleTypeDef)
    UART_EndTxTransfer(__UART_HandleTypeDef*) 0x080027ed   Thumb Code    38  stm32f4xx_hal_uart.o(i._Z18UART_EndTxTransferP20__UART_HandleTypeDef)
    i._Z18__NVIC_SetPriority9IRQn_Typej      0x08002814   Section        0  stm32f4xx_hal_cortex.o(i._Z18__NVIC_SetPriority9IRQn_Typej)
    __NVIC_SetPriority(IRQn_Type, unsigned)  0x08002815   Thumb Code    32  stm32f4xx_hal_cortex.o(i._Z18__NVIC_SetPriority9IRQn_Typej)
    i._Z19UART_DMAReceiveCpltP19__DMA_HandleTypeDef 0x0800283c   Section        0  stm32f4xx_hal_uart.o(i._Z19UART_DMAReceiveCpltP19__DMA_HandleTypeDef)
    UART_DMAReceiveCplt(__DMA_HandleTypeDef*) 0x0800283d   Thumb Code   180  stm32f4xx_hal_uart.o(i._Z19UART_DMAReceiveCpltP19__DMA_HandleTypeDef)
    i._Z22calculateRotorRotationd13motor_recievePsS0_ 0x080028f0   Section        0  can_user.o(i._Z22calculateRotorRotationd13motor_recievePsS0_)
    i._Z23CAN_cmd_angle_2006motors13motor_recieve 0x08002a00   Section        0  can_user.o(i._Z23CAN_cmd_angle_2006motors13motor_recieve)
    i._Z23CAN_cmd_speed_2006motors13motor_recieve 0x08002a5c   Section        0  can_user.o(i._Z23CAN_cmd_speed_2006motors13motor_recieve)
    i._Z23DMA_CalcBaseAndBitshiftP19__DMA_HandleTypeDef 0x08002a94   Section        0  stm32f4xx_hal_dma.o(i._Z23DMA_CalcBaseAndBitshiftP19__DMA_HandleTypeDef)
    DMA_CalcBaseAndBitshift(__DMA_HandleTypeDef*) 0x08002a95   Thumb Code    46  stm32f4xx_hal_dma.o(i._Z23DMA_CalcBaseAndBitshiftP19__DMA_HandleTypeDef)
    i._Z25CAN_cmd_current_3508motorssss      0x08002ac8   Section        0  can_user.o(i._Z25CAN_cmd_current_3508motorssss)
    i._Z26__NVIC_GetPriorityGroupingv        0x08002b18   Section        0  stm32f4xx_hal_cortex.o(i._Z26__NVIC_GetPriorityGroupingv)
    __NVIC_GetPriorityGrouping()             0x08002b19   Thumb Code    10  stm32f4xx_hal_cortex.o(i._Z26__NVIC_GetPriorityGroupingv)
    i.main                                   0x08002b28   Section        0  main.o(i.main)
    x$fpl$dadd                               0x08002bcc   Section      336  daddsub_clz.o(x$fpl$dadd)
    $v0                                      0x08002bcc   Number         0  daddsub_clz.o(x$fpl$dadd)
    _dadd1                                   0x08002bdd   Thumb Code     0  daddsub_clz.o(x$fpl$dadd)
    x$fpl$ddiv                               0x08002d1c   Section      688  ddiv.o(x$fpl$ddiv)
    $v0                                      0x08002d1c   Number         0  ddiv.o(x$fpl$ddiv)
    ddiv_entry                               0x08002d23   Thumb Code     0  ddiv.o(x$fpl$ddiv)
    x$fpl$dfix                               0x08002fcc   Section       94  dfix.o(x$fpl$dfix)
    $v0                                      0x08002fcc   Number         0  dfix.o(x$fpl$dfix)
    x$fpl$dflt                               0x0800302a   Section       46  dflt_clz.o(x$fpl$dflt)
    $v0                                      0x0800302a   Number         0  dflt_clz.o(x$fpl$dflt)
    x$fpl$dmul                               0x08003058   Section      340  dmul.o(x$fpl$dmul)
    $v0                                      0x08003058   Number         0  dmul.o(x$fpl$dmul)
    x$fpl$dnaninf                            0x080031ac   Section      156  dnaninf.o(x$fpl$dnaninf)
    $v0                                      0x080031ac   Number         0  dnaninf.o(x$fpl$dnaninf)
    x$fpl$dretinf                            0x08003248   Section       12  dretinf.o(x$fpl$dretinf)
    $v0                                      0x08003248   Number         0  dretinf.o(x$fpl$dretinf)
    x$fpl$drsb                               0x08003254   Section       22  daddsub_clz.o(x$fpl$drsb)
    $v0                                      0x08003254   Number         0  daddsub_clz.o(x$fpl$drsb)
    x$fpl$dsub                               0x0800326c   Section      468  daddsub_clz.o(x$fpl$dsub)
    $v0                                      0x0800326c   Number         0  daddsub_clz.o(x$fpl$dsub)
    _dsub1                                   0x0800327d   Thumb Code     0  daddsub_clz.o(x$fpl$dsub)
    x$fpl$fpinit                             0x08003440   Section       10  fpinit.o(x$fpl$fpinit)
    $v0                                      0x08003440   Number         0  fpinit.o(x$fpl$fpinit)
    .constdata                               0x0800344a   Section        8  stm32f4xx_hal_dma.o(.constdata)
    x$fpl$usenofp                            0x0800344a   Section        0  usenofp.o(x$fpl$usenofp)
    flagBitshiftOffset                       0x0800344a   Data           8  stm32f4xx_hal_dma.o(.constdata)
    .constdata                               0x08003452   Section       24  system_stm32f4xx.o(.constdata)
    .data                                    0x20000000   Section       18  can_user.o(.data)
    chassis_can_send_data                    0x20000000   Data           8  can_user.o(.data)
    yuntai_can_send_data                     0x20000008   Data           8  can_user.o(.data)
    .data                                    0x20000014   Section      210  pid.o(.data)
    .data                                    0x200000e6   Section       16  main.o(.data)
    .data                                    0x200000f8   Section        9  stm32f4xx_hal.o(.data)
    .data                                    0x20000104   Section        4  system_stm32f4xx.o(.data)
    .bss                                     0x20000108   Section       48  can_user.o(.bss)
    chassis_tx_message                       0x20000108   Data          24  can_user.o(.bss)
    yuntai_tx_message                        0x20000120   Data          24  can_user.o(.bss)
    .bss                                     0x20000138   Section       78  main.o(.bss)
    .bss                                     0x20000188   Section       40  can.o(.bss)
    .bss                                     0x200001b0   Section      168  usart.o(.bss)
    .bss                                     0x20000258   Section       96  libspace.o(.bss)
    HEAP                                     0x200002b8   Section      512  startup_stm32f427xx.o(HEAP)
    Heap_Mem                                 0x200002b8   Data         512  startup_stm32f427xx.o(HEAP)
    STACK                                    0x200004b8   Section     1024  startup_stm32f427xx.o(STACK)
    Stack_Mem                                0x200004b8   Data        1024  startup_stm32f427xx.o(STACK)
    __initial_sp                             0x200008b8   Data           0  startup_stm32f427xx.o(STACK)

    Global Symbols

    Symbol Name                              Value     Ov Type        Size  Object(Section)

    BuildAttributes$$THM_ISAv4$E$P$D$K$B$S$7EM$VFPi3$EXTD16$VFPS$VFMA$PE$A:L22UL41UL21$X:L11$S22US41US21$IEEE1$IW$USESV6$~STKCKD$USESV7$~SHL$OSPACE$ROPI$EBA8$UX$STANDARDLIB$REQ8$PRES8$EABIv2 0x00000000   Number         0  anon$$obj.o ABSOLUTE
    __ARM_use_no_argv                        0x00000000   Number         0  main.o ABSOLUTE
    __ARM_exceptions_init                     - Undefined Weak Reference
    __alloca_initialize                       - Undefined Weak Reference
    __arm_preinit_                            - Undefined Weak Reference
    __cpp_initialize__aeabi_                  - Undefined Weak Reference
    __cxa_finalize                            - Undefined Weak Reference
    __rt_locale                               - Undefined Weak Reference
    __sigvec_lookup                           - Undefined Weak Reference
    _atexit_init                              - Undefined Weak Reference
    _call_atexit_fns                          - Undefined Weak Reference
    _clock_init                               - Undefined Weak Reference
    _fp_trap_init                             - Undefined Weak Reference
    _fp_trap_shutdown                         - Undefined Weak Reference
    _get_lc_collate                           - Undefined Weak Reference
    _get_lc_ctype                             - Undefined Weak Reference
    _get_lc_monetary                          - Undefined Weak Reference
    _get_lc_numeric                           - Undefined Weak Reference
    _get_lc_time                              - Undefined Weak Reference
    _getenv_init                              - Undefined Weak Reference
    _handle_redirection                       - Undefined Weak Reference
    _init_alloc                               - Undefined Weak Reference
    _init_user_alloc                          - Undefined Weak Reference
    _initio                                   - Undefined Weak Reference
    _rand_init                                - Undefined Weak Reference
    _signal_finish                            - Undefined Weak Reference
    _signal_init                              - Undefined Weak Reference
    _terminate_alloc                          - Undefined Weak Reference
    _terminate_user_alloc                     - Undefined Weak Reference
    _terminateio                              - Undefined Weak Reference
    __Vectors_Size                           0x000001ac   Number         0  startup_stm32f427xx.o ABSOLUTE
    __Vectors                                0x08000000   Data           4  startup_stm32f427xx.o(RESET)
    __Vectors_End                            0x080001ac   Data           0  startup_stm32f427xx.o(RESET)
    __main                                   0x080001ad   Thumb Code     8  __main.o(!!!main)
    __scatterload                            0x080001b5   Thumb Code     0  __scatter.o(!!!scatter)
    __scatterload_rt2                        0x080001b5   Thumb Code    44  __scatter.o(!!!scatter)
    __scatterload_rt2_thumb_only             0x080001b5   Thumb Code     0  __scatter.o(!!!scatter)
    __scatterload_null                       0x080001c3   Thumb Code     0  __scatter.o(!!!scatter)
    __scatterload_copy                       0x080001e9   Thumb Code    26  __scatter_copy.o(!!handler_copy)
    __scatterload_zeroinit                   0x08000205   Thumb Code    28  __scatter_zi.o(!!handler_zi)
    __rt_lib_init                            0x08000221   Thumb Code     0  libinit.o(.ARM.Collect$$libinit$$00000000)
    __rt_lib_init_fp_1                       0x08000223   Thumb Code     0  libinit2.o(.ARM.Collect$$libinit$$00000001)
    __rt_lib_init_alloca_1                   0x08000227   Thumb Code     0  libinit2.o(.ARM.Collect$$libinit$$0000002E)
    __rt_lib_init_argv_1                     0x08000227   Thumb Code     0  libinit2.o(.ARM.Collect$$libinit$$0000002C)
    __rt_lib_init_atexit_1                   0x08000227   Thumb Code     0  libinit2.o(.ARM.Collect$$libinit$$0000001B)
    __rt_lib_init_clock_1                    0x08000227   Thumb Code     0  libinit2.o(.ARM.Collect$$libinit$$00000021)
    __rt_lib_init_cpp_1                      0x08000227   Thumb Code     0  libinit2.o(.ARM.Collect$$libinit$$00000032)
    __rt_lib_init_exceptions_1               0x08000227   Thumb Code     0  libinit2.o(.ARM.Collect$$libinit$$00000030)
    __rt_lib_init_fp_trap_1                  0x08000227   Thumb Code     0  libinit2.o(.ARM.Collect$$libinit$$0000001F)
    __rt_lib_init_getenv_1                   0x08000227   Thumb Code     0  libinit2.o(.ARM.Collect$$libinit$$00000023)
    __rt_lib_init_heap_1                     0x08000227   Thumb Code     0  libinit2.o(.ARM.Collect$$libinit$$0000000A)
    __rt_lib_init_lc_collate_1               0x08000227   Thumb Code     0  libinit2.o(.ARM.Collect$$libinit$$00000011)
    __rt_lib_init_lc_ctype_1                 0x08000227   Thumb Code     0  libinit2.o(.ARM.Collect$$libinit$$00000013)
    __rt_lib_init_lc_monetary_1              0x08000227   Thumb Code     0  libinit2.o(.ARM.Collect$$libinit$$00000015)
    __rt_lib_init_lc_numeric_1               0x08000227   Thumb Code     0  libinit2.o(.ARM.Collect$$libinit$$00000017)
    __rt_lib_init_lc_time_1                  0x08000227   Thumb Code     0  libinit2.o(.ARM.Collect$$libinit$$00000019)
    __rt_lib_init_preinit_1                  0x08000227   Thumb Code     0  libinit2.o(.ARM.Collect$$libinit$$00000004)
    __rt_lib_init_rand_1                     0x08000227   Thumb Code     0  libinit2.o(.ARM.Collect$$libinit$$0000000E)
    __rt_lib_init_return                     0x08000227   Thumb Code     0  libinit2.o(.ARM.Collect$$libinit$$00000033)
    __rt_lib_init_signal_1                   0x08000227   Thumb Code     0  libinit2.o(.ARM.Collect$$libinit$$0000001D)
    __rt_lib_init_stdio_1                    0x08000227   Thumb Code     0  libinit2.o(.ARM.Collect$$libinit$$00000025)
    __rt_lib_init_user_alloc_1               0x08000227   Thumb Code     0  libinit2.o(.ARM.Collect$$libinit$$0000000C)
    __rt_lib_shutdown                        0x08000229   Thumb Code     0  libshutdown.o(.ARM.Collect$$libshutdown$$00000000)
    __rt_lib_shutdown_cpp_1                  0x0800022b   Thumb Code     0  libshutdown2.o(.ARM.Collect$$libshutdown$$00000002)
    __rt_lib_shutdown_fp_trap_1              0x0800022b   Thumb Code     0  libshutdown2.o(.ARM.Collect$$libshutdown$$00000007)
    __rt_lib_shutdown_heap_1                 0x0800022b   Thumb Code     0  libshutdown2.o(.ARM.Collect$$libshutdown$$0000000F)
    __rt_lib_shutdown_return                 0x0800022b   Thumb Code     0  libshutdown2.o(.ARM.Collect$$libshutdown$$00000010)
    __rt_lib_shutdown_signal_1               0x0800022b   Thumb Code     0  libshutdown2.o(.ARM.Collect$$libshutdown$$0000000A)
    __rt_lib_shutdown_stdio_1                0x0800022b   Thumb Code     0  libshutdown2.o(.ARM.Collect$$libshutdown$$00000004)
    __rt_lib_shutdown_user_alloc_1           0x0800022b   Thumb Code     0  libshutdown2.o(.ARM.Collect$$libshutdown$$0000000C)
    __rt_entry                               0x0800022d   Thumb Code     0  __rtentry.o(.ARM.Collect$$rtentry$$00000000)
    __rt_entry_presh_1                       0x0800022d   Thumb Code     0  __rtentry2.o(.ARM.Collect$$rtentry$$00000002)
    __rt_entry_sh                            0x0800022d   Thumb Code     0  __rtentry4.o(.ARM.Collect$$rtentry$$00000004)
    __rt_entry_li                            0x08000233   Thumb Code     0  __rtentry2.o(.ARM.Collect$$rtentry$$0000000A)
    __rt_entry_postsh_1                      0x08000233   Thumb Code     0  __rtentry2.o(.ARM.Collect$$rtentry$$00000009)
    __rt_entry_main                          0x08000237   Thumb Code     0  __rtentry2.o(.ARM.Collect$$rtentry$$0000000D)
    __rt_entry_postli_1                      0x08000237   Thumb Code     0  __rtentry2.o(.ARM.Collect$$rtentry$$0000000C)
    __rt_exit                                0x0800023f   Thumb Code     0  rtexit.o(.ARM.Collect$$rtexit$$00000000)
    __rt_exit_ls                             0x08000241   Thumb Code     0  rtexit2.o(.ARM.Collect$$rtexit$$00000003)
    __rt_exit_prels_1                        0x08000241   Thumb Code     0  rtexit2.o(.ARM.Collect$$rtexit$$00000002)
    __rt_exit_exit                           0x08000245   Thumb Code     0  rtexit2.o(.ARM.Collect$$rtexit$$00000004)
    Reset_Handler                            0x0800024d   Thumb Code     8  startup_stm32f427xx.o(.text)
    ADC_IRQHandler                           0x08000267   Thumb Code     0  startup_stm32f427xx.o(.text)
    CAN1_RX1_IRQHandler                      0x08000267   Thumb Code     0  startup_stm32f427xx.o(.text)
    CAN1_SCE_IRQHandler                      0x08000267   Thumb Code     0  startup_stm32f427xx.o(.text)
    CAN1_TX_IRQHandler                       0x08000267   Thumb Code     0  startup_stm32f427xx.o(.text)
    CAN2_RX0_IRQHandler                      0x08000267   Thumb Code     0  startup_stm32f427xx.o(.text)
    CAN2_RX1_IRQHandler                      0x08000267   Thumb Code     0  startup_stm32f427xx.o(.text)
    CAN2_SCE_IRQHandler                      0x08000267   Thumb Code     0  startup_stm32f427xx.o(.text)
    CAN2_TX_IRQHandler                       0x08000267   Thumb Code     0  startup_stm32f427xx.o(.text)
    DCMI_IRQHandler                          0x08000267   Thumb Code     0  startup_stm32f427xx.o(.text)
    DMA1_Stream0_IRQHandler                  0x08000267   Thumb Code     0  startup_stm32f427xx.o(.text)
    DMA1_Stream1_IRQHandler                  0x08000267   Thumb Code     0  startup_stm32f427xx.o(.text)
    DMA1_Stream2_IRQHandler                  0x08000267   Thumb Code     0  startup_stm32f427xx.o(.text)
    DMA1_Stream3_IRQHandler                  0x08000267   Thumb Code     0  startup_stm32f427xx.o(.text)
    DMA1_Stream4_IRQHandler                  0x08000267   Thumb Code     0  startup_stm32f427xx.o(.text)
    DMA1_Stream5_IRQHandler                  0x08000267   Thumb Code     0  startup_stm32f427xx.o(.text)
    DMA1_Stream6_IRQHandler                  0x08000267   Thumb Code     0  startup_stm32f427xx.o(.text)
    DMA1_Stream7_IRQHandler                  0x08000267   Thumb Code     0  startup_stm32f427xx.o(.text)
    DMA2D_IRQHandler                         0x08000267   Thumb Code     0  startup_stm32f427xx.o(.text)
    DMA2_Stream0_IRQHandler                  0x08000267   Thumb Code     0  startup_stm32f427xx.o(.text)
    DMA2_Stream1_IRQHandler                  0x08000267   Thumb Code     0  startup_stm32f427xx.o(.text)
    DMA2_Stream3_IRQHandler                  0x08000267   Thumb Code     0  startup_stm32f427xx.o(.text)
    DMA2_Stream4_IRQHandler                  0x08000267   Thumb Code     0  startup_stm32f427xx.o(.text)
    DMA2_Stream5_IRQHandler                  0x08000267   Thumb Code     0  startup_stm32f427xx.o(.text)
    DMA2_Stream6_IRQHandler                  0x08000267   Thumb Code     0  startup_stm32f427xx.o(.text)
    DMA2_Stream7_IRQHandler                  0x08000267   Thumb Code     0  startup_stm32f427xx.o(.text)
    ETH_IRQHandler                           0x08000267   Thumb Code     0  startup_stm32f427xx.o(.text)
    ETH_WKUP_IRQHandler                      0x08000267   Thumb Code     0  startup_stm32f427xx.o(.text)
    EXTI0_IRQHandler                         0x08000267   Thumb Code     0  startup_stm32f427xx.o(.text)
    EXTI15_10_IRQHandler                     0x08000267   Thumb Code     0  startup_stm32f427xx.o(.text)
    EXTI1_IRQHandler                         0x08000267   Thumb Code     0  startup_stm32f427xx.o(.text)
    EXTI2_IRQHandler                         0x08000267   Thumb Code     0  startup_stm32f427xx.o(.text)
    EXTI3_IRQHandler                         0x08000267   Thumb Code     0  startup_stm32f427xx.o(.text)
    EXTI4_IRQHandler                         0x08000267   Thumb Code     0  startup_stm32f427xx.o(.text)
    EXTI9_5_IRQHandler                       0x08000267   Thumb Code     0  startup_stm32f427xx.o(.text)
    FLASH_IRQHandler                         0x08000267   Thumb Code     0  startup_stm32f427xx.o(.text)
    FMC_IRQHandler                           0x08000267   Thumb Code     0  startup_stm32f427xx.o(.text)
    FPU_IRQHandler                           0x08000267   Thumb Code     0  startup_stm32f427xx.o(.text)
    HASH_RNG_IRQHandler                      0x08000267   Thumb Code     0  startup_stm32f427xx.o(.text)
    I2C1_ER_IRQHandler                       0x08000267   Thumb Code     0  startup_stm32f427xx.o(.text)
    I2C1_EV_IRQHandler                       0x08000267   Thumb Code     0  startup_stm32f427xx.o(.text)
    I2C2_ER_IRQHandler                       0x08000267   Thumb Code     0  startup_stm32f427xx.o(.text)
    I2C2_EV_IRQHandler                       0x08000267   Thumb Code     0  startup_stm32f427xx.o(.text)
    I2C3_ER_IRQHandler                       0x08000267   Thumb Code     0  startup_stm32f427xx.o(.text)
    I2C3_EV_IRQHandler                       0x08000267   Thumb Code     0  startup_stm32f427xx.o(.text)
    OTG_FS_IRQHandler                        0x08000267   Thumb Code     0  startup_stm32f427xx.o(.text)
    OTG_FS_WKUP_IRQHandler                   0x08000267   Thumb Code     0  startup_stm32f427xx.o(.text)
    OTG_HS_EP1_IN_IRQHandler                 0x08000267   Thumb Code     0  startup_stm32f427xx.o(.text)
    OTG_HS_EP1_OUT_IRQHandler                0x08000267   Thumb Code     0  startup_stm32f427xx.o(.text)
    OTG_HS_IRQHandler                        0x08000267   Thumb Code     0  startup_stm32f427xx.o(.text)
    OTG_HS_WKUP_IRQHandler                   0x08000267   Thumb Code     0  startup_stm32f427xx.o(.text)
    PVD_IRQHandler                           0x08000267   Thumb Code     0  startup_stm32f427xx.o(.text)
    RCC_IRQHandler                           0x08000267   Thumb Code     0  startup_stm32f427xx.o(.text)
    RTC_Alarm_IRQHandler                     0x08000267   Thumb Code     0  startup_stm32f427xx.o(.text)
    RTC_WKUP_IRQHandler                      0x08000267   Thumb Code     0  startup_stm32f427xx.o(.text)
    SAI1_IRQHandler                          0x08000267   Thumb Code     0  startup_stm32f427xx.o(.text)
    SDIO_IRQHandler                          0x08000267   Thumb Code     0  startup_stm32f427xx.o(.text)
    SPI1_IRQHandler                          0x08000267   Thumb Code     0  startup_stm32f427xx.o(.text)
    SPI2_IRQHandler                          0x08000267   Thumb Code     0  startup_stm32f427xx.o(.text)
    SPI3_IRQHandler                          0x08000267   Thumb Code     0  startup_stm32f427xx.o(.text)
    SPI4_IRQHandler                          0x08000267   Thumb Code     0  startup_stm32f427xx.o(.text)
    SPI5_IRQHandler                          0x08000267   Thumb Code     0  startup_stm32f427xx.o(.text)
    SPI6_IRQHandler                          0x08000267   Thumb Code     0  startup_stm32f427xx.o(.text)
    TAMP_STAMP_IRQHandler                    0x08000267   Thumb Code     0  startup_stm32f427xx.o(.text)
    TIM1_BRK_TIM9_IRQHandler                 0x08000267   Thumb Code     0  startup_stm32f427xx.o(.text)
    TIM1_CC_IRQHandler                       0x08000267   Thumb Code     0  startup_stm32f427xx.o(.text)
    TIM1_TRG_COM_TIM11_IRQHandler            0x08000267   Thumb Code     0  startup_stm32f427xx.o(.text)
    TIM1_UP_TIM10_IRQHandler                 0x08000267   Thumb Code     0  startup_stm32f427xx.o(.text)
    TIM2_IRQHandler                          0x08000267   Thumb Code     0  startup_stm32f427xx.o(.text)
    TIM3_IRQHandler                          0x08000267   Thumb Code     0  startup_stm32f427xx.o(.text)
    TIM4_IRQHandler                          0x08000267   Thumb Code     0  startup_stm32f427xx.o(.text)
    TIM5_IRQHandler                          0x08000267   Thumb Code     0  startup_stm32f427xx.o(.text)
    TIM6_DAC_IRQHandler                      0x08000267   Thumb Code     0  startup_stm32f427xx.o(.text)
    TIM7_IRQHandler                          0x08000267   Thumb Code     0  startup_stm32f427xx.o(.text)
    TIM8_BRK_TIM12_IRQHandler                0x08000267   Thumb Code     0  startup_stm32f427xx.o(.text)
    TIM8_CC_IRQHandler                       0x08000267   Thumb Code     0  startup_stm32f427xx.o(.text)
    TIM8_TRG_COM_TIM14_IRQHandler            0x08000267   Thumb Code     0  startup_stm32f427xx.o(.text)
    TIM8_UP_TIM13_IRQHandler                 0x08000267   Thumb Code     0  startup_stm32f427xx.o(.text)
    UART4_IRQHandler                         0x08000267   Thumb Code     0  startup_stm32f427xx.o(.text)
    UART5_IRQHandler                         0x08000267   Thumb Code     0  startup_stm32f427xx.o(.text)
    UART7_IRQHandler                         0x08000267   Thumb Code     0  startup_stm32f427xx.o(.text)
    UART8_IRQHandler                         0x08000267   Thumb Code     0  startup_stm32f427xx.o(.text)
    USART1_IRQHandler                        0x08000267   Thumb Code     0  startup_stm32f427xx.o(.text)
    USART2_IRQHandler                        0x08000267   Thumb Code     0  startup_stm32f427xx.o(.text)
    USART3_IRQHandler                        0x08000267   Thumb Code     0  startup_stm32f427xx.o(.text)
    USART6_IRQHandler                        0x08000267   Thumb Code     0  startup_stm32f427xx.o(.text)
    WWDG_IRQHandler                          0x08000267   Thumb Code     0  startup_stm32f427xx.o(.text)
    __user_initial_stackheap                 0x08000269   Thumb Code     0  startup_stm32f427xx.o(.text)
    __aeabi_uldivmod                         0x0800028d   Thumb Code     0  lludivv7m.o(.text)
    _ll_udiv                                 0x0800028d   Thumb Code   238  lludivv7m.o(.text)
    __aeabi_memclr4                          0x0800037b   Thumb Code     0  rt_memclr_w.o(.text)
    __aeabi_memclr8                          0x0800037b   Thumb Code     0  rt_memclr_w.o(.text)
    __rt_memclr_w                            0x0800037b   Thumb Code    78  rt_memclr_w.o(.text)
    _memset_w                                0x0800037f   Thumb Code     0  rt_memclr_w.o(.text)
    __use_two_region_memory                  0x080003c9   Thumb Code     2  heapauxi.o(.text)
    __rt_heap_escrow$2region                 0x080003cb   Thumb Code     2  heapauxi.o(.text)
    __rt_heap_expand$2region                 0x080003cd   Thumb Code     2  heapauxi.o(.text)
    __user_setup_stackheap                   0x080003cf   Thumb Code    74  sys_stackheap_outer.o(.text)
    exit                                     0x08000419   Thumb Code    18  exit.o(.text)
    __user_libspace                          0x0800042d   Thumb Code     8  libspace.o(.text)
    __user_perproc_libspace                  0x0800042d   Thumb Code     0  libspace.o(.text)
    __user_perthread_libspace                0x0800042d   Thumb Code     0  libspace.o(.text)
    _sys_exit                                0x08000435   Thumb Code     8  sys_exit.o(.text)
    __I$use$semihosting                      0x08000441   Thumb Code     0  use_no_semi.o(.text)
    __use_no_semihosting_swi                 0x08000441   Thumb Code     2  use_no_semi.o(.text)
    BusFault_Handler                         0x08000443   Thumb Code     4  stm32f4xx_it.o(i.BusFault_Handler)
    __semihosting_library_function           0x08000443   Thumb Code     0  indicate_semi.o(.text)
    CAN1_RX0_IRQHandler                      0x08000449   Thumb Code    10  stm32f4xx_it.o(i.CAN1_RX0_IRQHandler)
    DMA2_Stream2_IRQHandler                  0x08000459   Thumb Code    10  stm32f4xx_it.o(i.DMA2_Stream2_IRQHandler)
    DebugMon_Handler                         0x08000469   Thumb Code     2  stm32f4xx_it.o(i.DebugMon_Handler)
    Error_Handler                            0x0800046b   Thumb Code     6  main.o(i.Error_Handler)
    HAL_CAN_ActivateNotification             0x08000471   Thumb Code    42  stm32f4xx_hal_can.o(i.HAL_CAN_ActivateNotification)
    HAL_CAN_AddTxMessage                     0x0800049b   Thumb Code   330  stm32f4xx_hal_can.o(i.HAL_CAN_AddTxMessage)
    HAL_CAN_ConfigFilter                     0x080005e5   Thumb Code   286  stm32f4xx_hal_can.o(i.HAL_CAN_ConfigFilter)
    HAL_CAN_ErrorCallback                    0x08000709   Thumb Code     2  stm32f4xx_hal_can.o(i.HAL_CAN_ErrorCallback)
    HAL_CAN_GetRxMessage                     0x0800070b   Thumb Code   404  stm32f4xx_hal_can.o(i.HAL_CAN_GetRxMessage)
    HAL_CAN_IRQHandler                       0x0800089f   Thumb Code   590  stm32f4xx_hal_can.o(i.HAL_CAN_IRQHandler)
    HAL_CAN_Init                             0x08000aed   Thumb Code   372  stm32f4xx_hal_can.o(i.HAL_CAN_Init)
    HAL_CAN_MspInit                          0x08000c61   Thumb Code   134  can.o(i.HAL_CAN_MspInit)
    HAL_CAN_RxFifo0FullCallback              0x08000cf5   Thumb Code     2  stm32f4xx_hal_can.o(i.HAL_CAN_RxFifo0FullCallback)
    HAL_CAN_RxFifo0MsgPendingCallback        0x08000cf9   Thumb Code   206  can_user.o(i.HAL_CAN_RxFifo0MsgPendingCallback)
    HAL_CAN_RxFifo1FullCallback              0x08000dd9   Thumb Code     2  stm32f4xx_hal_can.o(i.HAL_CAN_RxFifo1FullCallback)
    HAL_CAN_RxFifo1MsgPendingCallback        0x08000ddb   Thumb Code     2  stm32f4xx_hal_can.o(i.HAL_CAN_RxFifo1MsgPendingCallback)
    HAL_CAN_SleepCallback                    0x08000ddd   Thumb Code     2  stm32f4xx_hal_can.o(i.HAL_CAN_SleepCallback)
    HAL_CAN_Start                            0x08000ddf   Thumb Code    94  stm32f4xx_hal_can.o(i.HAL_CAN_Start)
    HAL_CAN_TxMailbox0AbortCallback          0x08000e3d   Thumb Code     2  stm32f4xx_hal_can.o(i.HAL_CAN_TxMailbox0AbortCallback)
    HAL_CAN_TxMailbox0CompleteCallback       0x08000e3f   Thumb Code     2  stm32f4xx_hal_can.o(i.HAL_CAN_TxMailbox0CompleteCallback)
    HAL_CAN_TxMailbox1AbortCallback          0x08000e41   Thumb Code     2  stm32f4xx_hal_can.o(i.HAL_CAN_TxMailbox1AbortCallback)
    HAL_CAN_TxMailbox1CompleteCallback       0x08000e43   Thumb Code     2  stm32f4xx_hal_can.o(i.HAL_CAN_TxMailbox1CompleteCallback)
    HAL_CAN_TxMailbox2AbortCallback          0x08000e45   Thumb Code     2  stm32f4xx_hal_can.o(i.HAL_CAN_TxMailbox2AbortCallback)
    HAL_CAN_TxMailbox2CompleteCallback       0x08000e47   Thumb Code     2  stm32f4xx_hal_can.o(i.HAL_CAN_TxMailbox2CompleteCallback)
    HAL_CAN_WakeUpFromRxMsgCallback          0x08000e49   Thumb Code     2  stm32f4xx_hal_can.o(i.HAL_CAN_WakeUpFromRxMsgCallback)
    HAL_DMA_IRQHandler                       0x08000e4d   Thumb Code   570  stm32f4xx_hal_dma.o(i.HAL_DMA_IRQHandler)
    HAL_DMA_Init                             0x0800108d   Thumb Code   232  stm32f4xx_hal_dma.o(i.HAL_DMA_Init)
    HAL_DMA_Start_IT                         0x08001179   Thumb Code   146  stm32f4xx_hal_dma.o(i.HAL_DMA_Start_IT)
    HAL_Delay                                0x0800120d   Thumb Code    36  stm32f4xx_hal.o(i.HAL_Delay)
    HAL_GPIO_Init                            0x08001235   Thumb Code   472  stm32f4xx_hal_gpio.o(i.HAL_GPIO_Init)
    HAL_GPIO_WritePin                        0x08001441   Thumb Code    12  stm32f4xx_hal_gpio.o(i.HAL_GPIO_WritePin)
    HAL_GetTick                              0x0800144d   Thumb Code     6  stm32f4xx_hal.o(i.HAL_GetTick)
    HAL_IncTick                              0x08001459   Thumb Code    16  stm32f4xx_hal.o(i.HAL_IncTick)
    HAL_Init                                 0x08001471   Thumb Code    54  stm32f4xx_hal.o(i.HAL_Init)
    HAL_InitTick                             0x080014ad   Thumb Code    64  stm32f4xx_hal.o(i.HAL_InitTick)
    HAL_MspInit                              0x080014f9   Thumb Code    64  stm32f4xx_hal_msp.o(i.HAL_MspInit)
    HAL_NVIC_EnableIRQ                       0x0800153d   Thumb Code    40  stm32f4xx_hal_cortex.o(i.HAL_NVIC_EnableIRQ)
    HAL_NVIC_SetPriority                     0x08001565   Thumb Code   124  stm32f4xx_hal_cortex.o(i.HAL_NVIC_SetPriority)
    HAL_NVIC_SetPriorityGrouping             0x080015e1   Thumb Code    32  stm32f4xx_hal_cortex.o(i.HAL_NVIC_SetPriorityGrouping)
    HAL_RCC_ClockConfig                      0x08001609   Thumb Code   368  stm32f4xx_hal_rcc.o(i.HAL_RCC_ClockConfig)
    HAL_RCC_GetHCLKFreq                      0x0800178d   Thumb Code     6  stm32f4xx_hal_rcc.o(i.HAL_RCC_GetHCLKFreq)
    HAL_RCC_GetPCLK1Freq                     0x08001799   Thumb Code    22  stm32f4xx_hal_rcc.o(i.HAL_RCC_GetPCLK1Freq)
    HAL_RCC_GetPCLK2Freq                     0x080017b9   Thumb Code    22  stm32f4xx_hal_rcc.o(i.HAL_RCC_GetPCLK2Freq)
    HAL_RCC_GetSysClockFreq                  0x080017d9   Thumb Code   162  stm32f4xx_hal_rcc.o(i.HAL_RCC_GetSysClockFreq)
    HAL_RCC_OscConfig                        0x08001889   Thumb Code  1172  stm32f4xx_hal_rcc.o(i.HAL_RCC_OscConfig)
    HAL_SYSTICK_Config                       0x08001d25   Thumb Code    52  stm32f4xx_hal_cortex.o(i.HAL_SYSTICK_Config)
    HAL_UARTEx_ReceiveToIdle_DMA             0x08001d59   Thumb Code   112  stm32f4xx_hal_uart.o(i.HAL_UARTEx_ReceiveToIdle_DMA)
    HAL_UARTEx_RxEventCallback               0x08001dc9   Thumb Code   202  yaokong.o(i.HAL_UARTEx_RxEventCallback)
    HAL_UART_ErrorCallback                   0x08001eb5   Thumb Code     2  stm32f4xx_hal_uart.o(i.HAL_UART_ErrorCallback)
    HAL_UART_Init                            0x08001eb7   Thumb Code   118  stm32f4xx_hal_uart.o(i.HAL_UART_Init)
    HAL_UART_MspInit                         0x08001f2d   Thumb Code   182  usart.o(i.HAL_UART_MspInit)
    HAL_UART_RxCpltCallback                  0x08001ff9   Thumb Code     2  stm32f4xx_hal_uart.o(i.HAL_UART_RxCpltCallback)
    HAL_UART_RxHalfCpltCallback              0x08001ffb   Thumb Code     2  stm32f4xx_hal_uart.o(i.HAL_UART_RxHalfCpltCallback)
    HardFault_Handler                        0x08001ffd   Thumb Code     4  stm32f4xx_it.o(i.HardFault_Handler)
    MX_CAN1_Init                             0x08002001   Thumb Code    54  can.o(i.MX_CAN1_Init)
    MX_DMA_Init                              0x08002041   Thumb Code    50  dma.o(i.MX_DMA_Init)
    MX_GPIO_Init                             0x08002079   Thumb Code   118  gpio.o(i.MX_GPIO_Init)
    MX_USART1_UART_Init                      0x080020f5   Thumb Code    52  usart.o(i.MX_USART1_UART_Init)
    MemManage_Handler                        0x08002135   Thumb Code     4  stm32f4xx_it.o(i.MemManage_Handler)
    NMI_Handler                              0x08002139   Thumb Code     4  stm32f4xx_it.o(i.NMI_Handler)
    PendSV_Handler                           0x0800213d   Thumb Code     2  stm32f4xx_it.o(i.PendSV_Handler)
    SVC_Handler                              0x0800213f   Thumb Code     2  stm32f4xx_it.o(i.SVC_Handler)
    SysTick_Handler                          0x08002141   Thumb Code     8  stm32f4xx_it.o(i.SysTick_Handler)
    SystemInit                               0x08002149   Thumb Code    14  system_stm32f4xx.o(i.SystemInit)
    UART_Start_Receive_DMA                   0x0800215d   Thumb Code   184  stm32f4xx_hal_uart.o(i.UART_Start_Receive_DMA)
    UsageFault_Handler                       0x08002221   Thumb Code     4  stm32f4xx_it.o(i.UsageFault_Handler)
    pid_output(PID*, short, short)           0x08002225   Thumb Code   192  pid.o(i._Z10pid_outputP3PIDss)
    can_filter_init()                        0x0800258d   Thumb Code    58  can_user.o(i._Z15can_filter_initv)
    updateMotorAngle(motor_recieve)          0x080025cd   Thumb Code    48  can_user.o(i._Z16updateMotorAngle13motor_recieve)
    SystemClock_Config()                     0x080026ad   Thumb Code   168  main.o(i._Z18SystemClock_Configv)
    calculateRotorRotation(double, motor_recieve, short*, short*) 0x080028f1   Thumb Code   222  can_user.o(i._Z22calculateRotorRotationd13motor_recievePsS0_)
    CAN_cmd_angle_2006motor(short, motor_recieve) 0x08002a01   Thumb Code    84  can_user.o(i._Z23CAN_cmd_angle_2006motors13motor_recieve)
    CAN_cmd_speed_2006motor(short, motor_recieve) 0x08002a5d   Thumb Code    52  can_user.o(i._Z23CAN_cmd_speed_2006motors13motor_recieve)
    CAN_cmd_current_3508motor(short, short, short, short) 0x08002ac9   Thumb Code    68  can_user.o(i._Z25CAN_cmd_current_3508motorssss)
    main                                     0x08002b29   Thumb Code   136  main.o(i.main)
    __aeabi_dadd                             0x08002bcd   Thumb Code     0  daddsub_clz.o(x$fpl$dadd)
    _dadd                                    0x08002bcd   Thumb Code   332  daddsub_clz.o(x$fpl$dadd)
    __aeabi_ddiv                             0x08002d1d   Thumb Code     0  ddiv.o(x$fpl$ddiv)
    _ddiv                                    0x08002d1d   Thumb Code   552  ddiv.o(x$fpl$ddiv)
    __aeabi_d2iz                             0x08002fcd   Thumb Code     0  dfix.o(x$fpl$dfix)
    _dfix                                    0x08002fcd   Thumb Code    94  dfix.o(x$fpl$dfix)
    __aeabi_i2d                              0x0800302b   Thumb Code     0  dflt_clz.o(x$fpl$dflt)
    _dflt                                    0x0800302b   Thumb Code    46  dflt_clz.o(x$fpl$dflt)
    __aeabi_dmul                             0x08003059   Thumb Code     0  dmul.o(x$fpl$dmul)
    _dmul                                    0x08003059   Thumb Code   332  dmul.o(x$fpl$dmul)
    __fpl_dnaninf                            0x080031ad   Thumb Code   156  dnaninf.o(x$fpl$dnaninf)
    __fpl_dretinf                            0x08003249   Thumb Code    12  dretinf.o(x$fpl$dretinf)
    __aeabi_drsub                            0x08003255   Thumb Code     0  daddsub_clz.o(x$fpl$drsb)
    _drsb                                    0x08003255   Thumb Code    22  daddsub_clz.o(x$fpl$drsb)
    __aeabi_dsub                             0x0800326d   Thumb Code     0  daddsub_clz.o(x$fpl$dsub)
    _dsub                                    0x0800326d   Thumb Code   464  daddsub_clz.o(x$fpl$dsub)
    _fp_init                                 0x08003441   Thumb Code    10  fpinit.o(x$fpl$fpinit)
    __fplib_config_fpu_vfp                   0x08003449   Thumb Code     0  fpinit.o(x$fpl$fpinit)
    __fplib_config_pureend_doubles           0x08003449   Thumb Code     0  fpinit.o(x$fpl$fpinit)
    __I$use$fp                               0x0800344a   Number         0  usenofp.o(x$fpl$usenofp)
    AHBPrescTable                            0x08003452   Data          16  system_stm32f4xx.o(.constdata)
    APBPrescTable                            0x08003462   Data           8  system_stm32f4xx.o(.constdata)
    Region$$Table$$Base                      0x0800346c   Number         0  anon$$obj.o(Region$$Table)
    Region$$Table$$Limit                     0x0800348c   Number         0  anon$$obj.o(Region$$Table)
    shoot_count                              0x20000010   Data           2  can_user.o(.data)
    pid_dipan3508                            0x20000014   Data          80  pid.o(.data)
    pid_yuntai6020                           0x20000064   Data          40  pid.o(.data)
    pid_yuntai6020_angle                     0x2000008c   Data          40  pid.o(.data)
    pid_bodan2006                            0x200000b4   Data          20  pid.o(.data)
    pid_bodan2006_angle                      0x200000c8   Data          20  pid.o(.data)
    output                                   0x200000dc   Data           2  pid.o(.data)
    pout                                     0x200000de   Data           2  pid.o(.data)
    a                                        0x200000e0   Data           2  pid.o(.data)
    b                                        0x200000e2   Data           2  pid.o(.data)
    c                                        0x200000e4   Data           2  pid.o(.data)
    motor_recieve_bodan2006                  0x200000e6   Data           8  main.o(.data)
    rotorTurns                               0x200000ee   Data           2  main.o(.data)
    remainingEcd                             0x200000f0   Data           2  main.o(.data)
    TongDao0                                 0x200000f2   Data           2  main.o(.data)
    bodan_angletarget                        0x200000f4   Data           2  main.o(.data)
    uwTick                                   0x200000f8   Data           4  stm32f4xx_hal.o(.data)
    uwTickPrio                               0x200000fc   Data           4  stm32f4xx_hal.o(.data)
    uwTickFreq                               0x20000100   Data           1  stm32f4xx_hal.o(.data)
    SystemCoreClock                          0x20000104   Data           4  system_stm32f4xx.o(.data)
    motor_recieve_dipan3508                  0x20000138   Data          32  main.o(.bss)
    motor_recieve_yuntai6020                 0x20000158   Data          16  main.o(.bss)
    RC_Ctl                                   0x20000168   Data          12  main.o(.bss)
    sbus_rx_buffer                           0x20000174   Data          18  main.o(.bss)
    hcan1                                    0x20000188   Data          40  can.o(.bss)
    huart1                                   0x200001b0   Data          72  usart.o(.bss)
    hdma_usart1_rx                           0x200001f8   Data          96  usart.o(.bss)
    __libspace_start                         0x20000258   Data          96  libspace.o(.bss)
    __temporary_stack_top$libspace           0x200002b8   Data           0  libspace.o(.bss)



==============================================================================

Memory Map of the image

  Image Entry point : 0x080001ad

  Load Region LR_IROM1 (Base: 0x08000000, Size: 0x00003594, Max: 0x00200000, ABSOLUTE)

    Execution Region ER_IROM1 (Exec base: 0x08000000, Load base: 0x08000000, Size: 0x0000348c, Max: 0x00200000, ABSOLUTE)

    Exec Addr    Load Addr    Size         Type   Attr      Idx    E Section Name        Object

    0x08000000   0x08000000   0x000001ac   Data   RO            3    RESET               startup_stm32f427xx.o
    0x080001ac   0x080001ac   0x00000008   Code   RO         2972  * !!!main             c_w.l(__main.o)
    0x080001b4   0x080001b4   0x00000034   Code   RO         3166    !!!scatter          c_w.l(__scatter.o)
    0x080001e8   0x080001e8   0x0000001a   Code   RO         3168    !!handler_copy      c_w.l(__scatter_copy.o)
    0x08000202   0x08000202   0x00000002   PAD
    0x08000204   0x08000204   0x0000001c   Code   RO         3170    !!handler_zi        c_w.l(__scatter_zi.o)
    0x08000220   0x08000220   0x00000002   Code   RO         3036    .ARM.Collect$$libinit$$00000000  c_w.l(libinit.o)
    0x08000222   0x08000222   0x00000004   Code   RO         3048    .ARM.Collect$$libinit$$00000001  c_w.l(libinit2.o)
    0x08000226   0x08000226   0x00000000   Code   RO         3051    .ARM.Collect$$libinit$$00000004  c_w.l(libinit2.o)
    0x08000226   0x08000226   0x00000000   Code   RO         3054    .ARM.Collect$$libinit$$0000000A  c_w.l(libinit2.o)
    0x08000226   0x08000226   0x00000000   Code   RO         3056    .ARM.Collect$$libinit$$0000000C  c_w.l(libinit2.o)
    0x08000226   0x08000226   0x00000000   Code   RO         3058    .ARM.Collect$$libinit$$0000000E  c_w.l(libinit2.o)
    0x08000226   0x08000226   0x00000000   Code   RO         3061    .ARM.Collect$$libinit$$00000011  c_w.l(libinit2.o)
    0x08000226   0x08000226   0x00000000   Code   RO         3063    .ARM.Collect$$libinit$$00000013  c_w.l(libinit2.o)
    0x08000226   0x08000226   0x00000000   Code   RO         3065    .ARM.Collect$$libinit$$00000015  c_w.l(libinit2.o)
    0x08000226   0x08000226   0x00000000   Code   RO         3067    .ARM.Collect$$libinit$$00000017  c_w.l(libinit2.o)
    0x08000226   0x08000226   0x00000000   Code   RO         3069    .ARM.Collect$$libinit$$00000019  c_w.l(libinit2.o)
    0x08000226   0x08000226   0x00000000   Code   RO         3071    .ARM.Collect$$libinit$$0000001B  c_w.l(libinit2.o)
    0x08000226   0x08000226   0x00000000   Code   RO         3073    .ARM.Collect$$libinit$$0000001D  c_w.l(libinit2.o)
    0x08000226   0x08000226   0x00000000   Code   RO         3075    .ARM.Collect$$libinit$$0000001F  c_w.l(libinit2.o)
    0x08000226   0x08000226   0x00000000   Code   RO         3077    .ARM.Collect$$libinit$$00000021  c_w.l(libinit2.o)
    0x08000226   0x08000226   0x00000000   Code   RO         3079    .ARM.Collect$$libinit$$00000023  c_w.l(libinit2.o)
    0x08000226   0x08000226   0x00000000   Code   RO         3081    .ARM.Collect$$libinit$$00000025  c_w.l(libinit2.o)
    0x08000226   0x08000226   0x00000000   Code   RO         3085    .ARM.Collect$$libinit$$0000002C  c_w.l(libinit2.o)
    0x08000226   0x08000226   0x00000000   Code   RO         3087    .ARM.Collect$$libinit$$0000002E  c_w.l(libinit2.o)
    0x08000226   0x08000226   0x00000000   Code   RO         3089    .ARM.Collect$$libinit$$00000030  c_w.l(libinit2.o)
    0x08000226   0x08000226   0x00000000   Code   RO         3091    .ARM.Collect$$libinit$$00000032  c_w.l(libinit2.o)
    0x08000226   0x08000226   0x00000002   Code   RO         3092    .ARM.Collect$$libinit$$00000033  c_w.l(libinit2.o)
    0x08000228   0x08000228   0x00000002   Code   RO         3123    .ARM.Collect$$libshutdown$$00000000  c_w.l(libshutdown.o)
    0x0800022a   0x0800022a   0x00000000   Code   RO         3149    .ARM.Collect$$libshutdown$$00000002  c_w.l(libshutdown2.o)
    0x0800022a   0x0800022a   0x00000000   Code   RO         3151    .ARM.Collect$$libshutdown$$00000004  c_w.l(libshutdown2.o)
    0x0800022a   0x0800022a   0x00000000   Code   RO         3154    .ARM.Collect$$libshutdown$$00000007  c_w.l(libshutdown2.o)
    0x0800022a   0x0800022a   0x00000000   Code   RO         3157    .ARM.Collect$$libshutdown$$0000000A  c_w.l(libshutdown2.o)
    0x0800022a   0x0800022a   0x00000000   Code   RO         3159    .ARM.Collect$$libshutdown$$0000000C  c_w.l(libshutdown2.o)
    0x0800022a   0x0800022a   0x00000000   Code   RO         3162    .ARM.Collect$$libshutdown$$0000000F  c_w.l(libshutdown2.o)
    0x0800022a   0x0800022a   0x00000002   Code   RO         3163    .ARM.Collect$$libshutdown$$00000010  c_w.l(libshutdown2.o)
    0x0800022c   0x0800022c   0x00000000   Code   RO         2996    .ARM.Collect$$rtentry$$00000000  c_w.l(__rtentry.o)
    0x0800022c   0x0800022c   0x00000000   Code   RO         3007    .ARM.Collect$$rtentry$$00000002  c_w.l(__rtentry2.o)
    0x0800022c   0x0800022c   0x00000006   Code   RO         3019    .ARM.Collect$$rtentry$$00000004  c_w.l(__rtentry4.o)
    0x08000232   0x08000232   0x00000000   Code   RO         3009    .ARM.Collect$$rtentry$$00000009  c_w.l(__rtentry2.o)
    0x08000232   0x08000232   0x00000004   Code   RO         3010    .ARM.Collect$$rtentry$$0000000A  c_w.l(__rtentry2.o)
    0x08000236   0x08000236   0x00000000   Code   RO         3012    .ARM.Collect$$rtentry$$0000000C  c_w.l(__rtentry2.o)
    0x08000236   0x08000236   0x00000008   Code   RO         3013    .ARM.Collect$$rtentry$$0000000D  c_w.l(__rtentry2.o)
    0x0800023e   0x0800023e   0x00000002   Code   RO         3040    .ARM.Collect$$rtexit$$00000000  c_w.l(rtexit.o)
    0x08000240   0x08000240   0x00000000   Code   RO         3096    .ARM.Collect$$rtexit$$00000002  c_w.l(rtexit2.o)
    0x08000240   0x08000240   0x00000004   Code   RO         3097    .ARM.Collect$$rtexit$$00000003  c_w.l(rtexit2.o)
    0x08000244   0x08000244   0x00000006   Code   RO         3098    .ARM.Collect$$rtexit$$00000004  c_w.l(rtexit2.o)
    0x0800024a   0x0800024a   0x00000002   PAD
    0x0800024c   0x0800024c   0x00000040   Code   RO            4    .text               startup_stm32f427xx.o
    0x0800028c   0x0800028c   0x000000ee   Code   RO         2966    .text               c_w.l(lludivv7m.o)
    0x0800037a   0x0800037a   0x0000004e   Code   RO         2968    .text               c_w.l(rt_memclr_w.o)
    0x080003c8   0x080003c8   0x00000006   Code   RO         2970    .text               c_w.l(heapauxi.o)
    0x080003ce   0x080003ce   0x0000004a   Code   RO         3023    .text               c_w.l(sys_stackheap_outer.o)
    0x08000418   0x08000418   0x00000012   Code   RO         3025    .text               c_w.l(exit.o)
    0x0800042a   0x0800042a   0x00000002   PAD
    0x0800042c   0x0800042c   0x00000008   Code   RO         3037    .text               c_w.l(libspace.o)
    0x08000434   0x08000434   0x0000000c   Code   RO         3093    .text               c_w.l(sys_exit.o)
    0x08000440   0x08000440   0x00000002   Code   RO         3112    .text               c_w.l(use_no_semi.o)
    0x08000442   0x08000442   0x00000000   Code   RO         3114    .text               c_w.l(indicate_semi.o)
    0x08000442   0x08000442   0x00000004   Code   RO          599    i.BusFault_Handler  stm32f4xx_it.o
    0x08000446   0x08000446   0x00000002   PAD
    0x08000448   0x08000448   0x00000010   Code   RO          600    i.CAN1_RX0_IRQHandler  stm32f4xx_it.o
    0x08000458   0x08000458   0x00000010   Code   RO          601    i.DMA2_Stream2_IRQHandler  stm32f4xx_it.o
    0x08000468   0x08000468   0x00000002   Code   RO          602    i.DebugMon_Handler  stm32f4xx_it.o
    0x0800046a   0x0800046a   0x00000006   Code   RO          395    i.Error_Handler     main.o
    0x08000470   0x08000470   0x0000002a   Code   RO          724    i.HAL_CAN_ActivateNotification  stm32f4xx_hal_can.o
    0x0800049a   0x0800049a   0x0000014a   Code   RO          725    i.HAL_CAN_AddTxMessage  stm32f4xx_hal_can.o
    0x080005e4   0x080005e4   0x00000124   Code   RO          726    i.HAL_CAN_ConfigFilter  stm32f4xx_hal_can.o
    0x08000708   0x08000708   0x00000002   Code   RO          729    i.HAL_CAN_ErrorCallback  stm32f4xx_hal_can.o
    0x0800070a   0x0800070a   0x00000194   Code   RO          732    i.HAL_CAN_GetRxMessage  stm32f4xx_hal_can.o
    0x0800089e   0x0800089e   0x0000024e   Code   RO          736    i.HAL_CAN_IRQHandler  stm32f4xx_hal_can.o
    0x08000aec   0x08000aec   0x00000174   Code   RO          737    i.HAL_CAN_Init      stm32f4xx_hal_can.o
    0x08000c60   0x08000c60   0x00000094   Code   RO          485    i.HAL_CAN_MspInit   can.o
    0x08000cf4   0x08000cf4   0x00000002   Code   RO          744    i.HAL_CAN_RxFifo0FullCallback  stm32f4xx_hal_can.o
    0x08000cf6   0x08000cf6   0x00000002   PAD
    0x08000cf8   0x08000cf8   0x000000e0   Code   RO           13    i.HAL_CAN_RxFifo0MsgPendingCallback  can_user.o
    0x08000dd8   0x08000dd8   0x00000002   Code   RO          746    i.HAL_CAN_RxFifo1FullCallback  stm32f4xx_hal_can.o
    0x08000dda   0x08000dda   0x00000002   Code   RO          747    i.HAL_CAN_RxFifo1MsgPendingCallback  stm32f4xx_hal_can.o
    0x08000ddc   0x08000ddc   0x00000002   Code   RO          748    i.HAL_CAN_SleepCallback  stm32f4xx_hal_can.o
    0x08000dde   0x08000dde   0x0000005e   Code   RO          749    i.HAL_CAN_Start     stm32f4xx_hal_can.o
    0x08000e3c   0x08000e3c   0x00000002   Code   RO          751    i.HAL_CAN_TxMailbox0AbortCallback  stm32f4xx_hal_can.o
    0x08000e3e   0x08000e3e   0x00000002   Code   RO          752    i.HAL_CAN_TxMailbox0CompleteCallback  stm32f4xx_hal_can.o
    0x08000e40   0x08000e40   0x00000002   Code   RO          753    i.HAL_CAN_TxMailbox1AbortCallback  stm32f4xx_hal_can.o
    0x08000e42   0x08000e42   0x00000002   Code   RO          754    i.HAL_CAN_TxMailbox1CompleteCallback  stm32f4xx_hal_can.o
    0x08000e44   0x08000e44   0x00000002   Code   RO          755    i.HAL_CAN_TxMailbox2AbortCallback  stm32f4xx_hal_can.o
    0x08000e46   0x08000e46   0x00000002   Code   RO          756    i.HAL_CAN_TxMailbox2CompleteCallback  stm32f4xx_hal_can.o
    0x08000e48   0x08000e48   0x00000002   Code   RO          758    i.HAL_CAN_WakeUpFromRxMsgCallback  stm32f4xx_hal_can.o
    0x08000e4a   0x08000e4a   0x00000002   PAD
    0x08000e4c   0x08000e4c   0x00000240   Code   RO         1634    i.HAL_DMA_IRQHandler  stm32f4xx_hal_dma.o
    0x0800108c   0x0800108c   0x000000ec   Code   RO         1635    i.HAL_DMA_Init      stm32f4xx_hal_dma.o
    0x08001178   0x08001178   0x00000092   Code   RO         1638    i.HAL_DMA_Start_IT  stm32f4xx_hal_dma.o
    0x0800120a   0x0800120a   0x00000002   PAD
    0x0800120c   0x0800120c   0x00000028   Code   RO         2156    i.HAL_Delay         stm32f4xx_hal.o
    0x08001234   0x08001234   0x0000020c   Code   RO         1513    i.HAL_GPIO_Init     stm32f4xx_hal_gpio.o
    0x08001440   0x08001440   0x0000000c   Code   RO         1517    i.HAL_GPIO_WritePin  stm32f4xx_hal_gpio.o
    0x0800144c   0x0800144c   0x0000000c   Code   RO         2164    i.HAL_GetTick       stm32f4xx_hal.o
    0x08001458   0x08001458   0x00000018   Code   RO         2170    i.HAL_IncTick       stm32f4xx_hal.o
    0x08001470   0x08001470   0x0000003c   Code   RO         2171    i.HAL_Init          stm32f4xx_hal.o
    0x080014ac   0x080014ac   0x0000004c   Code   RO         2172    i.HAL_InitTick      stm32f4xx_hal.o
    0x080014f8   0x080014f8   0x00000044   Code   RO          698    i.HAL_MspInit       stm32f4xx_hal_msp.o
    0x0800153c   0x0800153c   0x00000028   Code   RO         1976    i.HAL_NVIC_EnableIRQ  stm32f4xx_hal_cortex.o
    0x08001564   0x08001564   0x0000007c   Code   RO         1982    i.HAL_NVIC_SetPriority  stm32f4xx_hal_cortex.o
    0x080015e0   0x080015e0   0x00000028   Code   RO         1983    i.HAL_NVIC_SetPriorityGrouping  stm32f4xx_hal_cortex.o
    0x08001608   0x08001608   0x00000184   Code   RO          994    i.HAL_RCC_ClockConfig  stm32f4xx_hal_rcc.o
    0x0800178c   0x0800178c   0x0000000c   Code   RO          999    i.HAL_RCC_GetHCLKFreq  stm32f4xx_hal_rcc.o
    0x08001798   0x08001798   0x00000020   Code   RO         1001    i.HAL_RCC_GetPCLK1Freq  stm32f4xx_hal_rcc.o
    0x080017b8   0x080017b8   0x00000020   Code   RO         1002    i.HAL_RCC_GetPCLK2Freq  stm32f4xx_hal_rcc.o
    0x080017d8   0x080017d8   0x000000b0   Code   RO         1003    i.HAL_RCC_GetSysClockFreq  stm32f4xx_hal_rcc.o
    0x08001888   0x08001888   0x0000049c   Code   RO         1006    i.HAL_RCC_OscConfig  stm32f4xx_hal_rcc.o
    0x08001d24   0x08001d24   0x00000034   Code   RO         1987    i.HAL_SYSTICK_Config  stm32f4xx_hal_cortex.o
    0x08001d58   0x08001d58   0x00000070   Code   RO         2503    i.HAL_UARTEx_ReceiveToIdle_DMA  stm32f4xx_hal_uart.o
    0x08001dc8   0x08001dc8   0x000000ec   Code   RO          361    i.HAL_UARTEx_RxEventCallback  yaokong.o
    0x08001eb4   0x08001eb4   0x00000002   Code   RO         2519    i.HAL_UART_ErrorCallback  stm32f4xx_hal_uart.o
    0x08001eb6   0x08001eb6   0x00000076   Code   RO         2523    i.HAL_UART_Init     stm32f4xx_hal_uart.o
    0x08001f2c   0x08001f2c   0x000000cc   Code   RO          555    i.HAL_UART_MspInit  usart.o
    0x08001ff8   0x08001ff8   0x00000002   Code   RO         2529    i.HAL_UART_RxCpltCallback  stm32f4xx_hal_uart.o
    0x08001ffa   0x08001ffa   0x00000002   Code   RO         2530    i.HAL_UART_RxHalfCpltCallback  stm32f4xx_hal_uart.o
    0x08001ffc   0x08001ffc   0x00000004   Code   RO          603    i.HardFault_Handler  stm32f4xx_it.o
    0x08002000   0x08002000   0x00000040   Code   RO          486    i.MX_CAN1_Init      can.o
    0x08002040   0x08002040   0x00000038   Code   RO          529    i.MX_DMA_Init       dma.o
    0x08002078   0x08002078   0x0000007c   Code   RO          459    i.MX_GPIO_Init      gpio.o
    0x080020f4   0x080020f4   0x00000040   Code   RO          556    i.MX_USART1_UART_Init  usart.o
    0x08002134   0x08002134   0x00000004   Code   RO          604    i.MemManage_Handler  stm32f4xx_it.o
    0x08002138   0x08002138   0x00000004   Code   RO          605    i.NMI_Handler       stm32f4xx_it.o
    0x0800213c   0x0800213c   0x00000002   Code   RO          606    i.PendSV_Handler    stm32f4xx_it.o
    0x0800213e   0x0800213e   0x00000002   Code   RO          607    i.SVC_Handler       stm32f4xx_it.o
    0x08002140   0x08002140   0x00000008   Code   RO          608    i.SysTick_Handler   stm32f4xx_it.o
    0x08002148   0x08002148   0x00000014   Code   RO         2929    i.SystemInit        system_stm32f4xx.o
    0x0800215c   0x0800215c   0x000000c4   Code   RO         2536    i.UART_Start_Receive_DMA  stm32f4xx_hal_uart.o
    0x08002220   0x08002220   0x00000004   Code   RO          609    i.UsageFault_Handler  stm32f4xx_it.o
    0x08002224   0x08002224   0x000000c0   Code   RO          218    i._Z10pid_outputP3PIDss  pid.o
    0x080022e4   0x080022e4   0x0000002c   Code   RO         1640    i._Z13DMA_SetConfigP19__DMA_HandleTypeDefjjj  stm32f4xx_hal_dma.o
    0x08002310   0x08002310   0x00000050   Code   RO         2538    i._Z13UART_DMAErrorP19__DMA_HandleTypeDef  stm32f4xx_hal_uart.o
    0x08002360   0x08002360   0x0000022c   Code   RO         2539    i._Z14UART_SetConfigP20__UART_HandleTypeDef  stm32f4xx_hal_uart.o
    0x0800258c   0x0800258c   0x00000040   Code   RO           14    i._Z15can_filter_initv  can_user.o
    0x080025cc   0x080025cc   0x00000034   Code   RO           15    i._Z16updateMotorAngle13motor_recieve  can_user.o
    0x08002600   0x08002600   0x000000aa   Code   RO         1641    i._Z18DMA_CheckFifoParamP19__DMA_HandleTypeDef  stm32f4xx_hal_dma.o
    0x080026aa   0x080026aa   0x00000002   PAD
    0x080026ac   0x080026ac   0x000000b0   Code   RO          396    i._Z18SystemClock_Configv  main.o
    0x0800275c   0x0800275c   0x00000024   Code   RO         2542    i._Z18UART_DMARxHalfCpltP19__DMA_HandleTypeDef  stm32f4xx_hal_uart.o
    0x08002780   0x08002780   0x0000006c   Code   RO         2544    i._Z18UART_EndRxTransferP20__UART_HandleTypeDef  stm32f4xx_hal_uart.o
    0x080027ec   0x080027ec   0x00000026   Code   RO         2545    i._Z18UART_EndTxTransferP20__UART_HandleTypeDef  stm32f4xx_hal_uart.o
    0x08002812   0x08002812   0x00000002   PAD
    0x08002814   0x08002814   0x00000028   Code   RO         1989    i._Z18__NVIC_SetPriority9IRQn_Typej  stm32f4xx_hal_cortex.o
    0x0800283c   0x0800283c   0x000000b4   Code   RO         2546    i._Z19UART_DMAReceiveCpltP19__DMA_HandleTypeDef  stm32f4xx_hal_uart.o
    0x080028f0   0x080028f0   0x00000110   Code   RO           16    i._Z22calculateRotorRotationd13motor_recievePsS0_  can_user.o
    0x08002a00   0x08002a00   0x0000005c   Code   RO           17    i._Z23CAN_cmd_angle_2006motors13motor_recieve  can_user.o
    0x08002a5c   0x08002a5c   0x00000038   Code   RO           19    i._Z23CAN_cmd_speed_2006motors13motor_recieve  can_user.o
    0x08002a94   0x08002a94   0x00000034   Code   RO         1642    i._Z23DMA_CalcBaseAndBitshiftP19__DMA_HandleTypeDef  stm32f4xx_hal_dma.o
    0x08002ac8   0x08002ac8   0x00000050   Code   RO           22    i._Z25CAN_cmd_current_3508motorssss  can_user.o
    0x08002b18   0x08002b18   0x00000010   Code   RO         1990    i._Z26__NVIC_GetPriorityGroupingv  stm32f4xx_hal_cortex.o
    0x08002b28   0x08002b28   0x000000a4   Code   RO          397    i.main              main.o
    0x08002bcc   0x08002bcc   0x00000150   Code   RO         2974    x$fpl$dadd          fz_wm.l(daddsub_clz.o)
    0x08002d1c   0x08002d1c   0x000002b0   Code   RO         2981    x$fpl$ddiv          fz_wm.l(ddiv.o)
    0x08002fcc   0x08002fcc   0x0000005e   Code   RO         2984    x$fpl$dfix          fz_wm.l(dfix.o)
    0x0800302a   0x0800302a   0x0000002e   Code   RO         2989    x$fpl$dflt          fz_wm.l(dflt_clz.o)
    0x08003058   0x08003058   0x00000154   Code   RO         2994    x$fpl$dmul          fz_wm.l(dmul.o)
    0x080031ac   0x080031ac   0x0000009c   Code   RO         3001    x$fpl$dnaninf       fz_wm.l(dnaninf.o)
    0x08003248   0x08003248   0x0000000c   Code   RO         3003    x$fpl$dretinf       fz_wm.l(dretinf.o)
    0x08003254   0x08003254   0x00000016   Code   RO         2975    x$fpl$drsb          fz_wm.l(daddsub_clz.o)
    0x0800326a   0x0800326a   0x00000002   PAD
    0x0800326c   0x0800326c   0x000001d4   Code   RO         2976    x$fpl$dsub          fz_wm.l(daddsub_clz.o)
    0x08003440   0x08003440   0x0000000a   Code   RO         3108    x$fpl$fpinit        fz_wm.l(fpinit.o)
    0x0800344a   0x0800344a   0x00000000   Code   RO         3005    x$fpl$usenofp       fz_wm.l(usenofp.o)
    0x0800344a   0x0800344a   0x00000008   Data   RO         1659    .constdata          stm32f4xx_hal_dma.o
    0x08003452   0x08003452   0x00000018   Data   RO         2932    .constdata          system_stm32f4xx.o
    0x0800346a   0x0800346a   0x00000002   PAD
    0x0800346c   0x0800346c   0x00000020   Data   RO         3164    Region$$Table       anon$$obj.o


    Execution Region RW_IRAM2 (Exec base: 0x10000000, Load base: 0x08003594, Size: 0x00000000, Max: 0x00010000, ABSOLUTE)

    **** No section assigned to this execution region ****


    Execution Region RW_IRAM1 (Exec base: 0x20000000, Load base: 0x0800348c, Size: 0x000008b8, Max: 0x00030000, ABSOLUTE)

    Exec Addr    Load Addr    Size         Type   Attr      Idx    E Section Name        Object

    0x20000000   0x0800348c   0x00000012   Data   RW           36    .data               can_user.o
    0x20000012   0x0800349e   0x00000002   PAD
    0x20000014   0x080034a0   0x000000d2   Data   RW          220    .data               pid.o
    0x200000e6   0x08003572   0x00000010   Data   RW          402    .data               main.o
    0x200000f6   0x08003582   0x00000002   PAD
    0x200000f8   0x08003584   0x00000009   Data   RW         2207    .data               stm32f4xx_hal.o
    0x20000101   0x0800358d   0x00000003   PAD
    0x20000104   0x08003590   0x00000004   Data   RW         2933    .data               system_stm32f4xx.o
    0x20000108        -       0x00000030   Zero   RW           35    .bss                can_user.o
    0x20000138        -       0x0000004e   Zero   RW          401    .bss                main.o
    0x20000186   0x08003594   0x00000002   PAD
    0x20000188        -       0x00000028   Zero   RW          490    .bss                can.o
    0x200001b0        -       0x000000a8   Zero   RW          560    .bss                usart.o
    0x20000258        -       0x00000060   Zero   RW         3038    .bss                c_w.l(libspace.o)
    0x200002b8        -       0x00000200   Zero   RW            2    HEAP                startup_stm32f427xx.o
    0x200004b8        -       0x00000400   Zero   RW            1    STACK               startup_stm32f427xx.o


==============================================================================

Image component sizes


      Code (inc. data)   RO Data    RW Data    ZI Data      Debug   Object Name

       212         24          0          0         40       1805   can.o
       840        102          0         18         48     721323   can_user.o
         0          0          0          0          0     711560   dipan_control.o
        56          6          0          0          0        842   dma.o
       124          6          0          0          0        967   gpio.o
       346         36          0         16         78       3946   main.o
       192          0          0        210          0       1889   pid.o
        64         26        428          0       1536        872   startup_stm32f427xx.o
       212         36          0          9          0       9797   stm32f4xx_hal.o
      2148          6          0          0          0      14983   stm32f4xx_hal_can.o
       312         22          0          0          0      34539   stm32f4xx_hal_cortex.o
      1224         16          8          0          0       5779   stm32f4xx_hal_dma.o
       536         52          0          0          0       2240   stm32f4xx_hal_gpio.o
        68          4          0          0          0        938   stm32f4xx_hal_msp.o
      1820         86          0          0          0       5832   stm32f4xx_hal_rcc.o
      1430         22          0          0          0       9369   stm32f4xx_hal_uart.o
        66         12          0          0          0       5526   stm32f4xx_it.o
        20          6         24          4          0       1239   system_stm32f4xx.o
       268         34          0          0        168       1929   usart.o
       236         34          0          0          0       1249   yaokong.o

    ----------------------------------------------------------------------
     10186        530        494        264       1872    1536624   Object Totals
         0          0         32          0          0          0   (incl. Generated)
        12          0          2          7          2          0   (incl. Padding)

    ----------------------------------------------------------------------

      Code (inc. data)   RO Data    RW Data    ZI Data      Debug   Library Member Name

         8          0          0          0          0         68   __main.o
         0          0          0          0          0          0   __rtentry.o
        12          0          0          0          0          0   __rtentry2.o
         6          0          0          0          0          0   __rtentry4.o
        52          8          0          0          0          0   __scatter.o
        26          0          0          0          0          0   __scatter_copy.o
        28          0          0          0          0          0   __scatter_zi.o
        18          0          0          0          0         80   exit.o
         6          0          0          0          0        152   heapauxi.o
         0          0          0          0          0          0   indicate_semi.o
         2          0          0          0          0          0   libinit.o
         6          0          0          0          0          0   libinit2.o
         2          0          0          0          0          0   libshutdown.o
         2          0          0          0          0          0   libshutdown2.o
         8          4          0          0         96         68   libspace.o
       238          0          0          0          0        100   lludivv7m.o
        78          0          0          0          0         80   rt_memclr_w.o
         2          0          0          0          0          0   rtexit.o
        10          0          0          0          0          0   rtexit2.o
        12          4          0          0          0         68   sys_exit.o
        74          0          0          0          0         80   sys_stackheap_outer.o
         2          0          0          0          0         68   use_no_semi.o
       826         16          0          0          0        492   daddsub_clz.o
       688        140          0          0          0        256   ddiv.o
        94          4          0          0          0        140   dfix.o
        46          0          0          0          0        116   dflt_clz.o
       340         12          0          0          0        152   dmul.o
       156          4          0          0          0        140   dnaninf.o
        12          0          0          0          0        116   dretinf.o
        10          0          0          0          0        116   fpinit.o
         0          0          0          0          0          0   usenofp.o

    ----------------------------------------------------------------------
      2772        192          0          0         96       2292   Library Totals
         8          0          0          0          0          0   (incl. Padding)

    ----------------------------------------------------------------------

      Code (inc. data)   RO Data    RW Data    ZI Data      Debug   Library Name

       592         16          0          0         96        764   c_w.l
      2172        176          0          0          0       1528   fz_wm.l

    ----------------------------------------------------------------------
      2772        192          0          0         96       2292   Library Totals

    ----------------------------------------------------------------------

==============================================================================


      Code (inc. data)   RO Data    RW Data    ZI Data      Debug   

     12958        722        494        264       1968    1529856   Grand Totals
     12958        722        494        264       1968    1529856   ELF Image Totals
     12958        722        494        264          0          0   ROM Totals

==============================================================================

    Total RO  Size (Code + RO Data)                13452 (  13.14kB)
    Total RW  Size (RW Data + ZI Data)              2232 (   2.18kB)
    Total ROM Size (Code + RO Data + RW Data)      13716 (  13.39kB)

==============================================================================

