Component: ARM Compiler 5.06 update 5 (build 528) Tool: armlink [4d35e2]

==============================================================================

Section Cross References

    startup_stm32f407xx.o(STACK) refers (Special) to heapauxi.o(.text) for __use_two_region_memory
    startup_stm32f407xx.o(HEAP) refers (Special) to heapauxi.o(.text) for __use_two_region_memory
    startup_stm32f407xx.o(RESET) refers (Special) to heapauxi.o(.text) for __use_two_region_memory
    startup_stm32f407xx.o(RESET) refers to startup_stm32f407xx.o(STACK) for __initial_sp
    startup_stm32f407xx.o(RESET) refers to startup_stm32f407xx.o(.text) for Reset_Handler
    startup_stm32f407xx.o(RESET) refers to stm32f4xx_it.o(i.NMI_Handler) for NMI_Handler
    startup_stm32f407xx.o(RESET) refers to stm32f4xx_it.o(i.HardFault_Handler) for HardFault_Handler
    startup_stm32f407xx.o(RESET) refers to stm32f4xx_it.o(i.MemManage_Handler) for MemManage_Handler
    startup_stm32f407xx.o(RESET) refers to stm32f4xx_it.o(i.BusFault_Handler) for BusFault_Handler
    startup_stm32f407xx.o(RESET) refers to stm32f4xx_it.o(i.UsageFault_Handler) for UsageFault_Handler
    startup_stm32f407xx.o(RESET) refers to stm32f4xx_it.o(i.SVC_Handler) for SVC_Handler
    startup_stm32f407xx.o(RESET) refers to stm32f4xx_it.o(i.DebugMon_Handler) for DebugMon_Handler
    startup_stm32f407xx.o(RESET) refers to stm32f4xx_it.o(i.PendSV_Handler) for PendSV_Handler
    startup_stm32f407xx.o(RESET) refers to stm32f4xx_it.o(i.SysTick_Handler) for SysTick_Handler
    startup_stm32f407xx.o(.text) refers (Special) to heapauxi.o(.text) for __use_two_region_memory
    startup_stm32f407xx.o(.text) refers to system_stm32f4xx.o(i.SystemInit) for SystemInit
    startup_stm32f407xx.o(.text) refers to __main.o(!!!main) for __main
    startup_stm32f407xx.o(.text) refers to startup_stm32f407xx.o(HEAP) for Heap_Mem
    startup_stm32f407xx.o(.text) refers to startup_stm32f407xx.o(STACK) for Stack_Mem
    bmi088.o(i._Z11ReadAccDataP14acc_raw_data_t) refers to bmi088.o(i._Z21ReadSingleDataFromAcchPh) for ReadSingleDataFromAcc(unsigned char, unsigned char*)
    bmi088.o(i._Z11ReadAccDataP14acc_raw_data_t) refers to bmi088.o(i._Z20ReadMultiDataFromAcchhPh) for ReadMultiDataFromAcc(unsigned char, unsigned char, unsigned char*)
    bmi088.o(i._Z12ReadGyroDataP15gyro_raw_data_t) refers to bmi088.o(i._Z22ReadSingleDataFromGyrohPh) for ReadSingleDataFromGyro(unsigned char, unsigned char*)
    bmi088.o(i._Z12ReadGyroDataP15gyro_raw_data_t) refers to bmi088.o(i._Z21ReadMultiDataFromGyrohhPh) for ReadMultiDataFromGyro(unsigned char, unsigned char, unsigned char*)
    bmi088.o(i._Z14WriteDataToAcchh) refers to stm32f4xx_hal_gpio.o(i.HAL_GPIO_WritePin) for HAL_GPIO_WritePin
    bmi088.o(i._Z14WriteDataToAcchh) refers to stm32f4xx_hal_spi.o(i.HAL_SPI_Transmit) for HAL_SPI_Transmit
    bmi088.o(i._Z14WriteDataToAcchh) refers to stm32f4xx_hal_spi.o(i.HAL_SPI_GetState) for HAL_SPI_GetState
    bmi088.o(i._Z14WriteDataToAcchh) refers to stm32f4xx_hal.o(i.HAL_Delay) for HAL_Delay
    bmi088.o(i._Z14WriteDataToAcchh) refers to spi.o(.bss) for hspi1
    bmi088.o(i._Z15WriteDataToGyrohh) refers to stm32f4xx_hal_gpio.o(i.HAL_GPIO_WritePin) for HAL_GPIO_WritePin
    bmi088.o(i._Z15WriteDataToGyrohh) refers to stm32f4xx_hal_spi.o(i.HAL_SPI_Transmit) for HAL_SPI_Transmit
    bmi088.o(i._Z15WriteDataToGyrohh) refers to stm32f4xx_hal_spi.o(i.HAL_SPI_GetState) for HAL_SPI_GetState
    bmi088.o(i._Z15WriteDataToGyrohh) refers to stm32f4xx_hal.o(i.HAL_Delay) for HAL_Delay
    bmi088.o(i._Z15WriteDataToGyrohh) refers to spi.o(.bss) for hspi1
    bmi088.o(i._Z16BMI088_CONF_INITv) refers to bmi088.o(i._Z14WriteDataToAcchh) for WriteDataToAcc(unsigned char, unsigned char)
    bmi088.o(i._Z16BMI088_CONF_INITv) refers to stm32f4xx_hal.o(i.HAL_Delay) for HAL_Delay
    bmi088.o(i._Z16BMI088_CONF_INITv) refers to bmi088.o(i._Z15WriteDataToGyrohh) for WriteDataToGyro(unsigned char, unsigned char)
    bmi088.o(i._Z20ReadMultiDataFromAcchhPh) refers to stm32f4xx_hal_gpio.o(i.HAL_GPIO_WritePin) for HAL_GPIO_WritePin
    bmi088.o(i._Z20ReadMultiDataFromAcchhPh) refers to stm32f4xx_hal_spi.o(i.HAL_SPI_Transmit) for HAL_SPI_Transmit
    bmi088.o(i._Z20ReadMultiDataFromAcchhPh) refers to stm32f4xx_hal_spi.o(i.HAL_SPI_GetState) for HAL_SPI_GetState
    bmi088.o(i._Z20ReadMultiDataFromAcchhPh) refers to stm32f4xx_hal_spi.o(i.HAL_SPI_Receive) for HAL_SPI_Receive
    bmi088.o(i._Z20ReadMultiDataFromAcchhPh) refers to spi.o(.bss) for hspi1
    bmi088.o(i._Z21ReadMultiDataFromGyrohhPh) refers to stm32f4xx_hal_gpio.o(i.HAL_GPIO_WritePin) for HAL_GPIO_WritePin
    bmi088.o(i._Z21ReadMultiDataFromGyrohhPh) refers to stm32f4xx_hal_spi.o(i.HAL_SPI_Transmit) for HAL_SPI_Transmit
    bmi088.o(i._Z21ReadMultiDataFromGyrohhPh) refers to stm32f4xx_hal_spi.o(i.HAL_SPI_GetState) for HAL_SPI_GetState
    bmi088.o(i._Z21ReadMultiDataFromGyrohhPh) refers to stm32f4xx_hal_spi.o(i.HAL_SPI_Receive) for HAL_SPI_Receive
[...]
    Removing stm32f4xx_hal_pwr.o(.ARM.exidx), (8 bytes).
    Removing stm32f4xx_hal_pwr.o(.ARM.exidx), (8 bytes).
    Removing stm32f4xx_hal_pwr.o(.ARM.exidx), (8 bytes).
    Removing stm32f4xx_hal_pwr.o(.ARM.exidx), (8 bytes).
    Removing stm32f4xx_hal_pwr.o(.ARM.exidx), (8 bytes).
    Removing stm32f4xx_hal_pwr.o(.ARM.exidx), (8 bytes).
    Removing stm32f4xx_hal_pwr.o(.ARM.exidx), (8 bytes).
    Removing stm32f4xx_hal_pwr.o(.ARM.exidx), (8 bytes).
    Removing stm32f4xx_hal_pwr.o(.ARM.exidx), (8 bytes).
    Removing stm32f4xx_hal_pwr.o(.ARM.exidx), (8 bytes).
    Removing stm32f4xx_hal_pwr.o(.ARM.exidx), (8 bytes).
    Removing stm32f4xx_hal_pwr.o(.ARM.exidx), (8 bytes).
    Removing stm32f4xx_hal_pwr_ex.o(.rev16_text), (4 bytes).
    Removing stm32f4xx_hal_pwr_ex.o(.revsh_text), (4 bytes).
    Removing stm32f4xx_hal_pwr_ex.o(.rrx_text), (6 bytes).
    Removing stm32f4xx_hal_pwr_ex.o(i.HAL_PWREx_ControlVoltageScaling), (116 bytes).
    Removing stm32f4xx_hal_pwr_ex.o(i.HAL_PWREx_DisableBkUpReg), (60 bytes).
    Removing stm32f4xx_hal_pwr_ex.o(i.HAL_PWREx_DisableFlashPowerDown), (12 bytes).
    Removing stm32f4xx_hal_pwr_ex.o(i.HAL_PWREx_EnableBkUpReg), (60 bytes).
    Removing stm32f4xx_hal_pwr_ex.o(i.HAL_PWREx_EnableFlashPowerDown), (12 bytes).
    Removing stm32f4xx_hal_pwr_ex.o(i.HAL_PWREx_GetVoltageRange), (16 bytes).
    Removing stm32f4xx_hal_pwr_ex.o(.ARM.exidx), (8 bytes).
    Removing stm32f4xx_hal_pwr_ex.o(.ARM.exidx), (8 bytes).
    Removing stm32f4xx_hal_pwr_ex.o(.ARM.exidx), (8 bytes).
    Removing stm32f4xx_hal_pwr_ex.o(.ARM.exidx), (8 bytes).
    Removing stm32f4xx_hal_pwr_ex.o(.ARM.exidx), (8 bytes).
    Removing stm32f4xx_hal_pwr_ex.o(.ARM.exidx), (8 bytes).
    Removing stm32f4xx_hal_cortex.o(.rev16_text), (4 bytes).
    Removing stm32f4xx_hal_cortex.o(.revsh_text), (4 bytes).
    Removing stm32f4xx_hal_cortex.o(.rrx_text), (6 bytes).
    Removing stm32f4xx_hal_cortex.o(i.HAL_MPU_ConfigRegion), (92 bytes).
    Removing stm32f4xx_hal_cortex.o(i.HAL_MPU_Disable), (44 bytes).
    Removing stm32f4xx_hal_cortex.o(i.HAL_MPU_Enable), (64 bytes).
    Removing stm32f4xx_hal_cortex.o(i.HAL_NVIC_ClearPendingIRQ), (36 bytes).
    Removing stm32f4xx_hal_cortex.o(i.HAL_NVIC_DisableIRQ), (68 bytes).
    Removing stm32f4xx_hal_cortex.o(i.HAL_NVIC_EnableIRQ), (32 bytes).
    Removing stm32f4xx_hal_cortex.o(i.HAL_NVIC_GetActive), (48 bytes).
    Removing stm32f4xx_hal_cortex.o(i.HAL_NVIC_GetPendingIRQ), (48 bytes).
    Removing stm32f4xx_hal_cortex.o(i.HAL_NVIC_GetPriority), (148 bytes).
    Removing stm32f4xx_hal_cortex.o(i.HAL_NVIC_GetPriorityGrouping), (8 bytes).
    Removing stm32f4xx_hal_cortex.o(i.HAL_NVIC_SetPendingIRQ), (36 bytes).
    Removing stm32f4xx_hal_cortex.o(i.HAL_NVIC_SystemReset), (68 bytes).
    Removing stm32f4xx_hal_cortex.o(i.HAL_SYSTICK_CLKSourceConfig), (40 bytes).
    Removing stm32f4xx_hal_cortex.o(i.HAL_SYSTICK_Callback), (2 bytes).
    Removing stm32f4xx_hal_cortex.o(i.HAL_SYSTICK_IRQHandler), (8 bytes).
    Removing stm32f4xx_hal_cortex.o(.ARM.exidx), (8 bytes).
    Removing stm32f4xx_hal_cortex.o(.ARM.exidx), (8 bytes).
    Removing stm32f4xx_hal_cortex.o(.ARM.exidx), (8 bytes).
    Removing stm32f4xx_hal_cortex.o(.ARM.exidx), (8 bytes).
    Removing stm32f4xx_hal_cortex.o(.ARM.exidx), (8 bytes).
    Removing stm32f4xx_hal_cortex.o(.ARM.exidx), (8 bytes).
    Removing stm32f4xx_hal_cortex.o(.ARM.exidx), (8 bytes).
    Removing stm32f4xx_hal_cortex.o(.ARM.exidx), (8 bytes).
    Removing stm32f4xx_hal_cortex.o(.ARM.exidx), (8 bytes).
    Removing stm32f4xx_hal_cortex.o(.ARM.exidx), (8 bytes).
    Removing stm32f4xx_hal_cortex.o(.ARM.exidx), (8 bytes).
    Removing stm32f4xx_hal_cortex.o(.ARM.exidx), (8 bytes).
    Removing stm32f4xx_hal_cortex.o(.ARM.exidx), (8 bytes).
    Removing stm32f4xx_hal_cortex.o(.ARM.exidx), (8 bytes).
    Removing stm32f4xx_hal_cortex.o(.ARM.exidx), (8 bytes).
    Removing stm32f4xx_hal_cortex.o(.ARM.exidx), (8 bytes).
    Removing stm32f4xx_hal_cortex.o(.ARM.exidx), (8 bytes).
    Removing stm32f4xx_hal_cortex.o(.ARM.exidx), (8 bytes).
    Removing stm32f4xx_hal_cortex.o(.ARM.exidx), (8 bytes).
    Removing stm32f4xx_hal_cortex.o(.ARM.exidx), (8 bytes).
    Removing stm32f4xx_hal.o(.rev16_text), (4 bytes).
    Removing stm32f4xx_hal.o(.revsh_text), (4 bytes).
    Removing stm32f4xx_hal.o(.rrx_text), (6 bytes).
    Removing stm32f4xx_hal.o(i.HAL_DBGMCU_DisableDBGSleepMode), (20 bytes).
    Removing stm32f4xx_hal.o(i.HAL_DBGMCU_DisableDBGStandbyMode), (20 bytes).
    Removing stm32f4xx_hal.o(i.HAL_DBGMCU_DisableDBGStopMode), (20 bytes).
    Removing stm32f4xx_hal.o(i.HAL_DBGMCU_EnableDBGSleepMode), (20 bytes).
    Removing stm32f4xx_hal.o(i.HAL_DBGMCU_EnableDBGStandbyMode), (20 bytes).
    Removing stm32f4xx_hal.o(i.HAL_DBGMCU_EnableDBGStopMode), (20 bytes).
    Removing stm32f4xx_hal.o(i.HAL_DeInit), (68 bytes).
    Removing stm32f4xx_hal.o(i.HAL_DisableCompensationCell), (12 bytes).
    Removing stm32f4xx_hal.o(i.HAL_EnableCompensationCell), (12 bytes).
    Removing stm32f4xx_hal.o(i.HAL_GetDEVID), (16 bytes).
    Removing stm32f4xx_hal.o(i.HAL_GetHalVersion), (8 bytes).
    Removing stm32f4xx_hal.o(i.HAL_GetREVID), (12 bytes).
    Removing stm32f4xx_hal.o(i.HAL_GetTickFreq), (12 bytes).
    Removing stm32f4xx_hal.o(i.HAL_GetTickPrio), (12 bytes).
    Removing stm32f4xx_hal.o(i.HAL_GetUIDw0), (12 bytes).
    Removing stm32f4xx_hal.o(i.HAL_GetUIDw1), (12 bytes).
    Removing stm32f4xx_hal.o(i.HAL_GetUIDw2), (12 bytes).
    Removing stm32f4xx_hal.o(i.HAL_MspDeInit), (2 bytes).
    Removing stm32f4xx_hal.o(i.HAL_MspInit), (2 bytes).
    Removing stm32f4xx_hal.o(i.HAL_ResumeTick), (18 bytes).
    Removing stm32f4xx_hal.o(i.HAL_SetTickFreq), (48 bytes).
    Removing stm32f4xx_hal.o(i.HAL_SuspendTick), (18 bytes).
    Removing stm32f4xx_hal.o(.ARM.exidx), (8 bytes).
    Removing stm32f4xx_hal.o(.ARM.exidx), (8 bytes).
    Removing stm32f4xx_hal.o(.ARM.exidx), (8 bytes).
    Removing stm32f4xx_hal.o(.ARM.exidx), (8 bytes).
    Removing stm32f4xx_hal.o(.ARM.exidx), (8 bytes).
    Removing stm32f4xx_hal.o(.ARM.exidx), (8 bytes).
    Removing stm32f4xx_hal.o(.ARM.exidx), (8 bytes).
    Removing stm32f4xx_hal.o(.ARM.exidx), (8 bytes).
    Removing stm32f4xx_hal.o(.ARM.exidx), (8 bytes).
    Removing stm32f4xx_hal.o(.ARM.exidx), (8 bytes).
    Removing stm32f4xx_hal.o(.ARM.exidx), (8 bytes).
    Removing stm32f4xx_hal.o(.ARM.exidx), (8 bytes).
    Removing stm32f4xx_hal.o(.ARM.exidx), (8 bytes).
    Removing stm32f4xx_hal.o(.ARM.exidx), (8 bytes).
    Removing stm32f4xx_hal.o(.ARM.exidx), (8 bytes).
    Removing stm32f4xx_hal.o(.ARM.exidx), (8 bytes).
    Removing stm32f4xx_hal.o(.ARM.exidx), (8 bytes).
    Removing stm32f4xx_hal.o(.ARM.exidx), (8 bytes).
    Removing stm32f4xx_hal.o(.ARM.exidx), (8 bytes).
    Removing stm32f4xx_hal.o(.ARM.exidx), (8 bytes).
    Removing stm32f4xx_hal.o(.ARM.exidx), (8 bytes).
    Removing stm32f4xx_hal.o(.ARM.exidx), (8 bytes).
    Removing stm32f4xx_hal.o(.ARM.exidx), (8 bytes).
    Removing stm32f4xx_hal.o(.ARM.exidx), (8 bytes).
    Removing stm32f4xx_hal.o(.ARM.exidx), (8 bytes).
    Removing stm32f4xx_hal.o(.ARM.exidx), (8 bytes).
    Removing stm32f4xx_hal.o(.ARM.exidx), (8 bytes).
    Removing stm32f4xx_hal_exti.o(.rev16_text), (4 bytes).
    Removing stm32f4xx_hal_exti.o(.revsh_text), (4 bytes).
    Removing stm32f4xx_hal_exti.o(.rrx_text), (6 bytes).
    Removing stm32f4xx_hal_exti.o(i.HAL_EXTI_ClearConfigLine), (120 bytes).
    Removing stm32f4xx_hal_exti.o(i.HAL_EXTI_ClearPending), (28 bytes).
    Removing stm32f4xx_hal_exti.o(i.HAL_EXTI_GenerateSWI), (24 bytes).
    Removing stm32f4xx_hal_exti.o(i.HAL_EXTI_GetConfigLine), (164 bytes).
    Removing stm32f4xx_hal_exti.o(i.HAL_EXTI_GetHandle), (14 bytes).
    Removing stm32f4xx_hal_exti.o(i.HAL_EXTI_GetPending), (36 bytes).
    Removing stm32f4xx_hal_exti.o(i.HAL_EXTI_IRQHandler), (44 bytes).
    Removing stm32f4xx_hal_exti.o(i.HAL_EXTI_SetConfigLine), (240 bytes).
    Removing stm32f4xx_hal_exti.o(i._Z25HAL_EXTI_RegisterCallbackP18EXTI_HandleTypeDef22EXTI_CallbackIDTypeDefPFvvE), (20 bytes).
    Removing stm32f4xx_hal_exti.o(.ARM.exidx), (8 bytes).
    Removing stm32f4xx_hal_exti.o(.ARM.exidx), (8 bytes).
    Removing stm32f4xx_hal_exti.o(.ARM.exidx), (8 bytes).
    Removing stm32f4xx_hal_exti.o(.ARM.exidx), (8 bytes).
    Removing stm32f4xx_hal_exti.o(.ARM.exidx), (8 bytes).
    Removing stm32f4xx_hal_exti.o(.ARM.exidx), (8 bytes).
    Removing stm32f4xx_hal_exti.o(.ARM.exidx), (8 bytes).
    Removing stm32f4xx_hal_exti.o(.ARM.exidx), (8 bytes).
    Removing stm32f4xx_hal_exti.o(.ARM.exidx), (8 bytes).
    Removing stm32f4xx_hal_tim.o(.rev16_text), (4 bytes).
    Removing stm32f4xx_hal_tim.o(.revsh_text), (4 bytes).
    Removing stm32f4xx_hal_tim.o(.rrx_text), (6 bytes).
    Removing stm32f4xx_hal_tim_ex.o(.rev16_text), (4 bytes).
    Removing stm32f4xx_hal_tim_ex.o(.revsh_text), (4 bytes).
    Removing stm32f4xx_hal_tim_ex.o(.rrx_text), (6 bytes).
    Removing system_stm32f4xx.o(.rev16_text), (4 bytes).
    Removing system_stm32f4xx.o(.revsh_text), (4 bytes).
    Removing system_stm32f4xx.o(.rrx_text), (6 bytes).
    Removing system_stm32f4xx.o(i.SystemCoreClockUpdate), (192 bytes).
    Removing system_stm32f4xx.o(.ARM.exidx), (8 bytes).
    Removing system_stm32f4xx.o(.ARM.exidx), (8 bytes).
    Removing zitai-jiesuan.o(.ARM.exidx), (8 bytes).
    Removing zitai-jiesuan.o(.ARM.exidx), (8 bytes).

515 unused section(s) (total 20722 bytes) removed from the image.

==============================================================================

Image Symbol Table

    Local Symbols

    Symbol Name                              Value     Ov Type        Size  Object(Section)

    ../Core/Src/gpio.c                       0x00000000   Number         0  gpio.o ABSOLUTE
    ../Core/Src/main.c                       0x00000000   Number         0  main.o ABSOLUTE
    ../Core/Src/spi.c                        0x00000000   Number         0  spi.o ABSOLUTE
    ../Core/Src/stm32f4xx_hal_msp.c          0x00000000   Number         0  stm32f4xx_hal_msp.o ABSOLUTE
    ../Core/Src/stm32f4xx_it.c               0x00000000   Number         0  stm32f4xx_it.o ABSOLUTE
    ../Core/Src/system_stm32f4xx.c           0x00000000   Number         0  system_stm32f4xx.o ABSOLUTE
    ../Drivers/STM32F4xx_HAL_Driver/Src/stm32f4xx_hal.c 0x00000000   Number         0  stm32f4xx_hal.o ABSOLUTE
    ../Drivers/STM32F4xx_HAL_Driver/Src/stm32f4xx_hal_cortex.c 0x00000000   Number         0  stm32f4xx_hal_cortex.o ABSOLUTE
    ../Drivers/STM32F4xx_HAL_Driver/Src/stm32f4xx_hal_dma.c 0x00000000   Number         0  stm32f4xx_hal_dma.o ABSOLUTE
    ../Drivers/STM32F4xx_HAL_Driver/Src/stm32f4xx_hal_dma_ex.c 0x00000000   Number         0  stm32f4xx_hal_dma_ex.o ABSOLUTE
    ../Drivers/STM32F4xx_HAL_Driver/Src/stm32f4xx_hal_exti.c 0x00000000   Number         0  stm32f4xx_hal_exti.o ABSOLUTE
    ../Drivers/STM32F4xx_HAL_Driver/Src/stm32f4xx_hal_flash.c 0x00000000   Number         0  stm32f4xx_hal_flash.o ABSOLUTE
    ../Drivers/STM32F4xx_HAL_Driver/Src/stm32f4xx_hal_flash_ex.c 0x00000000   Number         0  stm32f4xx_hal_flash_ex.o ABSOLUTE
    ../Drivers/STM32F4xx_HAL_Driver/Src/stm32f4xx_hal_flash_ramfunc.c 0x00000000   Number         0  stm32f4xx_hal_flash_ramfunc.o ABSOLUTE
    ../Drivers/STM32F4xx_HAL_Driver/Src/stm32f4xx_hal_gpio.c 0x00000000   Number         0  stm32f4xx_hal_gpio.o ABSOLUTE
    ../Drivers/STM32F4xx_HAL_Driver/Src/stm32f4xx_hal_pwr.c 0x00000000   Number         0  stm32f4xx_hal_pwr.o ABSOLUTE
    ../Drivers/STM32F4xx_HAL_Driver/Src/stm32f4xx_hal_pwr_ex.c 0x00000000   Number         0  stm32f4xx_hal_pwr_ex.o ABSOLUTE
    ../Drivers/STM32F4xx_HAL_Driver/Src/stm32f4xx_hal_rcc.c 0x00000000   Number         0  stm32f4xx_hal_rcc.o ABSOLUTE
    ../Drivers/STM32F4xx_HAL_Driver/Src/stm32f4xx_hal_rcc_ex.c 0x00000000   Number         0  stm32f4xx_hal_rcc_ex.o ABSOLUTE
    ../Drivers/STM32F4xx_HAL_Driver/Src/stm32f4xx_hal_spi.c 0x00000000   Number         0  stm32f4xx_hal_spi.o ABSOLUTE
    ../Drivers/STM32F4xx_HAL_Driver/Src/stm32f4xx_hal_tim.c 0x00000000   Number         0  stm32f4xx_hal_tim.o ABSOLUTE
    ../Drivers/STM32F4xx_HAL_Driver/Src/stm32f4xx_hal_tim_ex.c 0x00000000   Number         0  stm32f4xx_hal_tim_ex.o ABSOLUTE
    ../clib/angel/boardlib.s                 0x00000000   Number         0  boardinit1.o ABSOLUTE
    ../clib/angel/boardlib.s                 0x00000000   Number         0  boardinit3.o ABSOLUTE
    ../clib/angel/boardlib.s                 0x00000000   Number         0  boardshut.o ABSOLUTE
    ../clib/angel/boardlib.s                 0x00000000   Number         0  boardinit2.o ABSOLUTE
    ../clib/angel/handlers.s                 0x00000000   Number         0  __scatter_zi.o ABSOLUTE
    ../clib/angel/handlers.s                 0x00000000   Number         0  __scatter_copy.o ABSOLUTE
    ../clib/angel/kernel.s                   0x00000000   Number         0  __rtentry2.o ABSOLUTE
    ../clib/angel/kernel.s                   0x00000000   Number         0  rtexit.o ABSOLUTE
    ../clib/angel/kernel.s                   0x00000000   Number         0  __rtentry4.o ABSOLUTE
    ../clib/angel/kernel.s                   0x00000000   Number         0  __rtentry.o ABSOLUTE
    ../clib/angel/kernel.s                   0x00000000   Number         0  rtexit2.o ABSOLUTE
    ../clib/angel/rt.s                       0x00000000   Number         0  rt_div0.o ABSOLUTE
    ../clib/angel/rt.s                       0x00000000   Number         0  rt_raise.o ABSOLUTE
    ../clib/angel/rt.s                       0x00000000   Number         0  aeabi_ldiv0.o ABSOLUTE
    ../clib/angel/rt.s                       0x00000000   Number         0  aeabi_ldiv0_sigfpe.o ABSOLUTE
    ../clib/angel/rt.s                       0x00000000   Number         0  rt_errno_addr_intlibspace.o ABSOLUTE
    ../clib/angel/rt.s                       0x00000000   Number         0  rt_errno_addr.o ABSOLUTE
    ../clib/angel/scatter.s                  0x00000000   Number         0  __scatter.o ABSOLUTE
    ../clib/angel/startup.s                  0x00000000   Number         0  __main.o ABSOLUTE
    ../clib/angel/sys.s                      0x00000000   Number         0  use_no_semi.o ABSOLUTE
    ../clib/angel/sys.s                      0x00000000   Number         0  libspace.o ABSOLUTE
    ../clib/angel/sys.s                      0x00000000   Number         0  sys_stackheap_outer.o ABSOLUTE
    ../clib/angel/sys.s                      0x00000000   Number         0  indicate_semi.o ABSOLUTE
    ../clib/angel/sysapp.c                   0x00000000   Number         0  sys_exit.o ABSOLUTE
    ../clib/angel/sysapp.c                   0x00000000   Number         0  sys_command.o ABSOLUTE
    ../clib/angel/sysapp.c                   0x00000000   Number         0  sys_wrch.o ABSOLUTE
    ../clib/armsys.c                         0x00000000   Number         0  no_argv.o ABSOLUTE
    ../clib/armsys.c                         0x00000000   Number         0  _get_argv_nomalloc.o ABSOLUTE
    ../clib/armsys.c                         0x00000000   Number         0  argv_veneer.o ABSOLUTE
    ../clib/armsys.c                         0x00000000   Number         0  argv_veneer.o ABSOLUTE
    ../clib/fenv.c                           0x00000000   Number         0  _rserrno.o ABSOLUTE
    ../clib/heapalloc.c                      0x00000000   Number         0  hrguard.o ABSOLUTE
    ../clib/heapaux.c                        0x00000000   Number         0  heapauxi.o ABSOLUTE
    ../clib/libinit.s                        0x00000000   Number         0  libshutdown2.o ABSOLUTE
    ../clib/libinit.s                        0x00000000   Number         0  libinit2.o ABSOLUTE
    ../clib/libinit.s                        0x00000000   Number         0  libinit.o ABSOLUTE
    ../clib/libinit.s                        0x00000000   Number         0  libshutdown.o ABSOLUTE
    ../clib/longlong.s                       0x00000000   Number         0  lludivv7m.o ABSOLUTE
    ../clib/memcpset.s                       0x00000000   Number         0  rt_memclr_w.o ABSOLUTE
    ../clib/signal.c                         0x00000000   Number         0  defsig_exit.o ABSOLUTE
    ../clib/signal.c                         0x00000000   Number         0  __raise.o ABSOLUTE
    ../clib/signal.c                         0x00000000   Number         0  defsig_fpe_inner.o ABSOLUTE
    ../clib/signal.c                         0x00000000   Number         0  defsig_other.o ABSOLUTE
    ../clib/signal.c                         0x00000000   Number         0  defsig_segv_inner.o ABSOLUTE
    ../clib/signal.c                         0x00000000   Number         0  defsig_cppl_inner.o ABSOLUTE
    ../clib/signal.c                         0x00000000   Number         0  defsig_pvfn_inner.o ABSOLUTE
    ../clib/signal.c                         0x00000000   Number         0  defsig_stak_inner.o ABSOLUTE
    ../clib/signal.c                         0x00000000   Number         0  defsig_rtmem_formal.o ABSOLUTE
    ../clib/signal.c                         0x00000000   Number         0  defsig_rtmem_outer.o ABSOLUTE
    ../clib/signal.c                         0x00000000   Number         0  defsig_rtmem_inner.o ABSOLUTE
    ../clib/signal.c                         0x00000000   Number         0  defsig_abrt_inner.o ABSOLUTE
    ../clib/signal.c                         0x00000000   Number         0  defsig_rtred_inner.o ABSOLUTE
    ../clib/signal.c                         0x00000000   Number         0  defsig_general.o ABSOLUTE
    ../clib/signal.c                         0x00000000   Number         0  defsig_fpe_outer.o ABSOLUTE
    ../clib/signal.c                         0x00000000   Number         0  defsig_fpe_formal.o ABSOLUTE
    ../clib/signal.s                         0x00000000   Number         0  defsig.o ABSOLUTE
    ../clib/stdlib.c                         0x00000000   Number         0  exit.o ABSOLUTE
    ../fplib/d2f.s                           0x00000000   Number         0  d2f.o ABSOLUTE
    ../fplib/daddsub.s                       0x00000000   Number         0  daddsub_clz.o ABSOLUTE
    ../fplib/ddiv.s                          0x00000000   Number         0  ddiv.o ABSOLUTE
    ../fplib/dmul.s                          0x00000000   Number         0  dmul.o ABSOLUTE
    ../fplib/dnaninf.s                       0x00000000   Number         0  dnaninf.o ABSOLUTE
    ../fplib/dretinf.s                       0x00000000   Number         0  dretinf.o ABSOLUTE
    ../fplib/f2d.s                           0x00000000   Number         0  f2d.o ABSOLUTE
    ../fplib/fnaninf.s                       0x00000000   Number         0  fnaninf.o ABSOLUTE
    ../fplib/fpinit.s                        0x00000000   Number         0  fpinit.o ABSOLUTE
    ../fplib/fretinf.s                       0x00000000   Number         0  fretinf.o ABSOLUTE
    ../fplib/usenofp.s                       0x00000000   Number         0  usenofp.o ABSOLUTE
    ../mathlib/asinf.c                       0x00000000   Number         0  asinf_x.o ABSOLUTE
    ../mathlib/asinf.c                       0x00000000   Number         0  asinf.o ABSOLUTE
    ../mathlib/atan2f.c                      0x00000000   Number         0  atan2f_x.o ABSOLUTE
    ../mathlib/atan2f.c                      0x00000000   Number         0  atan2f.o ABSOLUTE
    ../mathlib/fpclassifyf.c                 0x00000000   Number         0  fpclassifyf.o ABSOLUTE
    ../mathlib/funder.c                      0x00000000   Number         0  funder.o ABSOLUTE
    ../mathlib/sqrtf.c                       0x00000000   Number         0  sqrtf_x.o ABSOLUTE
    ../mathlib/sqrtf.c                       0x00000000   Number         0  sqrtf.o ABSOLUTE
    ..\Core\Src\ZiTai-jiesuan.c              0x00000000   Number         0  zitai-jiesuan.o ABSOLUTE
    ..\Core\Src\bmi088.c                     0x00000000   Number         0  bmi088.o ABSOLUTE
    ..\Core\Src\gpio.c                       0x00000000   Number         0  gpio.o ABSOLUTE
    ..\Core\Src\main.c                       0x00000000   Number         0  main.o ABSOLUTE
    ..\Core\Src\spi.c                        0x00000000   Number         0  spi.o ABSOLUTE
    ..\Core\Src\stm32f4xx_hal_msp.c          0x00000000   Number         0  stm32f4xx_hal_msp.o ABSOLUTE
    ..\Core\Src\stm32f4xx_it.c               0x00000000   Number         0  stm32f4xx_it.o ABSOLUTE
    ..\Core\Src\system_stm32f4xx.c           0x00000000   Number         0  system_stm32f4xx.o ABSOLUTE
    ..\Drivers\STM32F4xx_HAL_Driver\Src\stm32f4xx_hal.c 0x00000000   Number         0  stm32f4xx_hal.o ABSOLUTE
    ..\Drivers\STM32F4xx_HAL_Driver\Src\stm32f4xx_hal_cortex.c 0x00000000   Number         0  stm32f4xx_hal_cortex.o ABSOLUTE
    ..\Drivers\STM32F4xx_HAL_Driver\Src\stm32f4xx_hal_dma.c 0x00000000   Number         0  stm32f4xx_hal_dma.o ABSOLUTE
    ..\Drivers\STM32F4xx_HAL_Driver\Src\stm32f4xx_hal_dma_ex.c 0x00000000   Number         0  stm32f4xx_hal_dma_ex.o ABSOLUTE
    ..\Drivers\STM32F4xx_HAL_Driver\Src\stm32f4xx_hal_exti.c 0x00000000   Number         0  stm32f4xx_hal_exti.o ABSOLUTE
    ..\Drivers\STM32F4xx_HAL_Driver\Src\stm32f4xx_hal_flash.c 0x00000000   Number         0  stm32f4xx_hal_flash.o ABSOLUTE
    ..\Drivers\STM32F4xx_HAL_Driver\Src\stm32f4xx_hal_flash_ex.c 0x00000000   Number         0  stm32f4xx_hal_flash_ex.o ABSOLUTE
    ..\Drivers\STM32F4xx_HAL_Driver\Src\stm32f4xx_hal_flash_ramfunc.c 0x00000000   Number         0  stm32f4xx_hal_flash_ramfunc.o ABSOLUTE
    ..\Drivers\STM32F4xx_HAL_Driver\Src\stm32f4xx_hal_gpio.c 0x00000000   Number         0  stm32f4xx_hal_gpio.o ABSOLUTE
    ..\Drivers\STM32F4xx_HAL_Driver\Src\stm32f4xx_hal_pwr.c 0x00000000   Number         0  stm32f4xx_hal_pwr.o ABSOLUTE
    ..\Drivers\STM32F4xx_HAL_Driver\Src\stm32f4xx_hal_pwr_ex.c 0x00000000   Number         0  stm32f4xx_hal_pwr_ex.o ABSOLUTE
    ..\Drivers\STM32F4xx_HAL_Driver\Src\stm32f4xx_hal_rcc.c 0x00000000   Number         0  stm32f4xx_hal_rcc.o ABSOLUTE
    ..\Drivers\STM32F4xx_HAL_Driver\Src\stm32f4xx_hal_rcc_ex.c 0x00000000   Number         0  stm32f4xx_hal_rcc_ex.o ABSOLUTE
    ..\Drivers\STM32F4xx_HAL_Driver\Src\stm32f4xx_hal_spi.c 0x00000000   Number         0  stm32f4xx_hal_spi.o ABSOLUTE
    ..\Drivers\STM32F4xx_HAL_Driver\Src\stm32f4xx_hal_tim.c 0x00000000   Number         0  stm32f4xx_hal_tim.o ABSOLUTE
    ..\Drivers\STM32F4xx_HAL_Driver\Src\stm32f4xx_hal_tim_ex.c 0x00000000   Number         0  stm32f4xx_hal_tim_ex.o ABSOLUTE
    ..\\Core\\Src\\ZiTai-jiesuan.c           0x00000000   Number         0  zitai-jiesuan.o ABSOLUTE
    ..\\Core\\Src\\bmi088.c                  0x00000000   Number         0  bmi088.o ABSOLUTE
    dc.s                                     0x00000000   Number         0  dc.o ABSOLUTE
    startup_stm32f407xx.s                    0x00000000   Number         0  startup_stm32f407xx.o ABSOLUTE
    RESET                                    0x08000000   Section      392  startup_stm32f407xx.o(RESET)
    !!!main                                  0x08000188   Section        8  __main.o(!!!main)
    !!!scatter                               0x08000190   Section       52  __scatter.o(!!!scatter)
    !!handler_copy                           0x080001c4   Section       26  __scatter_copy.o(!!handler_copy)
    !!handler_zi                             0x080001e0   Section       28  __scatter_zi.o(!!handler_zi)
    .ARM.Collect$$libinit$$00000000          0x080001fc   Section        2  libinit.o(.ARM.Collect$$libinit$$00000000)
    .ARM.Collect$$libinit$$00000001          0x080001fe   Section        4  libinit2.o(.ARM.Collect$$libinit$$00000001)
    .ARM.Collect$$libinit$$00000004          0x08000202   Section        0  libinit2.o(.ARM.Collect$$libinit$$00000004)
    .ARM.Collect$$libinit$$0000000A          0x08000202   Section        0  libinit2.o(.ARM.Collect$$libinit$$0000000A)
    .ARM.Collect$$libinit$$0000000C          0x08000202   Section        0  libinit2.o(.ARM.Collect$$libinit$$0000000C)
    .ARM.Collect$$libinit$$0000000E          0x08000202   Section        0  libinit2.o(.ARM.Collect$$libinit$$0000000E)
    .ARM.Collect$$libinit$$00000011          0x08000202   Section        0  libinit2.o(.ARM.Collect$$libinit$$00000011)
    .ARM.Collect$$libinit$$00000013          0x08000202   Section        0  libinit2.o(.ARM.Collect$$libinit$$00000013)
    .ARM.Collect$$libinit$$00000015          0x08000202   Section        0  libinit2.o(.ARM.Collect$$libinit$$00000015)
    .ARM.Collect$$libinit$$00000017          0x08000202   Section        0  libinit2.o(.ARM.Collect$$libinit$$00000017)
    .ARM.Collect$$libinit$$00000019          0x08000202   Section        0  libinit2.o(.ARM.Collect$$libinit$$00000019)
    .ARM.Collect$$libinit$$0000001B          0x08000202   Section        0  libinit2.o(.ARM.Collect$$libinit$$0000001B)
    .ARM.Collect$$libinit$$0000001D          0x08000202   Section        0  libinit2.o(.ARM.Collect$$libinit$$0000001D)
    .ARM.Collect$$libinit$$0000001F          0x08000202   Section        0  libinit2.o(.ARM.Collect$$libinit$$0000001F)
    .ARM.Collect$$libinit$$00000021          0x08000202   Section        0  libinit2.o(.ARM.Collect$$libinit$$00000021)
    .ARM.Collect$$libinit$$00000023          0x08000202   Section        0  libinit2.o(.ARM.Collect$$libinit$$00000023)
    .ARM.Collect$$libinit$$00000025          0x08000202   Section        0  libinit2.o(.ARM.Collect$$libinit$$00000025)
    .ARM.Collect$$libinit$$0000002C          0x08000202   Section        0  libinit2.o(.ARM.Collect$$libinit$$0000002C)
    .ARM.Collect$$libinit$$0000002E          0x08000202   Section        0  libinit2.o(.ARM.Collect$$libinit$$0000002E)
    .ARM.Collect$$libinit$$00000030          0x08000202   Section        0  libinit2.o(.ARM.Collect$$libinit$$00000030)
    .ARM.Collect$$libinit$$00000032          0x08000202   Section        0  libinit2.o(.ARM.Collect$$libinit$$00000032)
    .ARM.Collect$$libinit$$00000033          0x08000202   Section        2  libinit2.o(.ARM.Collect$$libinit$$00000033)
    .ARM.Collect$$libshutdown$$00000000      0x08000204   Section        2  libshutdown.o(.ARM.Collect$$libshutdown$$00000000)
    .ARM.Collect$$libshutdown$$00000002      0x08000206   Section        0  libshutdown2.o(.ARM.Collect$$libshutdown$$00000002)
    .ARM.Collect$$libshutdown$$00000004      0x08000206   Section        0  libshutdown2.o(.ARM.Collect$$libshutdown$$00000004)
    .ARM.Collect$$libshutdown$$00000007      0x08000206   Section        0  libshutdown2.o(.ARM.Collect$$libshutdown$$00000007)
    .ARM.Collect$$libshutdown$$0000000A      0x08000206   Section        0  libshutdown2.o(.ARM.Collect$$libshutdown$$0000000A)
    .ARM.Collect$$libshutdown$$0000000C      0x08000206   Section        0  libshutdown2.o(.ARM.Collect$$libshutdown$$0000000C)
    .ARM.Collect$$libshutdown$$0000000F      0x08000206   Section        0  libshutdown2.o(.ARM.Collect$$libshutdown$$0000000F)
    .ARM.Collect$$libshutdown$$00000010      0x08000206   Section        2  libshutdown2.o(.ARM.Collect$$libshutdown$$00000010)
    .ARM.Collect$$rtentry$$00000000          0x08000208   Section        0  __rtentry.o(.ARM.Collect$$rtentry$$00000000)
    .ARM.Collect$$rtentry$$00000002          0x08000208   Section        0  __rtentry2.o(.ARM.Collect$$rtentry$$00000002)
    .ARM.Collect$$rtentry$$00000004          0x08000208   Section        6  __rtentry4.o(.ARM.Collect$$rtentry$$00000004)
    .ARM.Collect$$rtentry$$00000009          0x0800020e   Section        0  __rtentry2.o(.ARM.Collect$$rtentry$$00000009)
    .ARM.Collect$$rtentry$$0000000A          0x0800020e   Section        4  __rtentry2.o(.ARM.Collect$$rtentry$$0000000A)
    .ARM.Collect$$rtentry$$0000000C          0x08000212   Section        0  __rtentry2.o(.ARM.Collect$$rtentry$$0000000C)
    .ARM.Collect$$rtentry$$0000000D          0x08000212   Section        8  __rtentry2.o(.ARM.Collect$$rtentry$$0000000D)
    .ARM.Collect$$rtexit$$00000000           0x0800021a   Section        2  rtexit.o(.ARM.Collect$$rtexit$$00000000)
    .ARM.Collect$$rtexit$$00000002           0x0800021c   Section        0  rtexit2.o(.ARM.Collect$$rtexit$$00000002)
    .ARM.Collect$$rtexit$$00000003           0x0800021c   Section        4  rtexit2.o(.ARM.Collect$$rtexit$$00000003)
    .ARM.Collect$$rtexit$$00000004           0x08000220   Section        6  rtexit2.o(.ARM.Collect$$rtexit$$00000004)
    .text                                    0x08000228   Section       64  startup_stm32f407xx.o(.text)
    $v0                                      0x08000228   Number         0  startup_stm32f407xx.o(.text)
    .text                                    0x08000268   Section      238  lludivv7m.o(.text)
    .text                                    0x08000356   Section       78  rt_memclr_w.o(.text)
    .text                                    0x080003a4   Section        0  heapauxi.o(.text)
    .text                                    0x080003aa   Section        0  _rserrno.o(.text)
    .text                                    0x080003c0   Section        8  rt_errno_addr_intlibspace.o(.text)
    .text                                    0x080003c8   Section        8  libspace.o(.text)
    .text                                    0x080003d0   Section       74  sys_stackheap_outer.o(.text)
    .text                                    0x0800041a   Section        0  exit.o(.text)
    .text                                    0x0800042c   Section        0  sys_exit.o(.text)
    .text                                    0x08000438   Section        2  use_no_semi.o(.text)
    .text                                    0x0800043a   Section        0  indicate_semi.o(.text)
    i.BusFault_Handler                       0x0800043a   Section        0  stm32f4xx_it.o(i.BusFault_Handler)
    i.DebugMon_Handler                       0x0800043e   Section        0  stm32f4xx_it.o(i.DebugMon_Handler)
    i.Error_Handler                          0x08000440   Section        0  main.o(i.Error_Handler)
    i.HAL_Delay                              0x08000448   Section        0  stm32f4xx_hal.o(i.HAL_Delay)
    i.HAL_GPIO_Init                          0x08000470   Section        0  stm32f4xx_hal_gpio.o(i.HAL_GPIO_Init)
    i.HAL_GPIO_WritePin                      0x08000660   Section        0  stm32f4xx_hal_gpio.o(i.HAL_GPIO_WritePin)
    i.HAL_GetTick                            0x0800066c   Section        0  stm32f4xx_hal.o(i.HAL_GetTick)
    i.HAL_IncTick                            0x08000678   Section        0  stm32f4xx_hal.o(i.HAL_IncTick)
    i.HAL_Init                               0x08000690   Section        0  stm32f4xx_hal.o(i.HAL_Init)
    i.HAL_InitTick                           0x080006cc   Section        0  stm32f4xx_hal.o(i.HAL_InitTick)
    i.HAL_MspInit                            0x08000718   Section        0  stm32f4xx_hal_msp.o(i.HAL_MspInit)
    i.HAL_NVIC_SetPriority                   0x0800075c   Section        0  stm32f4xx_hal_cortex.o(i.HAL_NVIC_SetPriority)
    i.HAL_NVIC_SetPriorityGrouping           0x080007d8   Section        0  stm32f4xx_hal_cortex.o(i.HAL_NVIC_SetPriorityGrouping)
    i.HAL_RCC_ClockConfig                    0x08000800   Section        0  stm32f4xx_hal_rcc.o(i.HAL_RCC_ClockConfig)
    i.HAL_RCC_GetSysClockFreq                0x08000984   Section        0  stm32f4xx_hal_rcc.o(i.HAL_RCC_GetSysClockFreq)
    i.HAL_RCC_OscConfig                      0x08000a34   Section        0  stm32f4xx_hal_rcc.o(i.HAL_RCC_OscConfig)
    i.HAL_SPI_GetState                       0x08000ed0   Section        0  stm32f4xx_hal_spi.o(i.HAL_SPI_GetState)
    i.HAL_SPI_Init                           0x08000ed8   Section        0  stm32f4xx_hal_spi.o(i.HAL_SPI_Init)
    i.HAL_SPI_MspInit                        0x08000fa0   Section        0  spi.o(i.HAL_SPI_MspInit)
    i.HAL_SPI_Receive                        0x08001060   Section        0  stm32f4xx_hal_spi.o(i.HAL_SPI_Receive)
    i.HAL_SPI_Transmit                       0x080011d0   Section        0  stm32f4xx_hal_spi.o(i.HAL_SPI_Transmit)
    i.HAL_SPI_TransmitReceive                0x0800137c   Section        0  stm32f4xx_hal_spi.o(i.HAL_SPI_TransmitReceive)
    i.HAL_SYSTICK_Config                     0x080015a4   Section        0  stm32f4xx_hal_cortex.o(i.HAL_SYSTICK_Config)
    i.HardFault_Handler                      0x080015d8   Section        0  stm32f4xx_it.o(i.HardFault_Handler)
    i.MX_GPIO_Init                           0x080015dc   Section        0  gpio.o(i.MX_GPIO_Init)
    i.MX_SPI1_Init                           0x080016a8   Section        0  spi.o(i.MX_SPI1_Init)
    i.MemManage_Handler                      0x080016ec   Section        0  stm32f4xx_it.o(i.MemManage_Handler)
    i.NMI_Handler                            0x080016f0   Section        0  stm32f4xx_it.o(i.NMI_Handler)
    i.PendSV_Handler                         0x080016f4   Section        0  stm32f4xx_it.o(i.PendSV_Handler)
    i.SVC_Handler                            0x080016f6   Section        0  stm32f4xx_it.o(i.SVC_Handler)
    i.SysTick_Handler                        0x080016f8   Section        0  stm32f4xx_it.o(i.SysTick_Handler)
    i.SystemInit                             0x08001700   Section        0  system_stm32f4xx.o(i.SystemInit)
    i.UsageFault_Handler                     0x08001714   Section        0  stm32f4xx_it.o(i.UsageFault_Handler)
    i._Z11ReadAccDataP14acc_raw_data_t       0x08001718   Section        0  bmi088.o(i._Z11ReadAccDataP14acc_raw_data_t)
    i._Z12ReadGyroDataP15gyro_raw_data_t     0x080017b8   Section        0  bmi088.o(i._Z12ReadGyroDataP15gyro_raw_data_t)
    i._Z12Read_SensorsP14acc_raw_data_tP15gyro_raw_data_t 0x080018b8   Section        0  zitai-jiesuan.o(i._Z12Read_SensorsP14acc_raw_data_tP15gyro_raw_data_t)
    i._Z14WriteDataToAcchh                   0x080018d4   Section        0  bmi088.o(i._Z14WriteDataToAcchh)
    i._Z15WriteDataToGyrohh                  0x0800193c   Section        0  bmi088.o(i._Z15WriteDataToGyrohh)
    i._Z16BMI088_CONF_INITv                  0x080019a4   Section        0  bmi088.o(i._Z16BMI088_CONF_INITv)
    i._Z16Calculate_AnglesPfS_S_             0x080019fc   Section        0  zitai-jiesuan.o(i._Z16Calculate_AnglesPfS_S_)
    i._Z17Update_QuaternionP14acc_raw_data_tP15gyro_raw_data_t 0x08001ba4   Section        0  zitai-jiesuan.o(i._Z17Update_QuaternionP14acc_raw_data_tP15gyro_raw_data_t)
    i._Z18SystemClock_Configv                0x08001fe0   Section        0  main.o(i._Z18SystemClock_Configv)
    i._Z18__NVIC_SetPriority9IRQn_Typej      0x08002090   Section        0  stm32f4xx_hal_cortex.o(i._Z18__NVIC_SetPriority9IRQn_Typej)
    __NVIC_SetPriority(IRQn_Type, unsigned)  0x08002091   Thumb Code    32  stm32f4xx_hal_cortex.o(i._Z18__NVIC_SetPriority9IRQn_Typej)
    i._Z20ReadMultiDataFromAcchhPh           0x080020b8   Section        0  bmi088.o(i._Z20ReadMultiDataFromAcchhPh)
    i._Z20SPI_EndRxTransactionP19__SPI_HandleTypeDefjj 0x08002148   Section        0  stm32f4xx_hal_spi.o(i._Z20SPI_EndRxTransactionP19__SPI_HandleTypeDefjj)
    SPI_EndRxTransaction(__SPI_HandleTypeDef*, unsigned, unsigned) 0x08002149   Thumb Code   148  stm32f4xx_hal_spi.o(i._Z20SPI_EndRxTransactionP19__SPI_HandleTypeDefjj)
    i._Z21ReadMultiDataFromGyrohhPh          0x080021dc   Section        0  bmi088.o(i._Z21ReadMultiDataFromGyrohhPh)
    i._Z21ReadSingleDataFromAcchPh           0x08002250   Section        0  bmi088.o(i._Z21ReadSingleDataFromAcchPh)
    i._Z22ReadSingleDataFromGyrohPh          0x080022c8   Section        0  bmi088.o(i._Z22ReadSingleDataFromGyrohPh)
    i._Z22SPI_EndRxTxTransactionP19__SPI_HandleTypeDefjj 0x08002328   Section        0  stm32f4xx_hal_spi.o(i._Z22SPI_EndRxTxTransactionP19__SPI_HandleTypeDefjj)
    SPI_EndRxTxTransaction(__SPI_HandleTypeDef*, unsigned, unsigned) 0x08002329   Thumb Code   100  stm32f4xx_hal_spi.o(i._Z22SPI_EndRxTxTransactionP19__SPI_HandleTypeDefjj)
    i._Z26__NVIC_GetPriorityGroupingv        0x08002394   Section        0  stm32f4xx_hal_cortex.o(i._Z26__NVIC_GetPriorityGroupingv)
    __NVIC_GetPriorityGrouping()             0x08002395   Thumb Code    10  stm32f4xx_hal_cortex.o(i._Z26__NVIC_GetPriorityGroupingv)
    i._Z29SPI_WaitFlagStateUntilTimeoutP19__SPI_HandleTypeDefj10FlagStatusjj 0x080023a4   Section        0  stm32f4xx_hal_spi.o(i._Z29SPI_WaitFlagStateUntilTimeoutP19__SPI_HandleTypeDefj10FlagStatusjj)
    SPI_WaitFlagStateUntilTimeout(__SPI_HandleTypeDef*, unsigned, FlagStatus, unsigned, unsigned) 0x080023a5   Thumb Code   210  stm32f4xx_hal_spi.o(i._Z29SPI_WaitFlagStateUntilTimeoutP19__SPI_HandleTypeDefj10FlagStatusjj)
    i._ZSt4sqrtf                             0x0800247c   Section        0  zitai-jiesuan.o(i._ZSt4sqrtf)
    i._ZSt5atan2ff                           0x08002494   Section        0  zitai-jiesuan.o(i._ZSt5atan2ff)
    i.__ARM_fpclassifyf                      0x080024b4   Section        0  fpclassifyf.o(i.__ARM_fpclassifyf)
    i.__hardfp_asinf                         0x080024dc   Section        0  asinf.o(i.__hardfp_asinf)
    i.__hardfp_atan2f                        0x08002608   Section        0  atan2f.o(i.__hardfp_atan2f)
    i.__hardfp_sqrtf                         0x08002858   Section        0  sqrtf.o(i.__hardfp_sqrtf)
    i.__mathlib_flt_infnan                   0x08002892   Section        0  funder.o(i.__mathlib_flt_infnan)
    i.__mathlib_flt_infnan2                  0x08002898   Section        0  funder.o(i.__mathlib_flt_infnan2)
    i.__mathlib_flt_invalid                  0x080028a0   Section        0  funder.o(i.__mathlib_flt_invalid)
    i.__mathlib_flt_underflow                0x080028b0   Section        0  funder.o(i.__mathlib_flt_underflow)
    i.main                                   0x080028c0   Section        0  main.o(i.main)
    i.sqrtf                                  0x080028ec   Section        0  sqrtf.o(i.sqrtf)
    x$fpl$d2f                                0x0800292c   Section       98  d2f.o(x$fpl$d2f)
    $v0                                      0x0800292c   Number         0  d2f.o(x$fpl$d2f)
    x$fpl$dadd                               0x08002990   Section      336  daddsub_clz.o(x$fpl$dadd)
    $v0                                      0x08002990   Number         0  daddsub_clz.o(x$fpl$dadd)
    _dadd1                                   0x080029a1   Thumb Code     0  daddsub_clz.o(x$fpl$dadd)
    x$fpl$ddiv                               0x08002ae0   Section      688  ddiv.o(x$fpl$ddiv)
    $v0                                      0x08002ae0   Number         0  ddiv.o(x$fpl$ddiv)
    ddiv_entry                               0x08002ae7   Thumb Code     0  ddiv.o(x$fpl$ddiv)
    x$fpl$dmul                               0x08002d90   Section      340  dmul.o(x$fpl$dmul)
    $v0                                      0x08002d90   Number         0  dmul.o(x$fpl$dmul)
    x$fpl$dnaninf                            0x08002ee4   Section      156  dnaninf.o(x$fpl$dnaninf)
    $v0                                      0x08002ee4   Number         0  dnaninf.o(x$fpl$dnaninf)
    x$fpl$dretinf                            0x08002f80   Section       12  dretinf.o(x$fpl$dretinf)
    $v0                                      0x08002f80   Number         0  dretinf.o(x$fpl$dretinf)
    x$fpl$dsub                               0x08002f8c   Section      468  daddsub_clz.o(x$fpl$dsub)
    $v0                                      0x08002f8c   Number         0  daddsub_clz.o(x$fpl$dsub)
    _dsub1                                   0x08002f9d   Thumb Code     0  daddsub_clz.o(x$fpl$dsub)
    x$fpl$f2d                                0x08003160   Section       86  f2d.o(x$fpl$f2d)
    $v0                                      0x08003160   Number         0  f2d.o(x$fpl$f2d)
    x$fpl$fnaninf                            0x080031b6   Section      140  fnaninf.o(x$fpl$fnaninf)
    $v0                                      0x080031b6   Number         0  fnaninf.o(x$fpl$fnaninf)
    x$fpl$fpinit                             0x08003242   Section       10  fpinit.o(x$fpl$fpinit)
    $v0                                      0x08003242   Number         0  fpinit.o(x$fpl$fpinit)
    x$fpl$fretinf                            0x0800324c   Section       10  fretinf.o(x$fpl$fretinf)
    $v0                                      0x0800324c   Number         0  fretinf.o(x$fpl$fretinf)
    .constdata                               0x08003256   Section       24  system_stm32f4xx.o(.constdata)
    x$fpl$usenofp                            0x08003256   Section        0  usenofp.o(x$fpl$usenofp)
    .data                                    0x20000000   Section       16  zitai-jiesuan.o(.data)
    .data                                    0x20000010   Section        9  stm32f4xx_hal.o(.data)
    .data                                    0x2000001c   Section        4  system_stm32f4xx.o(.data)
    .bss                                     0x20000020   Section       88  spi.o(.bss)
    .bss                                     0x20000078   Section       12  zitai-jiesuan.o(.bss)
    .bss                                     0x20000084   Section       96  libspace.o(.bss)
    HEAP                                     0x200000e8   Section      512  startup_stm32f407xx.o(HEAP)
    Heap_Mem                                 0x200000e8   Data         512  startup_stm32f407xx.o(HEAP)
    STACK                                    0x200002e8   Section     1024  startup_stm32f407xx.o(STACK)
    Stack_Mem                                0x200002e8   Data        1024  startup_stm32f407xx.o(STACK)
    __initial_sp                             0x200006e8   Data           0  startup_stm32f407xx.o(STACK)

    Global Symbols

    Symbol Name                              Value     Ov Type        Size  Object(Section)

    BuildAttributes$$THM_ISAv4$E$P$D$K$B$S$7EM$VFPi3$EXTD16$VFPS$VFMA$PE$A:L22UL41UL21$X:L11$S22US41US21$IEEE1$IW$USESV6$~STKCKD$USESV7$~SHL$OTIME$ROPI$IEEEX$EBA8$UX$STANDARDLIB$REQ8$PRES8$EABIv2 0x00000000   Number         0  anon$$obj.o ABSOLUTE
    __ARM_use_no_argv                        0x00000000   Number         0  main.o ABSOLUTE
    __ARM_exceptions_init                     - Undefined Weak Reference
    __alloca_initialize                       - Undefined Weak Reference
    __arm_preinit_                            - Undefined Weak Reference
    __cpp_initialize__aeabi_                  - Undefined Weak Reference
    __cxa_finalize                            - Undefined Weak Reference
    __rt_locale                               - Undefined Weak Reference
    __sigvec_lookup                           - Undefined Weak Reference
    _atexit_init                              - Undefined Weak Reference
    _call_atexit_fns                          - Undefined Weak Reference
    _clock_init                               - Undefined Weak Reference
    _fp_trap_init                             - Undefined Weak Reference
    _fp_trap_shutdown                         - Undefined Weak Reference
    _get_lc_collate                           - Undefined Weak Reference
    _get_lc_ctype                             - Undefined Weak Reference
    _get_lc_monetary                          - Undefined Weak Reference
    _get_lc_numeric                           - Undefined Weak Reference
    _get_lc_time                              - Undefined Weak Reference
    _getenv_init                              - Undefined Weak Reference
    _handle_redirection                       - Undefined Weak Reference
    _init_alloc                               - Undefined Weak Reference
    _init_user_alloc                          - Undefined Weak Reference
    _initio                                   - Undefined Weak Reference
    _rand_init                                - Undefined Weak Reference
    _signal_finish                            - Undefined Weak Reference
    _signal_init                              - Undefined Weak Reference
    _terminate_alloc                          - Undefined Weak Reference
    _terminate_user_alloc                     - Undefined Weak Reference
    _terminateio                              - Undefined Weak Reference
    __Vectors_Size                           0x00000188   Number         0  startup_stm32f407xx.o ABSOLUTE
    __Vectors                                0x08000000   Data           4  startup_stm32f407xx.o(RESET)
    __Vectors_End                            0x08000188   Data           0  startup_stm32f407xx.o(RESET)
    __main                                   0x08000189   Thumb Code     8  __main.o(!!!main)
    __scatterload                            0x08000191   Thumb Code     0  __scatter.o(!!!scatter)
    __scatterload_rt2                        0x08000191   Thumb Code    44  __scatter.o(!!!scatter)
    __scatterload_rt2_thumb_only             0x08000191   Thumb Code     0  __scatter.o(!!!scatter)
    __scatterload_null                       0x0800019f   Thumb Code     0  __scatter.o(!!!scatter)
    __scatterload_copy                       0x080001c5   Thumb Code    26  __scatter_copy.o(!!handler_copy)
    __scatterload_zeroinit                   0x080001e1   Thumb Code    28  __scatter_zi.o(!!handler_zi)
    __rt_lib_init                            0x080001fd   Thumb Code     0  libinit.o(.ARM.Collect$$libinit$$00000000)
    __rt_lib_init_fp_1                       0x080001ff   Thumb Code     0  libinit2.o(.ARM.Collect$$libinit$$00000001)
    __rt_lib_init_alloca_1                   0x08000203   Thumb Code     0  libinit2.o(.ARM.Collect$$libinit$$0000002E)
    __rt_lib_init_argv_1                     0x08000203   Thumb Code     0  libinit2.o(.ARM.Collect$$libinit$$0000002C)
    __rt_lib_init_atexit_1                   0x08000203   Thumb Code     0  libinit2.o(.ARM.Collect$$libinit$$0000001B)
    __rt_lib_init_clock_1                    0x08000203   Thumb Code     0  libinit2.o(.ARM.Collect$$libinit$$00000021)
    __rt_lib_init_cpp_1                      0x08000203   Thumb Code     0  libinit2.o(.ARM.Collect$$libinit$$00000032)
    __rt_lib_init_exceptions_1               0x08000203   Thumb Code     0  libinit2.o(.ARM.Collect$$libinit$$00000030)
    __rt_lib_init_fp_trap_1                  0x08000203   Thumb Code     0  libinit2.o(.ARM.Collect$$libinit$$0000001F)
    __rt_lib_init_getenv_1                   0x08000203   Thumb Code     0  libinit2.o(.ARM.Collect$$libinit$$00000023)
    __rt_lib_init_heap_1                     0x08000203   Thumb Code     0  libinit2.o(.ARM.Collect$$libinit$$0000000A)
    __rt_lib_init_lc_collate_1               0x08000203   Thumb Code     0  libinit2.o(.ARM.Collect$$libinit$$00000011)
    __rt_lib_init_lc_ctype_1                 0x08000203   Thumb Code     0  libinit2.o(.ARM.Collect$$libinit$$00000013)
    __rt_lib_init_lc_monetary_1              0x08000203   Thumb Code     0  libinit2.o(.ARM.Collect$$libinit$$00000015)
    __rt_lib_init_lc_numeric_1               0x08000203   Thumb Code     0  libinit2.o(.ARM.Collect$$libinit$$00000017)
    __rt_lib_init_lc_time_1                  0x08000203   Thumb Code     0  libinit2.o(.ARM.Collect$$libinit$$00000019)
    __rt_lib_init_preinit_1                  0x08000203   Thumb Code     0  libinit2.o(.ARM.Collect$$libinit$$00000004)
    __rt_lib_init_rand_1                     0x08000203   Thumb Code     0  libinit2.o(.ARM.Collect$$libinit$$0000000E)
    __rt_lib_init_return                     0x08000203   Thumb Code     0  libinit2.o(.ARM.Collect$$libinit$$00000033)
    __rt_lib_init_signal_1                   0x08000203   Thumb Code     0  libinit2.o(.ARM.Collect$$libinit$$0000001D)
    __rt_lib_init_stdio_1                    0x08000203   Thumb Code     0  libinit2.o(.ARM.Collect$$libinit$$00000025)
    __rt_lib_init_user_alloc_1               0x08000203   Thumb Code     0  libinit2.o(.ARM.Collect$$libinit$$0000000C)
    __rt_lib_shutdown                        0x08000205   Thumb Code     0  libshutdown.o(.ARM.Collect$$libshutdown$$00000000)
    __rt_lib_shutdown_cpp_1                  0x08000207   Thumb Code     0  libshutdown2.o(.ARM.Collect$$libshutdown$$00000002)
    __rt_lib_shutdown_fp_trap_1              0x08000207   Thumb Code     0  libshutdown2.o(.ARM.Collect$$libshutdown$$00000007)
    __rt_lib_shutdown_heap_1                 0x08000207   Thumb Code     0  libshutdown2.o(.ARM.Collect$$libshutdown$$0000000F)
    __rt_lib_shutdown_return                 0x08000207   Thumb Code     0  libshutdown2.o(.ARM.Collect$$libshutdown$$00000010)
    __rt_lib_shutdown_signal_1               0x08000207   Thumb Code     0  libshutdown2.o(.ARM.Collect$$libshutdown$$0000000A)
    __rt_lib_shutdown_stdio_1                0x08000207   Thumb Code     0  libshutdown2.o(.ARM.Collect$$libshutdown$$00000004)
    __rt_lib_shutdown_user_alloc_1           0x08000207   Thumb Code     0  libshutdown2.o(.ARM.Collect$$libshutdown$$0000000C)
    __rt_entry                               0x08000209   Thumb Code     0  __rtentry.o(.ARM.Collect$$rtentry$$00000000)
    __rt_entry_presh_1                       0x08000209   Thumb Code     0  __rtentry2.o(.ARM.Collect$$rtentry$$00000002)
    __rt_entry_sh                            0x08000209   Thumb Code     0  __rtentry4.o(.ARM.Collect$$rtentry$$00000004)
    __rt_entry_li                            0x0800020f   Thumb Code     0  __rtentry2.o(.ARM.Collect$$rtentry$$0000000A)
    __rt_entry_postsh_1                      0x0800020f   Thumb Code     0  __rtentry2.o(.ARM.Collect$$rtentry$$00000009)
    __rt_entry_main                          0x08000213   Thumb Code     0  __rtentry2.o(.ARM.Collect$$rtentry$$0000000D)
    __rt_entry_postli_1                      0x08000213   Thumb Code     0  __rtentry2.o(.ARM.Collect$$rtentry$$0000000C)
    __rt_exit                                0x0800021b   Thumb Code     0  rtexit.o(.ARM.Collect$$rtexit$$00000000)
    __rt_exit_ls                             0x0800021d   Thumb Code     0  rtexit2.o(.ARM.Collect$$rtexit$$00000003)
    __rt_exit_prels_1                        0x0800021d   Thumb Code     0  rtexit2.o(.ARM.Collect$$rtexit$$00000002)
    __rt_exit_exit                           0x08000221   Thumb Code     0  rtexit2.o(.ARM.Collect$$rtexit$$00000004)
    Reset_Handler                            0x08000229   Thumb Code     8  startup_stm32f407xx.o(.text)
    ADC_IRQHandler                           0x08000243   Thumb Code     0  startup_stm32f407xx.o(.text)
    CAN1_RX0_IRQHandler                      0x08000243   Thumb Code     0  startup_stm32f407xx.o(.text)
    CAN1_RX1_IRQHandler                      0x08000243   Thumb Code     0  startup_stm32f407xx.o(.text)
    CAN1_SCE_IRQHandler                      0x08000243   Thumb Code     0  startup_stm32f407xx.o(.text)
    CAN1_TX_IRQHandler                       0x08000243   Thumb Code     0  startup_stm32f407xx.o(.text)
    CAN2_RX0_IRQHandler                      0x08000243   Thumb Code     0  startup_stm32f407xx.o(.text)
    CAN2_RX1_IRQHandler                      0x08000243   Thumb Code     0  startup_stm32f407xx.o(.text)
    CAN2_SCE_IRQHandler                      0x08000243   Thumb Code     0  startup_stm32f407xx.o(.text)
    CAN2_TX_IRQHandler                       0x08000243   Thumb Code     0  startup_stm32f407xx.o(.text)
    DCMI_IRQHandler                          0x08000243   Thumb Code     0  startup_stm32f407xx.o(.text)
    DMA1_Stream0_IRQHandler                  0x08000243   Thumb Code     0  startup_stm32f407xx.o(.text)
    DMA1_Stream1_IRQHandler                  0x08000243   Thumb Code     0  startup_stm32f407xx.o(.text)
    DMA1_Stream2_IRQHandler                  0x08000243   Thumb Code     0  startup_stm32f407xx.o(.text)
    DMA1_Stream3_IRQHandler                  0x08000243   Thumb Code     0  startup_stm32f407xx.o(.text)
    DMA1_Stream4_IRQHandler                  0x08000243   Thumb Code     0  startup_stm32f407xx.o(.text)
    DMA1_Stream5_IRQHandler                  0x08000243   Thumb Code     0  startup_stm32f407xx.o(.text)
    DMA1_Stream6_IRQHandler                  0x08000243   Thumb Code     0  startup_stm32f407xx.o(.text)
    DMA1_Stream7_IRQHandler                  0x08000243   Thumb Code     0  startup_stm32f407xx.o(.text)
    DMA2_Stream0_IRQHandler                  0x08000243   Thumb Code     0  startup_stm32f407xx.o(.text)
    DMA2_Stream1_IRQHandler                  0x08000243   Thumb Code     0  startup_stm32f407xx.o(.text)
    DMA2_Stream2_IRQHandler                  0x08000243   Thumb Code     0  startup_stm32f407xx.o(.text)
    DMA2_Stream3_IRQHandler                  0x08000243   Thumb Code     0  startup_stm32f407xx.o(.text)
    DMA2_Stream4_IRQHandler                  0x08000243   Thumb Code     0  startup_stm32f407xx.o(.text)
    DMA2_Stream5_IRQHandler                  0x08000243   Thumb Code     0  startup_stm32f407xx.o(.text)
    DMA2_Stream6_IRQHandler                  0x08000243   Thumb Code     0  startup_stm32f407xx.o(.text)
    DMA2_Stream7_IRQHandler                  0x08000243   Thumb Code     0  startup_stm32f407xx.o(.text)
    ETH_IRQHandler                           0x08000243   Thumb Code     0  startup_stm32f407xx.o(.text)
    ETH_WKUP_IRQHandler                      0x08000243   Thumb Code     0  startup_stm32f407xx.o(.text)
    EXTI0_IRQHandler                         0x08000243   Thumb Code     0  startup_stm32f407xx.o(.text)
    EXTI15_10_IRQHandler                     0x08000243   Thumb Code     0  startup_stm32f407xx.o(.text)
    EXTI1_IRQHandler                         0x08000243   Thumb Code     0  startup_stm32f407xx.o(.text)
    EXTI2_IRQHandler                         0x08000243   Thumb Code     0  startup_stm32f407xx.o(.text)
    EXTI3_IRQHandler                         0x08000243   Thumb Code     0  startup_stm32f407xx.o(.text)
    EXTI4_IRQHandler                         0x08000243   Thumb Code     0  startup_stm32f407xx.o(.text)
    EXTI9_5_IRQHandler                       0x08000243   Thumb Code     0  startup_stm32f407xx.o(.text)
    FLASH_IRQHandler                         0x08000243   Thumb Code     0  startup_stm32f407xx.o(.text)
    FMC_IRQHandler                           0x08000243   Thumb Code     0  startup_stm32f407xx.o(.text)
    FPU_IRQHandler                           0x08000243   Thumb Code     0  startup_stm32f407xx.o(.text)
    HASH_RNG_IRQHandler                      0x08000243   Thumb Code     0  startup_stm32f407xx.o(.text)
    I2C1_ER_IRQHandler                       0x08000243   Thumb Code     0  startup_stm32f407xx.o(.text)
    I2C1_EV_IRQHandler                       0x08000243   Thumb Code     0  startup_stm32f407xx.o(.text)
    I2C2_ER_IRQHandler                       0x08000243   Thumb Code     0  startup_stm32f407xx.o(.text)
    I2C2_EV_IRQHandler                       0x08000243   Thumb Code     0  startup_stm32f407xx.o(.text)
    I2C3_ER_IRQHandler                       0x08000243   Thumb Code     0  startup_stm32f407xx.o(.text)
    I2C3_EV_IRQHandler                       0x08000243   Thumb Code     0  startup_stm32f407xx.o(.text)
    OTG_FS_IRQHandler                        0x08000243   Thumb Code     0  startup_stm32f407xx.o(.text)
    OTG_FS_WKUP_IRQHandler                   0x08000243   Thumb Code     0  startup_stm32f407xx.o(.text)
    OTG_HS_EP1_IN_IRQHandler                 0x08000243   Thumb Code     0  startup_stm32f407xx.o(.text)
    OTG_HS_EP1_OUT_IRQHandler                0x08000243   Thumb Code     0  startup_stm32f407xx.o(.text)
    OTG_HS_IRQHandler                        0x08000243   Thumb Code     0  startup_stm32f407xx.o(.text)
    OTG_HS_WKUP_IRQHandler                   0x08000243   Thumb Code     0  startup_stm32f407xx.o(.text)
    PVD_IRQHandler                           0x08000243   Thumb Code     0  startup_stm32f407xx.o(.text)
    RCC_IRQHandler                           0x08000243   Thumb Code     0  startup_stm32f407xx.o(.text)
    RTC_Alarm_IRQHandler                     0x08000243   Thumb Code     0  startup_stm32f407xx.o(.text)
    RTC_WKUP_IRQHandler                      0x08000243   Thumb Code     0  startup_stm32f407xx.o(.text)
    SDIO_IRQHandler                          0x08000243   Thumb Code     0  startup_stm32f407xx.o(.text)
    SPI1_IRQHandler                          0x08000243   Thumb Code     0  startup_stm32f407xx.o(.text)
    SPI2_IRQHandler                          0x08000243   Thumb Code     0  startup_stm32f407xx.o(.text)
    SPI3_IRQHandler                          0x08000243   Thumb Code     0  startup_stm32f407xx.o(.text)
    TAMP_STAMP_IRQHandler                    0x08000243   Thumb Code     0  startup_stm32f407xx.o(.text)
    TIM1_BRK_TIM9_IRQHandler                 0x08000243   Thumb Code     0  startup_stm32f407xx.o(.text)
    TIM1_CC_IRQHandler                       0x08000243   Thumb Code     0  startup_stm32f407xx.o(.text)
    TIM1_TRG_COM_TIM11_IRQHandler            0x08000243   Thumb Code     0  startup_stm32f407xx.o(.text)
    TIM1_UP_TIM10_IRQHandler                 0x08000243   Thumb Code     0  startup_stm32f407xx.o(.text)
    TIM2_IRQHandler                          0x08000243   Thumb Code     0  startup_stm32f407xx.o(.text)
    TIM3_IRQHandler                          0x08000243   Thumb Code     0  startup_stm32f407xx.o(.text)
    TIM4_IRQHandler                          0x08000243   Thumb Code     0  startup_stm32f407xx.o(.text)
    TIM5_IRQHandler                          0x08000243   Thumb Code     0  startup_stm32f407xx.o(.text)
    TIM6_DAC_IRQHandler                      0x08000243   Thumb Code     0  startup_stm32f407xx.o(.text)
    TIM7_IRQHandler                          0x08000243   Thumb Code     0  startup_stm32f407xx.o(.text)
    TIM8_BRK_TIM12_IRQHandler                0x08000243   Thumb Code     0  startup_stm32f407xx.o(.text)
    TIM8_CC_IRQHandler                       0x08000243   Thumb Code     0  startup_stm32f407xx.o(.text)
    TIM8_TRG_COM_TIM14_IRQHandler            0x08000243   Thumb Code     0  startup_stm32f407xx.o(.text)
    TIM8_UP_TIM13_IRQHandler                 0x08000243   Thumb Code     0  startup_stm32f407xx.o(.text)
    UART4_IRQHandler                         0x08000243   Thumb Code     0  startup_stm32f407xx.o(.text)
    UART5_IRQHandler                         0x08000243   Thumb Code     0  startup_stm32f407xx.o(.text)
    USART1_IRQHandler                        0x08000243   Thumb Code     0  startup_stm32f407xx.o(.text)
    USART2_IRQHandler                        0x08000243   Thumb Code     0  startup_stm32f407xx.o(.text)
    USART3_IRQHandler                        0x08000243   Thumb Code     0  startup_stm32f407xx.o(.text)
    USART6_IRQHandler                        0x08000243   Thumb Code     0  startup_stm32f407xx.o(.text)
    WWDG_IRQHandler                          0x08000243   Thumb Code     0  startup_stm32f407xx.o(.text)
    __user_initial_stackheap                 0x08000245   Thumb Code     0  startup_stm32f407xx.o(.text)
    __aeabi_uldivmod                         0x08000269   Thumb Code     0  lludivv7m.o(.text)
    _ll_udiv                                 0x08000269   Thumb Code   238  lludivv7m.o(.text)
    __aeabi_memclr4                          0x08000357   Thumb Code     0  rt_memclr_w.o(.text)
    __aeabi_memclr8                          0x08000357   Thumb Code     0  rt_memclr_w.o(.text)
    __rt_memclr_w                            0x08000357   Thumb Code    78  rt_memclr_w.o(.text)
    _memset_w                                0x0800035b   Thumb Code     0  rt_memclr_w.o(.text)
    __use_two_region_memory                  0x080003a5   Thumb Code     2  heapauxi.o(.text)
    __rt_heap_escrow$2region                 0x080003a7   Thumb Code     2  heapauxi.o(.text)
    __rt_heap_expand$2region                 0x080003a9   Thumb Code     2  heapauxi.o(.text)
    __read_errno                             0x080003ab   Thumb Code    10  _rserrno.o(.text)
    __set_errno                              0x080003b5   Thumb Code    12  _rserrno.o(.text)
    __aeabi_errno_addr                       0x080003c1   Thumb Code     8  rt_errno_addr_intlibspace.o(.text)
    __errno$intlibspace                      0x080003c1   Thumb Code     0  rt_errno_addr_intlibspace.o(.text)
    __rt_errno_addr$intlibspace              0x080003c1   Thumb Code     0  rt_errno_addr_intlibspace.o(.text)
    __user_libspace                          0x080003c9   Thumb Code     8  libspace.o(.text)
    __user_perproc_libspace                  0x080003c9   Thumb Code     0  libspace.o(.text)
    __user_perthread_libspace                0x080003c9   Thumb Code     0  libspace.o(.text)
    __user_setup_stackheap                   0x080003d1   Thumb Code    74  sys_stackheap_outer.o(.text)
    exit                                     0x0800041b   Thumb Code    18  exit.o(.text)
    _sys_exit                                0x0800042d   Thumb Code     8  sys_exit.o(.text)
    __I$use$semihosting                      0x08000439   Thumb Code     0  use_no_semi.o(.text)
    __use_no_semihosting_swi                 0x08000439   Thumb Code     2  use_no_semi.o(.text)
    BusFault_Handler                         0x0800043b   Thumb Code     4  stm32f4xx_it.o(i.BusFault_Handler)
    __semihosting_library_function           0x0800043b   Thumb Code     0  indicate_semi.o(.text)
    DebugMon_Handler                         0x0800043f   Thumb Code     2  stm32f4xx_it.o(i.DebugMon_Handler)
    Error_Handler                            0x08000441   Thumb Code     6  main.o(i.Error_Handler)
    HAL_Delay                                0x08000449   Thumb Code    36  stm32f4xx_hal.o(i.HAL_Delay)
    HAL_GPIO_Init                            0x08000471   Thumb Code   452  stm32f4xx_hal_gpio.o(i.HAL_GPIO_Init)
    HAL_GPIO_WritePin                        0x08000661   Thumb Code    12  stm32f4xx_hal_gpio.o(i.HAL_GPIO_WritePin)
    HAL_GetTick                              0x0800066d   Thumb Code     6  stm32f4xx_hal.o(i.HAL_GetTick)
    HAL_IncTick                              0x08000679   Thumb Code    16  stm32f4xx_hal.o(i.HAL_IncTick)
    HAL_Init                                 0x08000691   Thumb Code    54  stm32f4xx_hal.o(i.HAL_Init)
    HAL_InitTick                             0x080006cd   Thumb Code    64  stm32f4xx_hal.o(i.HAL_InitTick)
    HAL_MspInit                              0x08000719   Thumb Code    64  stm32f4xx_hal_msp.o(i.HAL_MspInit)
    HAL_NVIC_SetPriority                     0x0800075d   Thumb Code   124  stm32f4xx_hal_cortex.o(i.HAL_NVIC_SetPriority)
    HAL_NVIC_SetPriorityGrouping             0x080007d9   Thumb Code    32  stm32f4xx_hal_cortex.o(i.HAL_NVIC_SetPriorityGrouping)
    HAL_RCC_ClockConfig                      0x08000801   Thumb Code   368  stm32f4xx_hal_rcc.o(i.HAL_RCC_ClockConfig)
    HAL_RCC_GetSysClockFreq                  0x08000985   Thumb Code   162  stm32f4xx_hal_rcc.o(i.HAL_RCC_GetSysClockFreq)
    HAL_RCC_OscConfig                        0x08000a35   Thumb Code  1172  stm32f4xx_hal_rcc.o(i.HAL_RCC_OscConfig)
    HAL_SPI_GetState                         0x08000ed1   Thumb Code     8  stm32f4xx_hal_spi.o(i.HAL_SPI_GetState)
    HAL_SPI_Init                             0x08000ed9   Thumb Code   200  stm32f4xx_hal_spi.o(i.HAL_SPI_Init)
    HAL_SPI_MspInit                          0x08000fa1   Thumb Code   174  spi.o(i.HAL_SPI_MspInit)
    HAL_SPI_Receive                          0x08001061   Thumb Code   368  stm32f4xx_hal_spi.o(i.HAL_SPI_Receive)
    HAL_SPI_Transmit                         0x080011d1   Thumb Code   428  stm32f4xx_hal_spi.o(i.HAL_SPI_Transmit)
    HAL_SPI_TransmitReceive                  0x0800137d   Thumb Code   552  stm32f4xx_hal_spi.o(i.HAL_SPI_TransmitReceive)
    HAL_SYSTICK_Config                       0x080015a5   Thumb Code    52  stm32f4xx_hal_cortex.o(i.HAL_SYSTICK_Config)
    HardFault_Handler                        0x080015d9   Thumb Code     4  stm32f4xx_it.o(i.HardFault_Handler)
    MX_GPIO_Init                             0x080015dd   Thumb Code   192  gpio.o(i.MX_GPIO_Init)
    MX_SPI1_Init                             0x080016a9   Thumb Code    60  spi.o(i.MX_SPI1_Init)
    MemManage_Handler                        0x080016ed   Thumb Code     4  stm32f4xx_it.o(i.MemManage_Handler)
    NMI_Handler                              0x080016f1   Thumb Code     4  stm32f4xx_it.o(i.NMI_Handler)
    PendSV_Handler                           0x080016f5   Thumb Code     2  stm32f4xx_it.o(i.PendSV_Handler)
    SVC_Handler                              0x080016f7   Thumb Code     2  stm32f4xx_it.o(i.SVC_Handler)
    SysTick_Handler                          0x080016f9   Thumb Code     8  stm32f4xx_it.o(i.SysTick_Handler)
    SystemInit                               0x08001701   Thumb Code    14  system_stm32f4xx.o(i.SystemInit)
    UsageFault_Handler                       0x08001715   Thumb Code     4  stm32f4xx_it.o(i.UsageFault_Handler)
    ReadAccData(acc_raw_data_t*)             0x08001719   Thumb Code   154  bmi088.o(i._Z11ReadAccDataP14acc_raw_data_t)
    ReadGyroData(gyro_raw_data_t*)           0x080017b9   Thumb Code   230  bmi088.o(i._Z12ReadGyroDataP15gyro_raw_data_t)
    Read_Sensors(acc_raw_data_t*, gyro_raw_data_t*) 0x080018b9   Thumb Code    28  zitai-jiesuan.o(i._Z12Read_SensorsP14acc_raw_data_tP15gyro_raw_data_t)
    WriteDataToAcc(unsigned char, unsigned char) 0x080018d5   Thumb Code    94  bmi088.o(i._Z14WriteDataToAcchh)
    WriteDataToGyro(unsigned char, unsigned char) 0x0800193d   Thumb Code    94  bmi088.o(i._Z15WriteDataToGyrohh)
    BMI088_CONF_INIT()                       0x080019a5   Thumb Code    88  bmi088.o(i._Z16BMI088_CONF_INITv)
    Calculate_Angles(float*, float*, float*) 0x080019fd   Thumb Code   404  zitai-jiesuan.o(i._Z16Calculate_AnglesPfS_S_)
    Update_Quaternion(acc_raw_data_t*, gyro_raw_data_t*) 0x08001ba5   Thumb Code  1064  zitai-jiesuan.o(i._Z17Update_QuaternionP14acc_raw_data_tP15gyro_raw_data_t)
    SystemClock_Config()                     0x08001fe1   Thumb Code   166  main.o(i._Z18SystemClock_Configv)
    ReadMultiDataFromAcc(unsigned char, unsigned char, unsigned char*) 0x080020b9   Thumb Code   134  bmi088.o(i._Z20ReadMultiDataFromAcchhPh)
    ReadMultiDataFromGyro(unsigned char, unsigned char, unsigned char*) 0x080021dd   Thumb Code   108  bmi088.o(i._Z21ReadMultiDataFromGyrohhPh)
    ReadSingleDataFromAcc(unsigned char, unsigned char*) 0x08002251   Thumb Code   112  bmi088.o(i._Z21ReadSingleDataFromAcchPh)
    ReadSingleDataFromGyro(unsigned char, unsigned char*) 0x080022c9   Thumb Code    86  bmi088.o(i._Z22ReadSingleDataFromGyrohPh)
    std::sqrt(float)                         0x0800247d   Thumb Code    24  zitai-jiesuan.o(i._ZSt4sqrtf)
    std::atan2(float, float)                 0x08002495   Thumb Code    32  zitai-jiesuan.o(i._ZSt5atan2ff)
    __ARM_fpclassifyf                        0x080024b5   Thumb Code    38  fpclassifyf.o(i.__ARM_fpclassifyf)
    __hardfp_asinf                           0x080024dd   Thumb Code   258  asinf.o(i.__hardfp_asinf)
    __hardfp_atan2f                          0x08002609   Thumb Code   502  atan2f.o(i.__hardfp_atan2f)
    __hardfp_sqrtf                           0x08002859   Thumb Code    58  sqrtf.o(i.__hardfp_sqrtf)
    __mathlib_flt_infnan                     0x08002893   Thumb Code     6  funder.o(i.__mathlib_flt_infnan)
    __mathlib_flt_infnan2                    0x08002899   Thumb Code     6  funder.o(i.__mathlib_flt_infnan2)
    __mathlib_flt_invalid                    0x080028a1   Thumb Code    10  funder.o(i.__mathlib_flt_invalid)
    __mathlib_flt_underflow                  0x080028b1   Thumb Code    10  funder.o(i.__mathlib_flt_underflow)
    main                                     0x080028c1   Thumb Code    44  main.o(i.main)
    sqrtf                                    0x080028ed   Thumb Code    62  sqrtf.o(i.sqrtf)
    __aeabi_d2f                              0x0800292d   Thumb Code     0  d2f.o(x$fpl$d2f)
    _d2f                                     0x0800292d   Thumb Code    98  d2f.o(x$fpl$d2f)
    __aeabi_dadd                             0x08002991   Thumb Code     0  daddsub_clz.o(x$fpl$dadd)
    _dadd                                    0x08002991   Thumb Code   332  daddsub_clz.o(x$fpl$dadd)
    __aeabi_ddiv                             0x08002ae1   Thumb Code     0  ddiv.o(x$fpl$ddiv)
    _ddiv                                    0x08002ae1   Thumb Code   552  ddiv.o(x$fpl$ddiv)
    __aeabi_dmul                             0x08002d91   Thumb Code     0  dmul.o(x$fpl$dmul)
    _dmul                                    0x08002d91   Thumb Code   332  dmul.o(x$fpl$dmul)
    __fpl_dnaninf                            0x08002ee5   Thumb Code   156  dnaninf.o(x$fpl$dnaninf)
    __fpl_dretinf                            0x08002f81   Thumb Code    12  dretinf.o(x$fpl$dretinf)
    __aeabi_dsub                             0x08002f8d   Thumb Code     0  daddsub_clz.o(x$fpl$dsub)
    _dsub                                    0x08002f8d   Thumb Code   464  daddsub_clz.o(x$fpl$dsub)
    __aeabi_f2d                              0x08003161   Thumb Code     0  f2d.o(x$fpl$f2d)
    _f2d                                     0x08003161   Thumb Code    86  f2d.o(x$fpl$f2d)
    __fpl_fnaninf                            0x080031b7   Thumb Code   140  fnaninf.o(x$fpl$fnaninf)
    _fp_init                                 0x08003243   Thumb Code    10  fpinit.o(x$fpl$fpinit)
    __fplib_config_fpu_vfp                   0x0800324b   Thumb Code     0  fpinit.o(x$fpl$fpinit)
    __fplib_config_pureend_doubles           0x0800324b   Thumb Code     0  fpinit.o(x$fpl$fpinit)
    __fpl_fretinf                            0x0800324d   Thumb Code    10  fretinf.o(x$fpl$fretinf)
    AHBPrescTable                            0x08003256   Data          16  system_stm32f4xx.o(.constdata)
    __I$use$fp                               0x08003256   Number         0  usenofp.o(x$fpl$usenofp)
    APBPrescTable                            0x08003266   Data           8  system_stm32f4xx.o(.constdata)
    Region$$Table$$Base                      0x08003270   Number         0  anon$$obj.o(Region$$Table)
    Region$$Table$$Limit                     0x08003290   Number         0  anon$$obj.o(Region$$Table)
    q                                        0x20000000   Data          16  zitai-jiesuan.o(.data)
    uwTick                                   0x20000010   Data           4  stm32f4xx_hal.o(.data)
    uwTickPrio                               0x20000014   Data           4  stm32f4xx_hal.o(.data)
    uwTickFreq                               0x20000018   Data           1  stm32f4xx_hal.o(.data)
    SystemCoreClock                          0x2000001c   Data           4  system_stm32f4xx.o(.data)
    hspi1                                    0x20000020   Data          88  spi.o(.bss)
    integralFB                               0x20000078   Data          12  zitai-jiesuan.o(.bss)
    __libspace_start                         0x20000084   Data          96  libspace.o(.bss)
    __temporary_stack_top$libspace           0x200000e4   Data           0  libspace.o(.bss)



==============================================================================

Memory Map of the image

  Image Entry point : 0x08000189

  Load Region LR_IROM1 (Base: 0x08000000, Size: 0x000032b0, Max: 0x00100000, ABSOLUTE)

    Execution Region ER_IROM1 (Exec base: 0x08000000, Load base: 0x08000000, Size: 0x00003290, Max: 0x00100000, ABSOLUTE)

    Exec Addr    Load Addr    Size         Type   Attr      Idx    E Section Name        Object

    0x08000000   0x08000000   0x00000188   Data   RO            3    RESET               startup_stm32f407xx.o
    0x08000188   0x08000188   0x00000008   Code   RO         2299  * !!!main             c_w.l(__main.o)
    0x08000190   0x08000190   0x00000034   Code   RO         2550    !!!scatter          c_w.l(__scatter.o)
    0x080001c4   0x080001c4   0x0000001a   Code   RO         2552    !!handler_copy      c_w.l(__scatter_copy.o)
    0x080001de   0x080001de   0x00000002   PAD
    0x080001e0   0x080001e0   0x0000001c   Code   RO         2554    !!handler_zi        c_w.l(__scatter_zi.o)
    0x080001fc   0x080001fc   0x00000002   Code   RO         2423    .ARM.Collect$$libinit$$00000000  c_w.l(libinit.o)
    0x080001fe   0x080001fe   0x00000004   Code   RO         2432    .ARM.Collect$$libinit$$00000001  c_w.l(libinit2.o)
    0x08000202   0x08000202   0x00000000   Code   RO         2435    .ARM.Collect$$libinit$$00000004  c_w.l(libinit2.o)
    0x08000202   0x08000202   0x00000000   Code   RO         2438    .ARM.Collect$$libinit$$0000000A  c_w.l(libinit2.o)
    0x08000202   0x08000202   0x00000000   Code   RO         2440    .ARM.Collect$$libinit$$0000000C  c_w.l(libinit2.o)
    0x08000202   0x08000202   0x00000000   Code   RO         2442    .ARM.Collect$$libinit$$0000000E  c_w.l(libinit2.o)
    0x08000202   0x08000202   0x00000000   Code   RO         2445    .ARM.Collect$$libinit$$00000011  c_w.l(libinit2.o)
    0x08000202   0x08000202   0x00000000   Code   RO         2447    .ARM.Collect$$libinit$$00000013  c_w.l(libinit2.o)
    0x08000202   0x08000202   0x00000000   Code   RO         2449    .ARM.Collect$$libinit$$00000015  c_w.l(libinit2.o)
    0x08000202   0x08000202   0x00000000   Code   RO         2451    .ARM.Collect$$libinit$$00000017  c_w.l(libinit2.o)
    0x08000202   0x08000202   0x00000000   Code   RO         2453    .ARM.Collect$$libinit$$00000019  c_w.l(libinit2.o)
    0x08000202   0x08000202   0x00000000   Code   RO         2455    .ARM.Collect$$libinit$$0000001B  c_w.l(libinit2.o)
    0x08000202   0x08000202   0x00000000   Code   RO         2457    .ARM.Collect$$libinit$$0000001D  c_w.l(libinit2.o)
    0x08000202   0x08000202   0x00000000   Code   RO         2459    .ARM.Collect$$libinit$$0000001F  c_w.l(libinit2.o)
    0x08000202   0x08000202   0x00000000   Code   RO         2461    .ARM.Collect$$libinit$$00000021  c_w.l(libinit2.o)
    0x08000202   0x08000202   0x00000000   Code   RO         2463    .ARM.Collect$$libinit$$00000023  c_w.l(libinit2.o)
    0x08000202   0x08000202   0x00000000   Code   RO         2465    .ARM.Collect$$libinit$$00000025  c_w.l(libinit2.o)
    0x08000202   0x08000202   0x00000000   Code   RO         2469    .ARM.Collect$$libinit$$0000002C  c_w.l(libinit2.o)
    0x08000202   0x08000202   0x00000000   Code   RO         2471    .ARM.Collect$$libinit$$0000002E  c_w.l(libinit2.o)
    0x08000202   0x08000202   0x00000000   Code   RO         2473    .ARM.Collect$$libinit$$00000030  c_w.l(libinit2.o)
    0x08000202   0x08000202   0x00000000   Code   RO         2475    .ARM.Collect$$libinit$$00000032  c_w.l(libinit2.o)
    0x08000202   0x08000202   0x00000002   Code   RO         2476    .ARM.Collect$$libinit$$00000033  c_w.l(libinit2.o)
    0x08000204   0x08000204   0x00000002   Code   RO         2507    .ARM.Collect$$libshutdown$$00000000  c_w.l(libshutdown.o)
    0x08000206   0x08000206   0x00000000   Code   RO         2533    .ARM.Collect$$libshutdown$$00000002  c_w.l(libshutdown2.o)
    0x08000206   0x08000206   0x00000000   Code   RO         2535    .ARM.Collect$$libshutdown$$00000004  c_w.l(libshutdown2.o)
    0x08000206   0x08000206   0x00000000   Code   RO         2538    .ARM.Collect$$libshutdown$$00000007  c_w.l(libshutdown2.o)
    0x08000206   0x08000206   0x00000000   Code   RO         2541    .ARM.Collect$$libshutdown$$0000000A  c_w.l(libshutdown2.o)
    0x08000206   0x08000206   0x00000000   Code   RO         2543    .ARM.Collect$$libshutdown$$0000000C  c_w.l(libshutdown2.o)
    0x08000206   0x08000206   0x00000000   Code   RO         2546    .ARM.Collect$$libshutdown$$0000000F  c_w.l(libshutdown2.o)
    0x08000206   0x08000206   0x00000002   Code   RO         2547    .ARM.Collect$$libshutdown$$00000010  c_w.l(libshutdown2.o)
    0x08000208   0x08000208   0x00000000   Code   RO         2353    .ARM.Collect$$rtentry$$00000000  c_w.l(__rtentry.o)
    0x08000208   0x08000208   0x00000000   Code   RO         2386    .ARM.Collect$$rtentry$$00000002  c_w.l(__rtentry2.o)
    0x08000208   0x08000208   0x00000006   Code   RO         2398    .ARM.Collect$$rtentry$$00000004  c_w.l(__rtentry4.o)
    0x0800020e   0x0800020e   0x00000000   Code   RO         2388    .ARM.Collect$$rtentry$$00000009  c_w.l(__rtentry2.o)
    0x0800020e   0x0800020e   0x00000004   Code   RO         2389    .ARM.Collect$$rtentry$$0000000A  c_w.l(__rtentry2.o)
    0x08000212   0x08000212   0x00000000   Code   RO         2391    .ARM.Collect$$rtentry$$0000000C  c_w.l(__rtentry2.o)
    0x08000212   0x08000212   0x00000008   Code   RO         2392    .ARM.Collect$$rtentry$$0000000D  c_w.l(__rtentry2.o)
    0x0800021a   0x0800021a   0x00000002   Code   RO         2424    .ARM.Collect$$rtexit$$00000000  c_w.l(rtexit.o)
    0x0800021c   0x0800021c   0x00000000   Code   RO         2480    .ARM.Collect$$rtexit$$00000002  c_w.l(rtexit2.o)
    0x0800021c   0x0800021c   0x00000004   Code   RO         2481    .ARM.Collect$$rtexit$$00000003  c_w.l(rtexit2.o)
    0x08000220   0x08000220   0x00000006   Code   RO         2482    .ARM.Collect$$rtexit$$00000004  c_w.l(rtexit2.o)
    0x08000226   0x08000226   0x00000002   PAD
    0x08000228   0x08000228   0x00000040   Code   RO            4    .text               startup_stm32f407xx.o
    0x08000268   0x08000268   0x000000ee   Code   RO         2293    .text               c_w.l(lludivv7m.o)
    0x08000356   0x08000356   0x0000004e   Code   RO         2295    .text               c_w.l(rt_memclr_w.o)
    0x080003a4   0x080003a4   0x00000006   Code   RO         2297    .text               c_w.l(heapauxi.o)
    0x080003aa   0x080003aa   0x00000016   Code   RO         2358    .text               c_w.l(_rserrno.o)
    0x080003c0   0x080003c0   0x00000008   Code   RO         2405    .text               c_w.l(rt_errno_addr_intlibspace.o)
    0x080003c8   0x080003c8   0x00000008   Code   RO         2407    .text               c_w.l(libspace.o)
    0x080003d0   0x080003d0   0x0000004a   Code   RO         2410    .text               c_w.l(sys_stackheap_outer.o)
    0x0800041a   0x0800041a   0x00000012   Code   RO         2412    .text               c_w.l(exit.o)
    0x0800042c   0x0800042c   0x0000000c   Code   RO         2477    .text               c_w.l(sys_exit.o)
    0x08000438   0x08000438   0x00000002   Code   RO         2496    .text               c_w.l(use_no_semi.o)
    0x0800043a   0x0800043a   0x00000000   Code   RO         2498    .text               c_w.l(indicate_semi.o)
    0x0800043a   0x0800043a   0x00000004   Code   RO          321    i.BusFault_Handler  stm32f4xx_it.o
    0x0800043e   0x0800043e   0x00000002   Code   RO          322    i.DebugMon_Handler  stm32f4xx_it.o
    0x08000440   0x08000440   0x00000006   Code   RO          205    i.Error_Handler     main.o
    0x08000446   0x08000446   0x00000002   PAD
    0x08000448   0x08000448   0x00000028   Code   RO         1932    i.HAL_Delay         stm32f4xx_hal.o
    0x08000470   0x08000470   0x000001f0   Code   RO         1331    i.HAL_GPIO_Init     stm32f4xx_hal_gpio.o
    0x08000660   0x08000660   0x0000000c   Code   RO         1335    i.HAL_GPIO_WritePin  stm32f4xx_hal_gpio.o
    0x0800066c   0x0800066c   0x0000000c   Code   RO         1938    i.HAL_GetTick       stm32f4xx_hal.o
    0x08000678   0x08000678   0x00000018   Code   RO         1944    i.HAL_IncTick       stm32f4xx_hal.o
    0x08000690   0x08000690   0x0000003c   Code   RO         1945    i.HAL_Init          stm32f4xx_hal.o
    0x080006cc   0x080006cc   0x0000004c   Code   RO         1946    i.HAL_InitTick      stm32f4xx_hal.o
    0x08000718   0x08000718   0x00000044   Code   RO          405    i.HAL_MspInit       stm32f4xx_hal_msp.o
    0x0800075c   0x0800075c   0x0000007c   Code   RO         1776    i.HAL_NVIC_SetPriority  stm32f4xx_hal_cortex.o
    0x080007d8   0x080007d8   0x00000028   Code   RO         1777    i.HAL_NVIC_SetPriorityGrouping  stm32f4xx_hal_cortex.o
    0x08000800   0x08000800   0x00000184   Code   RO          879    i.HAL_RCC_ClockConfig  stm32f4xx_hal_rcc.o
    0x08000984   0x08000984   0x000000b0   Code   RO          888    i.HAL_RCC_GetSysClockFreq  stm32f4xx_hal_rcc.o
    0x08000a34   0x08000a34   0x0000049c   Code   RO          891    i.HAL_RCC_OscConfig  stm32f4xx_hal_rcc.o
    0x08000ed0   0x08000ed0   0x00000008   Code   RO          510    i.HAL_SPI_GetState  stm32f4xx_hal_spi.o
    0x08000ed8   0x08000ed8   0x000000c8   Code   RO          512    i.HAL_SPI_Init      stm32f4xx_hal_spi.o
    0x08000fa0   0x08000fa0   0x000000c0   Code   RO          277    i.HAL_SPI_MspInit   spi.o
    0x08001060   0x08001060   0x00000170   Code   RO          515    i.HAL_SPI_Receive   stm32f4xx_hal_spi.o
    0x080011d0   0x080011d0   0x000001ac   Code   RO          520    i.HAL_SPI_Transmit  stm32f4xx_hal_spi.o
    0x0800137c   0x0800137c   0x00000228   Code   RO          521    i.HAL_SPI_TransmitReceive  stm32f4xx_hal_spi.o
    0x080015a4   0x080015a4   0x00000034   Code   RO         1781    i.HAL_SYSTICK_Config  stm32f4xx_hal_cortex.o
    0x080015d8   0x080015d8   0x00000004   Code   RO          323    i.HardFault_Handler  stm32f4xx_it.o
    0x080015dc   0x080015dc   0x000000cc   Code   RO          251    i.MX_GPIO_Init      gpio.o
    0x080016a8   0x080016a8   0x00000044   Code   RO          278    i.MX_SPI1_Init      spi.o
    0x080016ec   0x080016ec   0x00000004   Code   RO          324    i.MemManage_Handler  stm32f4xx_it.o
    0x080016f0   0x080016f0   0x00000004   Code   RO          325    i.NMI_Handler       stm32f4xx_it.o
    0x080016f4   0x080016f4   0x00000002   Code   RO          326    i.PendSV_Handler    stm32f4xx_it.o
    0x080016f6   0x080016f6   0x00000002   Code   RO          327    i.SVC_Handler       stm32f4xx_it.o
    0x080016f8   0x080016f8   0x00000008   Code   RO          328    i.SysTick_Handler   stm32f4xx_it.o
    0x08001700   0x08001700   0x00000014   Code   RO         2256    i.SystemInit        system_stm32f4xx.o
    0x08001714   0x08001714   0x00000004   Code   RO          329    i.UsageFault_Handler  stm32f4xx_it.o
    0x08001718   0x08001718   0x000000a0   Code   RO           13    i._Z11ReadAccDataP14acc_raw_data_t  bmi088.o
    0x080017b8   0x080017b8   0x00000100   Code   RO           14    i._Z12ReadGyroDataP15gyro_raw_data_t  bmi088.o
    0x080018b8   0x080018b8   0x0000001c   Code   RO          430    i._Z12Read_SensorsP14acc_raw_data_tP15gyro_raw_data_t  zitai-jiesuan.o
    0x080018d4   0x080018d4   0x00000068   Code   RO           15    i._Z14WriteDataToAcchh  bmi088.o
    0x0800193c   0x0800193c   0x00000068   Code   RO           16    i._Z15WriteDataToGyrohh  bmi088.o
    0x080019a4   0x080019a4   0x00000058   Code   RO           17    i._Z16BMI088_CONF_INITv  bmi088.o
    0x080019fc   0x080019fc   0x000001a8   Code   RO          431    i._Z16Calculate_AnglesPfS_S_  zitai-jiesuan.o
    0x08001ba4   0x08001ba4   0x0000043c   Code   RO          432    i._Z17Update_QuaternionP14acc_raw_data_tP15gyro_raw_data_t  zitai-jiesuan.o
    0x08001fe0   0x08001fe0   0x000000b0   Code   RO          206    i._Z18SystemClock_Configv  main.o
    0x08002090   0x08002090   0x00000028   Code   RO         1783    i._Z18__NVIC_SetPriority9IRQn_Typej  stm32f4xx_hal_cortex.o
    0x080020b8   0x080020b8   0x00000090   Code   RO           18    i._Z20ReadMultiDataFromAcchhPh  bmi088.o
    0x08002148   0x08002148   0x00000094   Code   RO          545    i._Z20SPI_EndRxTransactionP19__SPI_HandleTypeDefjj  stm32f4xx_hal_spi.o
    0x080021dc   0x080021dc   0x00000074   Code   RO           19    i._Z21ReadMultiDataFromGyrohhPh  bmi088.o
    0x08002250   0x08002250   0x00000078   Code   RO           20    i._Z21ReadSingleDataFromAcchPh  bmi088.o
    0x080022c8   0x080022c8   0x00000060   Code   RO           21    i._Z22ReadSingleDataFromGyrohPh  bmi088.o
    0x08002328   0x08002328   0x0000006c   Code   RO          551    i._Z22SPI_EndRxTxTransactionP19__SPI_HandleTypeDefjj  stm32f4xx_hal_spi.o
    0x08002394   0x08002394   0x00000010   Code   RO         1784    i._Z26__NVIC_GetPriorityGroupingv  stm32f4xx_hal_cortex.o
    0x080023a4   0x080023a4   0x000000d8   Code   RO          554    i._Z29SPI_WaitFlagStateUntilTimeoutP19__SPI_HandleTypeDefj10FlagStatusjj  stm32f4xx_hal_spi.o
    0x0800247c   0x0800247c   0x00000018   Code   RO          467    i._ZSt4sqrtf        zitai-jiesuan.o
    0x08002494   0x08002494   0x00000020   Code   RO          473    i._ZSt5atan2ff      zitai-jiesuan.o
    0x080024b4   0x080024b4   0x00000026   Code   RO         2369    i.__ARM_fpclassifyf  m_wm.l(fpclassifyf.o)
    0x080024da   0x080024da   0x00000002   PAD
    0x080024dc   0x080024dc   0x0000012c   Code   RO         2317    i.__hardfp_asinf    m_wm.l(asinf.o)
    0x08002608   0x08002608   0x00000250   Code   RO         2329    i.__hardfp_atan2f   m_wm.l(atan2f.o)
    0x08002858   0x08002858   0x0000003a   Code   RO         2341    i.__hardfp_sqrtf    m_wm.l(sqrtf.o)
    0x08002892   0x08002892   0x00000006   Code   RO         2372    i.__mathlib_flt_infnan  m_wm.l(funder.o)
    0x08002898   0x08002898   0x00000006   Code   RO         2373    i.__mathlib_flt_infnan2  m_wm.l(funder.o)
    0x0800289e   0x0800289e   0x00000002   PAD
    0x080028a0   0x080028a0   0x00000010   Code   RO         2374    i.__mathlib_flt_invalid  m_wm.l(funder.o)
    0x080028b0   0x080028b0   0x00000010   Code   RO         2377    i.__mathlib_flt_underflow  m_wm.l(funder.o)
    0x080028c0   0x080028c0   0x0000002c   Code   RO          207    i.main              main.o
    0x080028ec   0x080028ec   0x0000003e   Code   RO         2343    i.sqrtf             m_wm.l(sqrtf.o)
    0x0800292a   0x0800292a   0x00000002   PAD
    0x0800292c   0x0800292c   0x00000062   Code   RO         2301    x$fpl$d2f           fz_wm.l(d2f.o)
    0x0800298e   0x0800298e   0x00000002   PAD
    0x08002990   0x08002990   0x00000150   Code   RO         2303    x$fpl$dadd          fz_wm.l(daddsub_clz.o)
    0x08002ae0   0x08002ae0   0x000002b0   Code   RO         2310    x$fpl$ddiv          fz_wm.l(ddiv.o)
    0x08002d90   0x08002d90   0x00000154   Code   RO         2313    x$fpl$dmul          fz_wm.l(dmul.o)
    0x08002ee4   0x08002ee4   0x0000009c   Code   RO         2360    x$fpl$dnaninf       fz_wm.l(dnaninf.o)
    0x08002f80   0x08002f80   0x0000000c   Code   RO         2362    x$fpl$dretinf       fz_wm.l(dretinf.o)
    0x08002f8c   0x08002f8c   0x000001d4   Code   RO         2305    x$fpl$dsub          fz_wm.l(daddsub_clz.o)
    0x08003160   0x08003160   0x00000056   Code   RO         2315    x$fpl$f2d           fz_wm.l(f2d.o)
    0x080031b6   0x080031b6   0x0000008c   Code   RO         2364    x$fpl$fnaninf       fz_wm.l(fnaninf.o)
    0x08003242   0x08003242   0x0000000a   Code   RO         2492    x$fpl$fpinit        fz_wm.l(fpinit.o)
    0x0800324c   0x0800324c   0x0000000a   Code   RO         2366    x$fpl$fretinf       fz_wm.l(fretinf.o)
    0x08003256   0x08003256   0x00000000   Code   RO         2368    x$fpl$usenofp       fz_wm.l(usenofp.o)
    0x08003256   0x08003256   0x00000018   Data   RO         2259    .constdata          system_stm32f4xx.o
    0x0800326e   0x0800326e   0x00000002   PAD
    0x08003270   0x08003270   0x00000020   Data   RO         2548    Region$$Table       anon$$obj.o


    Execution Region RW_IRAM1 (Exec base: 0x20000000, Load base: 0x08003290, Size: 0x000006e8, Max: 0x00020000, ABSOLUTE)

    Exec Addr    Load Addr    Size         Type   Attr      Idx    E Section Name        Object

    0x20000000   0x08003290   0x00000010   Data   RW          437    .data               zitai-jiesuan.o
    0x20000010   0x080032a0   0x00000009   Data   RW         1979    .data               stm32f4xx_hal.o
    0x20000019   0x080032a9   0x00000003   PAD
    0x2000001c   0x080032ac   0x00000004   Data   RW         2260    .data               system_stm32f4xx.o
    0x20000020        -       0x00000058   Zero   RW          282    .bss                spi.o
    0x20000078        -       0x0000000c   Zero   RW          436    .bss                zitai-jiesuan.o
    0x20000084        -       0x00000060   Zero   RW         2408    .bss                c_w.l(libspace.o)
    0x200000e4   0x080032b0   0x00000004   PAD
    0x200000e8        -       0x00000200   Zero   RW            2    HEAP                startup_stm32f407xx.o
    0x200002e8        -       0x00000400   Zero   RW            1    STACK               startup_stm32f407xx.o


==============================================================================

Image component sizes


      Code (inc. data)   RO Data    RW Data    ZI Data      Debug   Object Name

      1188         94          0          0          0     662747   bmi088.o
       204         12          0          0          0       1063   gpio.o
       226         10          0          0          0       2847   main.o
       260         26          0          0         88       1857   spi.o
        64         26        392          0       1536        868   startup_stm32f407xx.o
       212         36          0          9          0       9617   stm32f4xx_hal.o
       272         22          0          0          0      33898   stm32f4xx_hal_cortex.o
       508         44          0          0          0       2212   stm32f4xx_hal_gpio.o
        68          4          0          0          0        926   stm32f4xx_hal_msp.o
      1744         60          0          0          0       4012   stm32f4xx_hal_rcc.o
      2028         14          0          0          0       8773   stm32f4xx_hal_spi.o
        34          0          0          0          0       4430   stm32f4xx_it.o
        20          6         24          4          0       1227   system_stm32f4xx.o
      1592         40          0         16         12       5351   zitai-jiesuan.o

    ----------------------------------------------------------------------
      8422        394        450         32       1636     739828   Object Totals
         0          0         32          0          0          0   (incl. Generated)
         2          0          2          3          0          0   (incl. Padding)

    ----------------------------------------------------------------------

      Code (inc. data)   RO Data    RW Data    ZI Data      Debug   Library Member Name

         8          0          0          0          0         68   __main.o
         0          0          0          0          0          0   __rtentry.o
        12          0          0          0          0          0   __rtentry2.o
         6          0          0          0          0          0   __rtentry4.o
        52          8          0          0          0          0   __scatter.o
        26          0          0          0          0          0   __scatter_copy.o
        28          0          0          0          0          0   __scatter_zi.o
        22          0          0          0          0        100   _rserrno.o
        18          0          0          0          0         80   exit.o
         6          0          0          0          0        152   heapauxi.o
         0          0          0          0          0          0   indicate_semi.o
         2          0          0          0          0          0   libinit.o
         6          0          0          0          0          0   libinit2.o
         2          0          0          0          0          0   libshutdown.o
         2          0          0          0          0          0   libshutdown2.o
         8          4          0          0         96         68   libspace.o
       238          0          0          0          0        100   lludivv7m.o
         8          4          0          0          0         68   rt_errno_addr_intlibspace.o
        78          0          0          0          0         80   rt_memclr_w.o
         2          0          0          0          0          0   rtexit.o
        10          0          0          0          0          0   rtexit2.o
        12          4          0          0          0         68   sys_exit.o
        74          0          0          0          0         80   sys_stackheap_outer.o
         2          0          0          0          0         68   use_no_semi.o
        98          4          0          0          0        140   d2f.o
       804         16          0          0          0        368   daddsub_clz.o
       688        140          0          0          0        256   ddiv.o
       340         12          0          0          0        152   dmul.o
       156          4          0          0          0        140   dnaninf.o
        12          0          0          0          0        116   dretinf.o
        86          4          0          0          0        132   f2d.o
       140          4          0          0          0        132   fnaninf.o
        10          0          0          0          0        116   fpinit.o
        10          0          0          0          0        116   fretinf.o
         0          0          0          0          0          0   usenofp.o
       300         42          0          0          0        176   asinf.o
       592         90          0          0          0        184   atan2f.o
        38          0          0          0          0        116   fpclassifyf.o
        44         12          0          0          0        464   funder.o
       120          0          0          0          0        272   sqrtf.o

    ----------------------------------------------------------------------
      4072        348          0          0        100       3812   Library Totals
        12          0          0          0          4          0   (incl. Padding)

    ----------------------------------------------------------------------

      Code (inc. data)   RO Data    RW Data    ZI Data      Debug   Library Name

       622         20          0          0         96        932   c_w.l
      2344        184          0          0          0       1668   fz_wm.l
      1094        144          0          0          0       1212   m_wm.l

    ----------------------------------------------------------------------
      4072        348          0          0        100       3812   Library Totals

    ----------------------------------------------------------------------

==============================================================================


      Code (inc. data)   RO Data    RW Data    ZI Data      Debug   

     12494        742        450         32       1736     736476   Grand Totals
     12494        742        450         32       1736     736476   ELF Image Totals
     12494        742        450         32          0          0   ROM Totals

==============================================================================

    Total RO  Size (Code + RO Data)                12944 (  12.64kB)
    Total RW  Size (RW Data + ZI Data)              1768 (   1.73kB)
    Total ROM Size (Code + RO Data + RW Data)      12976 (  12.67kB)

==============================================================================

