<html>
<body>
<pre>
<h1>µVision Build Log</h1>
<h2>Tool Versions:</h2>
IDE-Version: ¦ÌVision V5.24.2.0
Copyright (C) 2017 ARM Ltd and ARM Germany GmbH. All rights reserved.
License Information: hong stephennnnnn, stephen, LIC=LSNXV-PZQY3-AR4XW-QYFQ8-RZ7P2-2NWLK
 
Tool Versions:
Toolchain:       MDK-ARM Plus  Version: 5.24.1
Toolchain Path:  D:\keil5\ARM\ARMCC\Bin
C Compiler:      Armcc.exe V5.06 update 5 (build 528)
Assembler:       Armasm.exe V5.06 update 5 (build 528)
Linker/Locator:  ArmLink.exe V5.06 update 5 (build 528)
Library Manager: ArmAr.exe V5.06 update 5 (build 528)
Hex Converter:   FromElf.exe V5.06 update 5 (build 528)
CPU DLL:         SARMCM3.DLL V5.24.1
Dialog DLL:      DCM.DLL V1.16.0.0
Target DLL:      STLink\ST-LINKIII-KEIL_SWO.dll V3.0.1.0
Dialog DLL:      TCM.DLL V1.32.0.0
 
<h2>Project:</h2>
C:\Users\stephennnnnn\Desktop\cubemx\BMI088_test\BMI088_test\MDK-ARM\BMI088_test.uvprojx
Project File Date:  10/06/2024

<h2>Output:</h2>
*** Using Compiler 'V5.06 update 5 (build 528)', folder: 'D:\keil5\ARM\ARMCC\Bin'
Rebuild target 'BMI088_test'
assembling startup_stm32f407xx.s...
compiling spi.c...
compiling bmi088.c...
compiling stm32f4xx_it.c...
compiling stm32f4xx_hal_msp.c...
compiling gpio.c...
compiling stm32f4xx_hal_flash_ex.c...
compiling stm32f4xx_hal_flash_ramfunc.c...
compiling main.c...
compiling ZiTai-jiesuan.c...
..\Core\Src\ZiTai-jiesuan.c(43): warning:  #1035-D: single-precision operand implicitly converted to double-precision
      integralFB[0] += ex * 
T;  
..\Core\Src\ZiTai-jiesuan.c(44): warning:  #1035-D: single-precision operand implicitly converted to double-precision
      integralFB[1] += ey * 
T;  
..\Core\Src\ZiTai-jiesuan.c(45): warning:  #1035-D: single-precision operand implicitly converted to double-precision
      integralFB[2] += ez * 
T;  
..\Core\Src\ZiTai-jiesuan.c(53): warning:  #1035-D: single-precision operand implicitly converted to double-precision
      q0 += (-q1 * gyro->roll - q2 * gyro->pitch - q3 * gyro->yaw) * 
T;  
..\Core\Src\ZiTai-jiesuan.c(54): warning:  #1035-D: single-precision operand implicitly converted to double-precision
      q1 += (q0 * gyro->roll + q2 * gyro->yaw - q3 * gyro->pitch) * 
T;
..\Core\Src\ZiTai-jiesuan.c(55): warning:  #1035-D: single-precision operand implicitly converted to double-precision
      q2 += (q0 * gyro->pitch - q1 * gyro->yaw + q3 * gyro->roll) * 
T;
..\Core\Src\ZiTai-jiesuan.c(56): warning:  #1035-D: single-precision operand implicitly converted to double-precision
      q3 += (q0 * gyro->yaw + q1 * gyro->pitch - q2 * gyro->roll) * 
T;
..\Core\Src\ZiTai-jiesuan.c(68): warning:  #1035-D: single-precision operand implicitly converted to double-precision
      *roll = atan2(2.0f * (q[0] * q[1] + q[2] * q[3]),
..\Core\Src\ZiTai-jiesuan.c(70): warning:  #1035-D: single-precision operand implicitly converted to double-precision
      *pitch = -asin(2.0f * (q[1] * q[3] - q[0] * q[2])) * 180.0 / M_PI;
..\Core\Src\ZiTai-jiesuan.c(71): warning:  #1035-D: single-precision operand implicitly converted to double-precision
      *yaw = atan2(2.0f * (q[1] * q[2] + q[0] * q[3]),
..\Core\Src\ZiTai-jiesuan.c: 10 warnings, 0 errors
compiling stm32f4xx_hal_rcc.c...
compiling stm32f4xx_hal_flash.c...
compiling stm32f4xx_hal_rcc_ex.c...
compiling stm32f4xx_hal_spi.c...
compiling stm32f4xx_hal_dma.c...
compiling stm32f4xx_hal_pwr_ex.c...
compiling stm32f4xx_hal_tim_ex.c...
compiling stm32f4xx_hal_pwr.c...
compiling stm32f4xx_hal_tim.c...
compiling stm32f4xx_hal_exti.c...
compiling stm32f4xx_hal_gpio.c...
compiling stm32f4xx_hal_cortex.c...
compiling system_stm32f4xx.c...
compiling stm32f4xx_hal.c...
compiling stm32f4xx_hal_dma_ex.c...
linking...
Program Size: Code=12494 RO-data=450 RW-data=32 ZI-data=1736  
FromELF: creating hex file...
"BMI088_test\BMI088_test.axf" - 0 Error(s), 10 Warning(s).

<h2>Software Packages used:</h2>

Package Vendor: ARM
                http://www.keil.com/pack/ARM.CMSIS.5.0.1.pack
                ARM.CMSIS.5.0.1
                CMSIS (Cortex Microcontroller Software Interface Standard)
   * Component: CORE Version: 5.0.1

Package Vendor: Keil
                https://www.keil.com/pack/Keil.STM32F4xx_DFP.2.17.1.pack
                Keil.STM32F4xx_DFP.2.17.1
                STMicroelectronics STM32F4 Series Device Support, Drivers and Examples

<h2>Collection of Component include folders:</h2>
  .\RTE\_BMI088_test
  D:\keil5\ARM\PACK\ARM\CMSIS\5.0.1\CMSIS\Include
  D:\keil5\ARM\PACK\Keil\STM32F4xx_DFP\2.17.1\Drivers\CMSIS\Device\ST\STM32F4xx\Include

<h2>Collection of Component Files used:</h2>

   * Component: ARM::CMSIS:CORE:5.0.1
Build Time Elapsed:  00:00:07
</pre>
</body>
</html>
